Component: ARM Compiler 5.05 update 1 (build 106) Tool: armlink [4d0efa]

==============================================================================

Section Cross References

    startup_keil.o(STACK) refers (Special) to heapauxi.o(.text) for __use_two_region_memory
    startup_keil.o(HEAP) refers (Special) to heapauxi.o(.text) for __use_two_region_memory
    startup_keil.o(RESET) refers (Special) to heapauxi.o(.text) for __use_two_region_memory
    startup_keil.o(RESET) refers to startup_keil.o(STACK) for StackMem
    startup_keil.o(RESET) refers to am_util_faultisr.o(.emb_text) for am_fault_isr
    startup_keil.o(RESET) refers to am_hal_systick.o(i.am_systick_isr) for am_systick_isr
    startup_keil.o(RESET) refers to rtc.o(i.am_clkgen_isr) for am_clkgen_isr
    startup_keil.o(RESET) refers to adc.o(i.am_adc_isr) for am_adc_isr
    startup_keil.o(RESET) refers to gpio.o(i.am_gpio_isr) for am_gpio_isr
    startup_keil.o(RESET) refers to hal_timers.o(i.am_ctimer_isr) for am_ctimer_isr
    startup_keil.o(RESET) refers to uart.o(i.am_uart_isr) for am_uart_isr
    startup_keil.o(RESET) refers to __main.o(!!!main) for __main
    startup_keil.o(.text) refers (Special) to heapauxi.o(.text) for __use_two_region_memory
    startup_keil.o(.text) refers to startup_keil.o(HEAP) for HeapMem
    startup_keil.o(.text) refers to startup_keil.o(STACK) for StackMem
    osal_sample.o(i.osalInitTasks) refers to osal_memory.o(i.osal_mem_alloc) for osal_mem_alloc
    osal_sample.o(i.osalInitTasks) refers to osal.o(i.osal_memset) for osal_memset
    osal_sample.o(i.osalInitTasks) refers to cot_mac.o(i._Z14phy_layer_inith) for phy_layer_init(unsigned char)
    osal_sample.o(i.osalInitTasks) refers to sample_ping_pong_app.o(i.sample_app_init) for sample_app_init
    osal_sample.o(i.osalInitTasks) refers to cot_mt_task.o(i.mt_task_init) for mt_task_init
    osal_sample.o(i.osalInitTasks) refers to osal_sample.o(.data) for tasksEvents
    osal_sample.o(.ARM.exidx) refers to osal_sample.o(i.osalInitTasks) for i.osalInitTasks
    osal_sample.o(.constdata) refers to cot_mac.o(i._Z26cot_mac_layer_processeventht) for cot_mac_layer_processevent(unsigned char, unsigned short)
    osal_sample.o(.constdata) refers to sample_ping_pong_app.o(i.sample_app_processevent) for sample_app_processevent
    osal_sample.o(.constdata) refers to cot_mt_task.o(i.cot_mt_process_event) for cot_mt_process_event
    sample_main.o(i.main) refers to am_hal_clkgen.o(i.am_hal_clkgen_sysclk_select) for am_hal_clkgen_sysclk_select
    sample_main.o(i.main) refers to am_bsp.o(i.am_bsp_low_power_init) for am_bsp_low_power_init
    sample_main.o(i.main) refers to spi.o(i.spi_init_module) for spi_init_module
    sample_main.o(i.main) refers to gpio.o(i.gpio_init_module) for gpio_init_module
    sample_main.o(i.main) refers to flash.o(i.FLASH_InitModule) for FLASH_InitModule
    sample_main.o(i.main) refers to uart.o(i.uart_init_module) for uart_init_module
    sample_main.o(i.main) refers to spi1.o(i.spi1_init_module) for spi1_init_module
    sample_main.o(i.main) refers to cot_mt_oled.o(i.cot_mt_oled_init) for cot_mt_oled_init
    sample_main.o(i.main) refers to rtc.o(i.rtc_init_module) for rtc_init_module
    sample_main.o(i.main) refers to log.o(i.log_init_module) for log_init_module
    sample_main.o(i.main) refers to am_hal_interrupt.o(.emb_text) for am_hal_interrupt_master_enable
    sample_main.o(i.main) refers to osal.o(i.osal_init_system) for osal_init_system
    sample_main.o(i.main) refers to osal_pwrmgr.o(i.osal_pwrmgr_device) for osal_pwrmgr_device
    sample_main.o(i.main) refers to osal.o(i.osal_start_system) for osal_start_system
    sample_main.o(.ARM.exidx) refers to sample_main.o(i.main) for i.main
    sample_ping_pong_app.o(i._Z32mac_layer_system_message_processP13cot_mac_msg_t) refers to rt_memclr_w.o(.text) for __aeabi_memclr4
    sample_ping_pong_app.o(i._Z32mac_layer_system_message_processP13cot_mac_msg_t) refers to rt_memcpy_v6.o(.text) for __aeabi_memcpy
    sample_ping_pong_app.o(i._Z32mac_layer_system_message_processP13cot_mac_msg_t) refers to log.o(i.log_printf) for log_printf
    sample_ping_pong_app.o(i._Z32mac_layer_system_message_processP13cot_mac_msg_t) refers to osal.o(i.osal_set_event) for osal_set_event
    sample_ping_pong_app.o(i._Z32mac_layer_system_message_processP13cot_mac_msg_t) refers to sample_ping_pong_app.o(.data) for s_sample_app_id
    sample_ping_pong_app.o(i.get_sample_task_id) refers to sample_ping_pong_app.o(.data) for s_sample_app_id
    sample_ping_pong_app.o(i.sample_app_init) refers to osal.o(i.osal_set_event) for osal_set_event
    sample_ping_pong_app.o(i.sample_app_init) refers to sample_ping_pong_app.o(.data) for s_sample_app_id
    sample_ping_pong_app.o(i.sample_app_processevent) refers to _printf_pad.o(.text) for _printf_pre_padding
    sample_ping_pong_app.o(i.sample_app_processevent) refers to _printf_percent.o(.ARM.Collect$$_printf_percent$$00000000) for _printf_percent
[...]
    g_bIomBusy                               0x10000434   Data           2  am_hal_iom.o(.data)
    am_hal_iom_queue_flush                   0x10000438   Data           4  am_hal_iom.o(.data)
    g_tick                                   0x1000043c   Data           4  am_hal_systick.o(.data)
    timer_tick                               0x10000440   Data           4  am_hal_systick.o(.data)
    g_system_tick                            0x10000444   Data           4  am_hal_systick.o(.data)
    g_sample_task_id                         0x10000448   Data           1  cot_mac.o(.data)
    PacketStatus                             0x10000449   Data           5  cot_mac.o(.data)
    s_mac_mutex                              0x10000450   Data           4  cot_mac.o(.data)
    s_phy_layer_task_id                      0x10000456   Data           1  cot_mac.o(.data)
    Callbacks                                0x10000458   Data          36  cot_mac.o(.data)
    t0                                       0x10000480   Data           8  cot_ranging.o(.data)
    t1                                       0x10000488   Data           8  cot_ranging.o(.data)
    t2                                       0x10000490   Data           8  cot_ranging.o(.data)
    t3                                       0x10000498   Data           8  cot_ranging.o(.data)
    t4                                       0x100004a0   Data           8  cot_ranging.o(.data)
    t5                                       0x100004a8   Data           8  cot_ranging.o(.data)
    t6                                       0x100004b0   Data           8  cot_ranging.o(.data)
    t7                                       0x100004b8   Data           8  cot_ranging.o(.data)
    g_RangingInternalState                   0x100004c0   Data           1  cot_ranging.o(.data)
    g_RngRun_states                          0x100004c1   Data           1  cot_ranging.o(.data)
    g_RngTimeroutFlag                        0x100004c2   Data           1  cot_ranging.o(.data)
    BufferSize                               0x100004c6   Data           1  cot_ranging.o(.data)
    SendNext                                 0x100004c7   Data           1  cot_ranging.o(.data)
    ANT_SW                                   0x100004c8   Data           1  cot_ranging.o(.data)
    RngResultIndex                           0x100004cc   Data           4  cot_ranging.o(.data)
    CntPacketTx                              0x100004d0   Data           1  cot_ranging.o(.data)
    CntPacketRxOK                            0x100004d1   Data           1  cot_ranging.o(.data)
    CntPacketRxKOSlave                       0x100004d2   Data           1  cot_ranging.o(.data)
    CntPacketRxKOMaster                      0x100004d4   Data           2  cot_ranging.o(.data)
    get_chain_power                          0x100004d8   Data           4  cot_mac_protocol_parse.o(.data)
    send_mac_paylod                          0x100004dc   Data           4  cot_mac_protocol_parse.o(.data)
    g_uart_rx_fifo                           0x10001af8   Data        1040  uart.o(.bss)
    g_uart_tx_fifo                           0x10001f08   Data        1040  uart.o(.bss)
    am_hal_gpio_ppfnHandlers                 0x10002324   Data         256  am_hal_gpio.o(.bss)
    g_psIOMBuffers                           0x10002424   Data          40  am_hal_iom.o(.bss)
    g_psIOMQueue                             0x1000244c   Data          48  am_hal_iom.o(.bss)
    g_sTxBuffer                              0x1000247c   Data          20  am_hal_uart.o(.bss)
    g_sRxBuffer                              0x10002490   Data          20  am_hal_uart.o(.bss)
    PacketParams                             0x100024a4   Data          24  cot_mac.o(.bss)
    ModulationParams                         0x100024bc   Data          81  cot_mac.o(.bss)
    Radio                                    0x10002710   Data          68  cot_mac.o(.bss)
    Buffer                                   0x10002758   Data         255  cot_ranging.o(.bss)
    RawRngResults                            0x10002858   Data         720  cot_ranging.o(.bss)
    RssiRng                                  0x10002b28   Data         720  cot_ranging.o(.bss)
    __libspace_start                         0x10002f64   Data          96  libspace.o(.bss)
    __temporary_stack_top$libspace           0x10002fc4   Data           0  libspace.o(.bss)



==============================================================================

Memory Map of the image

  Image Entry point : 0x00000099

  Load Region LR_1 (Base: 0x00000000, Size: 0x000156d4, Max: 0xffffffff, ABSOLUTE, COMPRESSED[0x00015430])

    Execution Region FLASH (Base: 0x00000000, Size: 0x000151f0, Max: 0x00080000, ABSOLUTE)

    Base Addr    Size         Type   Attr      Idx    E Section Name        Object

    0x00000000   0x00000098   Code   RO            3    RESET               startup_keil.o
    0x00000098   0x00000008   Code   RO         7193  * !!!main             c_w.l(__main.o)
    0x000000a0   0x00000034   Code   RO         7838    !!!scatter          c_w.l(__scatter.o)
    0x000000d4   0x0000005a   Code   RO         7836    !!dczerorl2         c_w.l(__dczerorl2.o)
    0x0000012e   0x00000002   PAD
    0x00000130   0x0000001c   Code   RO         7840    !!handler_zi        c_w.l(__scatter_zi.o)
    0x0000014c   0x00000000   Code   RO         7167    .ARM.Collect$$_printf_percent$$00000000  c_w.l(_printf_percent.o)
    0x0000014c   0x00000006   Code   RO         7166    .ARM.Collect$$_printf_percent$$00000003  c_w.l(_printf_f.o)
    0x00000152   0x00000006   Code   RO         7165    .ARM.Collect$$_printf_percent$$00000009  c_w.l(_printf_d.o)
    0x00000158   0x00000006   Code   RO         7164    .ARM.Collect$$_printf_percent$$0000000C  c_w.l(_printf_x.o)
    0x0000015e   0x00000004   Code   RO         7496    .ARM.Collect$$_printf_percent$$00000017  c_w.l(_printf_percent_end.o)
    0x00000162   0x00000002   Code   RO         7781    .ARM.Collect$$libinit$$00000000  c_w.l(libinit.o)
    0x00000164   0x00000004   Code   RO         7501    .ARM.Collect$$libinit$$00000001  c_w.l(libinit2.o)
    0x00000168   0x00000000   Code   RO         7504    .ARM.Collect$$libinit$$00000004  c_w.l(libinit2.o)
    0x00000168   0x00000008   Code   RO         7505    .ARM.Collect$$libinit$$00000005  c_w.l(libinit2.o)
    0x00000170   0x00000000   Code   RO         7507    .ARM.Collect$$libinit$$0000000A  c_w.l(libinit2.o)
    0x00000170   0x00000000   Code   RO         7509    .ARM.Collect$$libinit$$0000000C  c_w.l(libinit2.o)
    0x00000170   0x00000000   Code   RO         7511    .ARM.Collect$$libinit$$0000000E  c_w.l(libinit2.o)
    0x00000170   0x00000006   Code   RO         7512    .ARM.Collect$$libinit$$0000000F  c_w.l(libinit2.o)
    0x00000176   0x00000000   Code   RO         7514    .ARM.Collect$$libinit$$00000011  c_w.l(libinit2.o)
    0x00000176   0x00000000   Code   RO         7516    .ARM.Collect$$libinit$$00000013  c_w.l(libinit2.o)
    0x00000176   0x00000000   Code   RO         7518    .ARM.Collect$$libinit$$00000015  c_w.l(libinit2.o)
    0x00000176   0x0000000a   Code   RO         7519    .ARM.Collect$$libinit$$00000016  c_w.l(libinit2.o)
    0x00000180   0x00000000   Code   RO         7520    .ARM.Collect$$libinit$$00000017  c_w.l(libinit2.o)
    0x00000180   0x00000000   Code   RO         7522    .ARM.Collect$$libinit$$00000019  c_w.l(libinit2.o)
    0x00000180   0x00000000   Code   RO         7524    .ARM.Collect$$libinit$$0000001B  c_w.l(libinit2.o)
    0x00000180   0x00000000   Code   RO         7526    .ARM.Collect$$libinit$$0000001D  c_w.l(libinit2.o)
    0x00000180   0x00000000   Code   RO         7528    .ARM.Collect$$libinit$$0000001F  c_w.l(libinit2.o)
    0x00000180   0x00000000   Code   RO         7530    .ARM.Collect$$libinit$$00000021  c_w.l(libinit2.o)
    0x00000180   0x00000000   Code   RO         7532    .ARM.Collect$$libinit$$00000023  c_w.l(libinit2.o)
    0x00000180   0x00000000   Code   RO         7534    .ARM.Collect$$libinit$$00000025  c_w.l(libinit2.o)
    0x00000180   0x00000000   Code   RO         7538    .ARM.Collect$$libinit$$0000002C  c_w.l(libinit2.o)
    0x00000180   0x00000000   Code   RO         7540    .ARM.Collect$$libinit$$0000002E  c_w.l(libinit2.o)
    0x00000180   0x00000000   Code   RO         7542    .ARM.Collect$$libinit$$00000030  c_w.l(libinit2.o)
    0x00000180   0x00000004   Code   RO         7543    .ARM.Collect$$libinit$$00000031  c_w.l(libinit2.o)
    0x00000184   0x00000000   Code   RO         7544    .ARM.Collect$$libinit$$00000032  c_w.l(libinit2.o)
    0x00000184   0x00000002   Code   RO         7545    .ARM.Collect$$libinit$$00000033  c_w.l(libinit2.o)
    0x00000186   0x00000002   Code   RO         7833    .ARM.Collect$$libshutdown$$00000000  c_w.l(libshutdown.o)
    0x00000188   0x00000006   Code   RO         7546    .ARM.Collect$$libshutdown$$00000001  c_w.l(libshutdown2.o)
    0x0000018e   0x00000000   Code   RO         7548    .ARM.Collect$$libshutdown$$00000003  c_w.l(libshutdown2.o)
    0x0000018e   0x00000000   Code   RO         7551    .ARM.Collect$$libshutdown$$00000006  c_w.l(libshutdown2.o)
    0x0000018e   0x00000000   Code   RO         7554    .ARM.Collect$$libshutdown$$00000009  c_w.l(libshutdown2.o)
    0x0000018e   0x00000000   Code   RO         7556    .ARM.Collect$$libshutdown$$0000000B  c_w.l(libshutdown2.o)
    0x0000018e   0x00000000   Code   RO         7559    .ARM.Collect$$libshutdown$$0000000E  c_w.l(libshutdown2.o)
    0x0000018e   0x00000002   Code   RO         7560    .ARM.Collect$$libshutdown$$0000000F  c_w.l(libshutdown2.o)
    0x00000190   0x00000000   Code   RO         7414    .ARM.Collect$$rtentry$$00000000  c_w.l(__rtentry.o)
    0x00000190   0x00000000   Code   RO         7620    .ARM.Collect$$rtentry$$00000002  c_w.l(__rtentry2.o)
    0x00000190   0x00000006   Code   RO         7632    .ARM.Collect$$rtentry$$00000004  c_w.l(__rtentry4.o)
    0x00000196   0x00000000   Code   RO         7622    .ARM.Collect$$rtentry$$00000009  c_w.l(__rtentry2.o)
    0x00000196   0x00000004   Code   RO         7623    .ARM.Collect$$rtentry$$0000000A  c_w.l(__rtentry2.o)
    0x0000019a   0x00000000   Code   RO         7625    .ARM.Collect$$rtentry$$0000000C  c_w.l(__rtentry2.o)
    0x0000019a   0x00000008   Code   RO         7626    .ARM.Collect$$rtentry$$0000000D  c_w.l(__rtentry2.o)
    0x000001a2   0x00000002   Code   RO         7792    .ARM.Collect$$rtexit$$00000000  c_w.l(rtexit.o)
    0x000001a4   0x00000000   Code   RO         7809    .ARM.Collect$$rtexit$$00000002  c_w.l(rtexit2.o)
    0x000001a4   0x00000004   Code   RO         7810    .ARM.Collect$$rtexit$$00000003  c_w.l(rtexit2.o)
    0x000001a8   0x00000006   Code   RO         7811    .ARM.Collect$$rtexit$$00000004  c_w.l(rtexit2.o)
    0x000001ae   0x00000002   PAD
    0x000001b0   0x00000014   Code   RO         1960    .emb_text           am_util_faultisr.o
    0x000001c4   0x00000006   Code   RO         3794    .emb_text           am_hal_flash.o
    0x000001ca   0x00000002   PAD
    0x000001cc   0x00000016   Code   RO         4010    .emb_text           am_hal_interrupt.o
    0x000001e2   0x00000002   PAD
    0x000001e4   0x00000076   Code   RO         6865    .emb_text           algorithm lib.lib(bignum.o)
    0x0000025a   0x00000002   PAD
    0x0000025c   0x00000000   Code   RO         7747    .emb_text           c_w.l(maybetermalloc1.o)
    0x0000025c   0x0000001c   Code   RO            4    .text               startup_keil.o
    0x00000278   0x00000026   Code   RO         7111    .text               c_w.l(llshl.o)
    0x0000029e   0x00000002   PAD
    0x000002a0   0x00000028   Code   RO         7115    .text               c_w.l(noretval__2sprintf.o)
    0x000002c8   0x0000004e   Code   RO         7119    .text               c_w.l(_printf_pad.o)
    0x00000316   0x00000002   PAD
    0x00000318   0x00000078   Code   RO         7121    .text               c_w.l(_printf_dec.o)
    0x00000390   0x00000058   Code   RO         7126    .text               c_w.l(_printf_hex_int.o)
    0x000003e8   0x0000010e   Code   RO         7152    .text               c_w.l(__printf_wp.o)
    0x000004f6   0x00000058   Code   RO         7171    .text               c_w.l(memcmp.o)
    0x0000054e   0x00000096   Code   RO         7175    .text               c_w.l(strncmp.o)
    0x000005e4   0x0000008a   Code   RO         7177    .text               c_w.l(rt_memcpy_v6.o)
    0x0000066e   0x00000064   Code   RO         7179    .text               c_w.l(rt_memcpy_w.o)
    0x000006d2   0x00000016   Code   RO         7181    .text               c_w.l(memset.o)
    0x000006e8   0x00000010   Code   RO         7183    .text               c_w.l(aeabi_memset.o)
    0x000006f8   0x00000044   Code   RO         7185    .text               c_w.l(rt_memclr.o)
    0x0000073c   0x0000004e   Code   RO         7187    .text               c_w.l(rt_memclr_w.o)
    0x0000078a   0x00000002   PAD
    0x0000078c   0x00000080   Code   RO         7189    .text               c_w.l(strcmpv7m.o)
    0x0000080c   0x00000006   Code   RO         7191    .text               c_w.l(heapauxi.o)
    0x00000812   0x00000002   PAD
    0x00000814   0x00000024   Code   RO         7198    .text               c_w.l(init_aeabi.o)
    0x00000838   0x00000008   Code   RO         7422    .text               c_w.l(rt_ddtor_pointer_addr_intlibspace.o)
    0x00000840   0x0000005e   Code   RO         7428    .text               c_w.l(h1_alloc.o)
    0x0000089e   0x0000004e   Code   RO         7430    .text               c_w.l(h1_free.o)
    0x000008ec   0x00000016   Code   RO         7486    .text               c_w.l(_rserrno.o)
    0x00000902   0x000000b2   Code   RO         7488    .text               c_w.l(_printf_intcommon.o)
    0x000009b4   0x0000041a   Code   RO         7490    .text               c_w.l(_printf_fp_dec.o)
    0x00000dce   0x00000002   PAD
    0x00000dd0   0x00000030   Code   RO         7492    .text               c_w.l(_printf_char_common.o)
    0x00000e00   0x0000000a   Code   RO         7494    .text               c_w.l(_sputc.o)
    0x00000e0a   0x0000000e   Code   RO         7497    .text               c_w.l(defsig_pvfn_outer.o)
    0x00000e18   0x00000008   Code   RO         7614    .text               c_w.l(libspace.o)
    0x00000e20   0x00000008   Code   RO         7641    .text               c_w.l(rt_heap_descriptor_intlibspace.o)
    0x00000e28   0x00000008   Code   RO         7646    .text               c_w.l(rt_locale_intlibspace.o)
    0x00000e30   0x00000008   Code   RO         7651    .text               c_w.l(rt_errno_addr_intlibspace.o)
    0x00000e38   0x00000004   Code   RO         7653    .text               c_w.l(hguard.o)
    0x00000e3c   0x0000008a   Code   RO         7655    .text               c_w.l(init_alloc.o)
    0x00000ec6   0x0000000e   Code   RO         7659    .text               c_w.l(h1_init.o)
    0x00000ed4   0x0000008a   Code   RO         7673    .text               c_w.l(lludiv10.o)
    0x00000f5e   0x00000002   PAD
    0x00000f60   0x00000080   Code   RO         7675    .text               c_w.l(_printf_fp_infnan.o)
    0x00000fe0   0x000000dc   Code   RO         7679    .text               c_w.l(bigflt0.o)
    0x000010bc   0x0000000a   Code   RO         7707    .text               c_w.l(defsig_exit.o)
    0x000010c6   0x00000002   PAD
    0x000010c8   0x00000030   Code   RO         7709    .text               c_w.l(defsig_pvfn_inner.o)
    0x000010f8   0x0000000c   Code   RO         7736    .text               c_w.l(sys_exit.o)
    0x00001104   0x0000004a   Code   RO         7738    .text               c_w.l(sys_stackheap_outer.o)
    0x0000114e   0x00000034   Code   RO         7749    .text               c_w.l(h1_extend.o)
    0x00001182   0x0000000c   Code   RO         7753    .text               c_w.l(exit.o)
    0x0000118e   0x00000032   Code   RO         7759    .text               c_w.l(defsig_general.o)
    0x000011c0   0x0000000e   Code   RO         7765    .text               c_w.l(defsig_rtmem_outer.o)
    0x000011ce   0x0000000e   Code   RO         7787    .text               c_w.l(sys_wrch.o)
    0x000011dc   0x00000002   Code   RO         7789    .text               c_w.l(use_no_semi.o)
    0x000011de   0x00000000   Code   RO         7791    .text               c_w.l(indicate_semi.o)
    0x000011de   0x00000002   PAD
    0x000011e0   0x00000050   Code   RO         7802    .text               c_w.l(defsig_rtmem_inner.o)
    0x00001230   0x0000003e   Code   RO         7682    CL$$btod_d2e        c_w.l(btod.o)
    0x0000126e   0x00000046   Code   RO         7684    CL$$btod_d2e_denorm_low  c_w.l(btod.o)
    0x000012b4   0x00000060   Code   RO         7683    CL$$btod_d2e_norm_op1  c_w.l(btod.o)
    0x00001314   0x00000338   Code   RO         7692    CL$$btod_div_common  c_w.l(btod.o)
    0x0000164c   0x000000c6   Code   RO         7689    CL$$btod_e2e        c_w.l(btod.o)
    0x00001712   0x00000028   Code   RO         7686    CL$$btod_ediv       c_w.l(btod.o)
    0x0000173a   0x00000028   Code   RO         7685    CL$$btod_emul       c_w.l(btod.o)
    0x00001762   0x00000244   Code   RO         7691    CL$$btod_mult_common  c_w.l(btod.o)
    0x000019a6   0x00000002   PAD
    0x000019a8   0x00000060   Code   RO         3141    i.ADC_Ioctl         adc.o
    0x00001a08   0x00000040   Code   RO         3142    i.ADC_Lseek         adc.o
    0x00001a48   0x00000030   Code   RO         3143    i.ADC_Open          adc.o
    0x00001a78   0x00000080   Code   RO         3144    i.ADC_Read          adc.o
    0x00001af8   0x00000030   Code   RO         3145    i.ADC_Release       adc.o
    0x00001b28   0x00000070   Code   RO         5971    i.EA_ucRSAPublicBlock  algorithm lib.lib(rsa.o)
    0x00001b98   0x00000010   Code   RO         2635    i.FLASH_InitModule  flash.o
    0x00001ba8   0x00000022   Code   RO         2636    i.FLASH_Lseek       flash.o
    0x00001bca   0x00000002   PAD
    0x00001bcc   0x00000030   Code   RO         2637    i.FLASH_Open        flash.o
    0x00001bfc   0x0000005c   Code   RO         2638    i.FLASH_Read        flash.o
    0x00001c58   0x00000038   Code   RO         2639    i.FLASH_Release     flash.o
    0x00001c90   0x000000dc   Code   RO         2640    i.FLASH_Write       flash.o
    0x00001d6c   0x0000001e   Code   RO          833    i.I2C_WriteByte     cot_mt_oled.o
    0x00001d8a   0x00000002   PAD
    0x00001d8c   0x00000050   Code   RO         3252    i.IIC0_Ioctl        iic.o
    0x00001ddc   0x00000030   Code   RO         3253    i.IIC0_Open         iic.o
    0x00001e0c   0x00000034   Code   RO         3254    i.IIC0_Read         iic.o
    0x00001e40   0x00000030   Code   RO         3255    i.IIC0_Release      iic.o
    0x00001e70   0x00000060   Code   RO         3256    i.IIC0_Write        iic.o
    0x00001ed0   0x0000003c   Code   RO         3257    i.IIC_Start         iic.o
    0x00001f0c   0x00000040   Code   RO         3258    i.IIC_Stop          iic.o
    0x00001f4c   0x00000078   Code   RO         3259    i.IIC_Write_Byte    iic.o
    0x00001fc4   0x00000044   Code   RO         2746    i.KEY1_GPIO_IRQ_Register  gpio.o
    0x00002008   0x000000d4   Code   RO         2747    i.KEY1_GPIO_Ioctl   gpio.o
    0x000020dc   0x00000010   Code   RO         2748    i.KEY1_GPIO_Lseek   gpio.o
    0x000020ec   0x00000030   Code   RO         2749    i.KEY1_GPIO_Open    gpio.o
    0x0000211c   0x00000054   Code   RO         2750    i.KEY1_GPIO_Read    gpio.o
    0x00002170   0x00000030   Code   RO         2751    i.KEY1_GPIO_Release  gpio.o
    0x000021a0   0x00000044   Code   RO         2752    i.KEY2_GPIO_IRQ_Register  gpio.o
    0x000021e4   0x000000d8   Code   RO         2753    i.KEY2_GPIO_Ioctl   gpio.o
    0x000022bc   0x00000010   Code   RO         2754    i.KEY2_GPIO_Lseek   gpio.o
    0x000022cc   0x00000030   Code   RO         2755    i.KEY2_GPIO_Open    gpio.o
    0x000022fc   0x00000054   Code   RO         2756    i.KEY2_GPIO_Read    gpio.o
    0x00002350   0x00000030   Code   RO         2757    i.KEY2_GPIO_Release  gpio.o
    0x00002380   0x00000044   Code   RO         2758    i.KEY3_GPIO_IRQ_Register  gpio.o
    0x000023c4   0x000000d0   Code   RO         2759    i.KEY3_GPIO_Ioctl   gpio.o
    0x00002494   0x00000010   Code   RO         2760    i.KEY3_GPIO_Lseek   gpio.o
    0x000024a4   0x00000030   Code   RO         2761    i.KEY3_GPIO_Open    gpio.o
    0x000024d4   0x00000054   Code   RO         2762    i.KEY3_GPIO_Read    gpio.o
    0x00002528   0x00000030   Code   RO         2763    i.KEY3_GPIO_Release  gpio.o
    0x00002558   0x00000040   Code   RO         2764    i.KEY4_GPIO_IRQ_Register  gpio.o
    0x00002598   0x000000d4   Code   RO         2765    i.KEY4_GPIO_Ioctl   gpio.o
    0x0000266c   0x00000010   Code   RO         2766    i.KEY4_GPIO_Lseek   gpio.o
    0x0000267c   0x00000030   Code   RO         2767    i.KEY4_GPIO_Open    gpio.o
    0x000026ac   0x00000054   Code   RO         2768    i.KEY4_GPIO_Read    gpio.o
    0x00002700   0x00000030   Code   RO         2769    i.KEY4_GPIO_Release  gpio.o
    0x00002730   0x00000044   Code   RO         2770    i.KEY5_GPIO_IRQ_Register  gpio.o
    0x00002774   0x000000d4   Code   RO         2771    i.KEY5_GPIO_Ioctl   gpio.o
    0x00002848   0x00000010   Code   RO         2772    i.KEY5_GPIO_Lseek   gpio.o
    0x00002858   0x00000030   Code   RO         2773    i.KEY5_GPIO_Open    gpio.o
    0x00002888   0x00000054   Code   RO         2774    i.KEY5_GPIO_Read    gpio.o
    0x000028dc   0x00000030   Code   RO         2775    i.KEY5_GPIO_Release  gpio.o
    0x0000290c   0x0000009c   Code   RO         2776    i.LED1_GPIO_Ioctl   gpio.o
    0x000029a8   0x00000030   Code   RO         2777    i.LED1_GPIO_Open    gpio.o
    0x000029d8   0x00000030   Code   RO         2778    i.LED1_GPIO_Release  gpio.o
    0x00002a08   0x00000050   Code   RO         2779    i.LED1_GPIO_Write   gpio.o
    0x00002a58   0x0000009c   Code   RO         2780    i.LED2_GPIO_Ioctl   gpio.o
    0x00002af4   0x00000030   Code   RO         2781    i.LED2_GPIO_Open    gpio.o
    0x00002b24   0x00000030   Code   RO         2782    i.LED2_GPIO_Release  gpio.o
    0x00002b54   0x00000050   Code   RO         2783    i.LED2_GPIO_Write   gpio.o
    0x00002ba4   0x0000009c   Code   RO         2784    i.LED3_GPIO_Ioctl   gpio.o
    0x00002c40   0x00000030   Code   RO         2785    i.LED3_GPIO_Open    gpio.o
    0x00002c70   0x00000030   Code   RO         2786    i.LED3_GPIO_Release  gpio.o
    0x00002ca0   0x00000050   Code   RO         2787    i.LED3_GPIO_Write   gpio.o
    0x00002cf0   0x0000000a   Code   RO          834    i.OLED_CLS          cot_mt_oled.o
    0x00002cfa   0x00000002   PAD
    0x00002cfc   0x000000a8   Code   RO          835    i.OLED_DrawBMP      cot_mt_oled.o
    0x00002da4   0x00000074   Code   RO          836    i.OLED_Fill         cot_mt_oled.o
    0x00002e18   0x00000030   Code   RO          837    i.OLED_SetPos       cot_mt_oled.o
    0x00002e48   0x00000008   Code   RO          839    i.OLED_ShowShiny    cot_mt_oled.o
    0x00002e50   0x00000114   Code   RO          841    i.OLED_ShowStr8x16  cot_mt_oled.o
    0x00002f64   0x00000118   Code   RO          842    i.OLED_register_init  cot_mt_oled.o
    0x0000307c   0x00000050   Code   RO         3061    i.RTC0_Ioctl        rtc.o
    0x000030cc   0x00000028   Code   RO         3062    i.RTC0_Lseek        rtc.o
    0x000030f4   0x00000030   Code   RO         3063    i.RTC0_Open         rtc.o
    0x00003124   0x0000003c   Code   RO         3064    i.RTC0_Read         rtc.o
    0x00003160   0x00000030   Code   RO         3065    i.RTC0_Release      rtc.o
    0x00003190   0x0000003c   Code   RO         3066    i.RTC0_Write        rtc.o
    0x000031cc   0x0000007c   Code   RO         6018    i.SHA256Final       algorithm lib.lib(sha256.o)
    0x00003248   0x00000248   Code   RO         6019    i.SHA256Guts        algorithm lib.lib(sha256.o)
    0x00003490   0x0000004c   Code   RO         6020    i.SHA256Init        algorithm lib.lib(sha256.o)
    0x000034dc   0x00000062   Code   RO         6021    i.SHA256Update      algorithm lib.lib(sha256.o)
    0x0000353e   0x00000002   PAD
    0x00003540   0x00000078   Code   RO         3329    i.SPI1_Ioctl        spi1.o
    0x000035b8   0x00000030   Code   RO         3330    i.SPI1_Lseek        spi1.o
    0x000035e8   0x00000030   Code   RO         3331    i.SPI1_Open         spi1.o
    0x00003618   0x000000e0   Code   RO         3332    i.SPI1_Read         spi1.o
    0x000036f8   0x00000030   Code   RO         3333    i.SPI1_Release      spi1.o
    0x00003728   0x000000dc   Code   RO         3334    i.SPI1_Write        spi1.o
    0x00003804   0x00000068   Code   RO         2682    i.SPI_Ioctl         spi.o
    0x0000386c   0x0000003c   Code   RO         2683    i.SPI_Lseek         spi.o
    0x000038a8   0x00000030   Code   RO         2684    i.SPI_Open          spi.o
    0x000038d8   0x00000108   Code   RO         2685    i.SPI_Read          spi.o
    0x000039e0   0x00000030   Code   RO         2686    i.SPI_Release       spi.o
    0x00003a10   0x00000104   Code   RO         2687    i.SPI_Write         spi.o
    0x00003b14   0x00000044   Code   RO         2788    i.SX1280_GPIO_IRQ_Register  gpio.o
    0x00003b58   0x00000114   Code   RO         2789    i.SX1280_GPIO_Ioctl  gpio.o
    0x00003c6c   0x0000001c   Code   RO         2790    i.SX1280_GPIO_Lseek  gpio.o
    0x00003c88   0x00000030   Code   RO         2791    i.SX1280_GPIO_Open  gpio.o
    0x00003cb8   0x00000080   Code   RO         2792    i.SX1280_GPIO_Read  gpio.o
    0x00003d38   0x00000030   Code   RO         2793    i.SX1280_GPIO_Release  gpio.o
    0x00003d68   0x00000064   Code   RO         2794    i.SX1280_GPIO_Write  gpio.o
    0x00003dcc   0x000000b0   Code   RO         2499    i.USART_Ioctl       uart.o
    0x00003e7c   0x00000030   Code   RO         2500    i.USART_Open        uart.o
    0x00003eac   0x00000058   Code   RO         2501    i.USART_Read        uart.o
    0x00003f04   0x00000030   Code   RO         2502    i.USART_Release     uart.o
    0x00003f34   0x0000005c   Code   RO         2503    i.USART_Write       uart.o
    0x00003f90   0x00000012   Code   RO          843    i.WriteCmd          cot_mt_oled.o
    0x00003fa2   0x00000012   Code   RO          844    i.WriteDat          cot_mt_oled.o
    0x00003fb4   0x00000008   Code   RO         1165    i._Z10get_dev_idv   rfparamconfig.o
    0x00003fbc   0x00000068   Code   RO         5385    i._Z10set_ack_rxv   COT-M_SDK_RF_LIB.lib(cot_mac.o)
    0x00004024   0x0000002c   Code   RO         5386    i._Z11OnRxTimeoutv  COT-M_SDK_RF_LIB.lib(cot_mac.o)
    0x00004050   0x0000002c   Code   RO         5387    i._Z11OnTxTimeoutv  COT-M_SDK_RF_LIB.lib(cot_mac.o)
    0x0000407c   0x0000001a   Code   RO         5388    i._Z11ReadDataOtpPhjj  COT-M_SDK_RF_LIB.lib(cot_mac.o)
    0x00004096   0x00000002   PAD
    0x00004098   0x00000098   Code   RO         5389    i._Z11verify_signv  COT-M_SDK_RF_LIB.lib(cot_mac.o)
    0x00004130   0x000004e0   Code   RO         5788    i._Z13CheckDistanceP18ModulationParams_t  COT-M_SDK_RANGING_LIB.lib(cot_ranging.o)
    0x00004610   0x00000042   Code   RO         1168    i._Z13DataFlashInitP12ConfigData_t  rfparamconfig.o
    0x00004652   0x00000002   PAD
    0x00004654   0x00000078   Code   RO         5390    i._Z13OnRangingDone16IrqRangingCode_t  COT-M_SDK_RF_LIB.lib(cot_mac.o)
    0x000046cc   0x0000002c   Code   RO         5391    i._Z14phy_layer_inith  COT-M_SDK_RF_LIB.lib(cot_mac.o)
    0x000046f8   0x00000010   Code   RO         5392    i._Z14sx1280_dio_isrv  COT-M_SDK_RF_LIB.lib(cot_mac.o)
    0x00004708   0x00000748   Code   RO         5393    i._Z15get_time_on_airh18ModulationParams_t14PacketParams_t  COT-M_SDK_RF_LIB.lib(cot_mac.o)
    0x00004e50   0x000000cc   Code   RO         5394    i._Z15init_parametersP18PHYParamSettings_t  COT-M_SDK_RF_LIB.lib(cot_mac.o)
    0x00004f1c   0x0000001c   Code   RO         5395    i._Z15phy_get_payloadPhS_h  COT-M_SDK_RF_LIB.lib(cot_mac.o)
    0x00004f38   0x0000001e   Code   RO         1170    i._Z16LoRaMAC_BKDRHashPh  rfparamconfig.o
    0x00004f56   0x00000002   PAD
    0x00004f58   0x00000020   Code   RO         5396    i._Z16phy_send_payloadPhh10TickTime_s  COT-M_SDK_RF_LIB.lib(cot_mac.o)
    0x00004f78   0x00000010   Code   RO         5397    i._Z16phy_set_radio_rx10TickTime_s  COT-M_SDK_RF_LIB.lib(cot_mac.o)
    0x00004f88   0x00000010   Code   RO         5398    i._Z16phy_set_radio_tx10TickTime_s  COT-M_SDK_RF_LIB.lib(cot_mac.o)
    0x00004f98   0x000000cc   Code   RO         5399    i._Z16send_mac_ack_msgj  COT-M_SDK_RF_LIB.lib(cot_mac.o)
    0x00005064   0x000002d0   Code   RO         5400    i._Z18ParametersSettingsP18PHYParamSettings_t  COT-M_SDK_RF_LIB.lib(cot_mac.o)
    0x00005334   0x00000040   Code   RO         5401    i._Z18send_app_event_cmdh  COT-M_SDK_RF_LIB.lib(cot_mac.o)
    0x00005374   0x00000044   Code   RO         5402    i._Z18set_workparametersv  COT-M_SDK_RF_LIB.lib(cot_mac.o)
    0x000053b8   0x000001ee   Code   RO         1171    i._Z19sample_rf_param_get12ConfigData_tP18PHYParamSettings_t  rfparamconfig.o
    0x000055a6   0x00000002   PAD
    0x000055a8   0x0000000c   Code   RO         6749    i._Z19set_rssi_water_leves  COT-M_SDK_RF_LIB.lib(cot_mac_protocol_parse.o)
    0x000055b4   0x00000014   Code   RO         5403    i._Z20phy_set_rf_frequencyj  COT-M_SDK_RF_LIB.lib(cot_mac.o)
    0x000055c8   0x0000005c   Code   RO         1172    i._Z21DataFlashDataCheckSumPh  rfparamconfig.o
    0x00005624   0x00000212   Code   RO         1173    i._Z21DataFlashLoadSettingsPhP12ConfigData_t  rfparamconfig.o
    0x00005836   0x000002bc   Code   RO         1174    i._Z21DataFlashSaveSettingsPhP12ConfigData_tb21RF_RadioPacketTypes_t  rfparamconfig.o
    0x00005af2   0x00000002   PAD
    0x00005af4   0x00000028   Code   RO         1175    i._Z21LoRaMAC_IDHashProgramv  rfparamconfig.o
    0x00005b1c   0x0000000c   Code   RO         5404    i._Z21get_mac_layer_task_idv  COT-M_SDK_RF_LIB.lib(cot_mac.o)
    0x00005b28   0x00000014   Code   RO         5405    i._Z21phy_get_packet_statusP14PacketStatus_t  COT-M_SDK_RF_LIB.lib(cot_mac.o)
    0x00005b3c   0x0000001c   Code   RO         5406    i._Z21phy_set_dio_irq_paramtt  COT-M_SDK_RF_LIB.lib(cot_mac.o)
    0x00005b58   0x00000010   Code   RO         5407    i._Z21phy_set_radio_standbyv  COT-M_SDK_RF_LIB.lib(cot_mac.o)
    0x00005b68   0x00000018   Code   RO         1176    i._Z22DataFlashMcuReadBuffertPht  rfparamconfig.o
    0x00005b80   0x00000014   Code   RO         5408    i._Z22phy_get_ranging_result25RadioRangingResultTypes_t  COT-M_SDK_RF_LIB.lib(cot_mac.o)
    0x00005b94   0x00000058   Code   RO         1177    i._Z23DataFlashMcuWriteBuffertPht  rfparamconfig.o
    0x00005bec   0x00000058   Code   RO         5409    i._Z23cot_phy_SetPacketParamshP14PacketParams_t  COT-M_SDK_RF_LIB.lib(cot_mac.o)
    0x00005c44   0x00000038   Code   RO         5410    i._Z23get_radio_channel_powerv  COT-M_SDK_RF_LIB.lib(cot_mac.o)
    0x00005c7c   0x00000010   Code   RO         5411    i._Z23phy_get_frequency_errorv  COT-M_SDK_RF_LIB.lib(cot_mac.o)
    0x00005c8c   0x00000038   Code   RO         5412    i._Z24send_mac_paylod_to_radioPhjP14PacketParams_tt10TickTime_s  COT-M_SDK_RF_LIB.lib(cot_mac.o)
    0x00005cc4   0x00000010   Code   RO         5413    i._Z24set_ModulationParametersP18PHYParamSettings_t  COT-M_SDK_RF_LIB.lib(cot_mac.o)
    0x00005cd4   0x0000009c   Code   RO         5414    i._Z25send_mac_msg_to_app_layerP17cot_phy_payload_tt  COT-M_SDK_RF_LIB.lib(cot_mac.o)
    0x00005d70   0x00000180   Code   RO         6750    i._Z25send_pkg_by_backoffPeriodPhjP18ModulationParams_tP14PacketParams_tt10TickTime_s  COT-M_SDK_RF_LIB.lib(cot_mac_protocol_parse.o)
    0x00005ef0   0x00000494   Code   RO         5415    i._Z26cot_mac_layer_processeventht  COT-M_SDK_RF_LIB.lib(cot_mac.o)
    0x00006384   0x00000080   Code   RO         6751    i._Z26get_symbols_of_ack_in_lr2427RadioLoRaSpreadingFactors_t21RadioLoRaBandwidths_t  COT-M_SDK_RF_LIB.lib(cot_mac_protocol_parse.o)
    0x00006404   0x00000158   Code   RO         1178    i._Z27DataFlashSetDefaultSettingsPhP12ConfigData_t  rfparamconfig.o
    0x0000655c   0x00000170   Code   RO         1179    i._Z28DataFlashLoadGeneralSettingsPhP12ConfigData_t  rfparamconfig.o
    0x000066cc   0x0000008a   Code   RO         6753    i._Z30get_unit_backoff_period_in_fsk22RadioGfskBleBitrates_tPi  COT-M_SDK_RF_LIB.lib(cot_mac_protocol_parse.o)
    0x00006756   0x00000050   Code   RO         6754    i._Z31get_unit_backoff_period_in_flrc19RadioFlrcBitrates_tPi  COT-M_SDK_RF_LIB.lib(cot_mac_protocol_parse.o)
    0x000067a6   0x0000008a   Code   RO         6755    i._Z31get_unit_backoff_period_in_lr2427RadioLoRaSpreadingFactors_t21RadioLoRaBandwidths_tPiS1_  COT-M_SDK_RF_LIB.lib(cot_mac_protocol_parse.o)
    0x00006830   0x00000270   Code   RO         5416    i._Z32cot_mac_layer_system_msg_processP13cot_mac_msg_t  COT-M_SDK_RF_LIB.lib(cot_mac.o)
    0x00006aa0   0x000000d4   Code   RO          386    i._Z32mac_layer_system_message_processP13cot_mac_msg_t  sample_ping_pong_app.o
    0x00006b74   0x0000005e   Code   RO         6756    i._Z37cot_mac_msg_format_to_cot_phy_payloadPhtjjhP17cot_phy_payload_tPj  COT-M_SDK_RF_LIB.lib(cot_mac_protocol_parse.o)
    0x00006bd2   0x00000002   PAD
    0x00006bd4   0x0000002c   Code   RO         5417    i._Z39phy_set_modulation_and_packettype_paramP18ModulationParams_tP14PacketParams_t  COT-M_SDK_RF_LIB.lib(cot_mac.o)
    0x00006c00   0x00000014   Code   RO         6757    i._Z40cot_mac_protocol_parse_callback_registerPFavEPFvPhjP14PacketParams_tt10TickTime_sE  COT-M_SDK_RF_LIB.lib(cot_mac_protocol_parse.o)
    0x00006c14   0x000000d0   Code   RO         6758    i._Z40cot_phy_payload_format_to_radio_ram_dataP17cot_phy_payload_ttPhPj  COT-M_SDK_RF_LIB.lib(cot_mac_protocol_parse.o)
    0x00006ce4   0x000000c0   Code   RO         6759    i._Z40radio_ram_data_format_to_cot_phy_payloadPhjP17cot_phy_payload_tPt  COT-M_SDK_RF_LIB.lib(cot_mac_protocol_parse.o)
    0x00006da4   0x00000044   Code   RO         5418    i._Z58phy_set_ranging_slave_mode_modulation_and_packettype_paramP18ModulationParams_tP14PacketParams_t  COT-M_SDK_RF_LIB.lib(cot_mac.o)
    0x00006de8   0x00000044   Code   RO         5419    i._Z59phy_set_ranging_master_mode_modulation_and_packettype_paramP18ModulationParams_tP14PacketParams_t  COT-M_SDK_RF_LIB.lib(cot_mac.o)
    0x00006e2c   0x0000002c   Code   RO         5420    i._Z8OnRxDonev      COT-M_SDK_RF_LIB.lib(cot_mac.o)
    0x00006e58   0x0000002c   Code   RO         5421    i._Z8OnTxDonev      COT-M_SDK_RF_LIB.lib(cot_mac.o)
    0x00006e84   0x0000002c   Code   RO         5422    i._Z9OnRxError14IrqErrorCode_t  COT-M_SDK_RF_LIB.lib(cot_mac.o)
    0x00006eb0   0x0000002c   Code   RO         5423    i._Z9SetRcModev     COT-M_SDK_RF_LIB.lib(cot_mac.o)
    0x00006edc   0x00000038   Code   RO         6064    i._ZN6SX128010GetPayloadEPhS0_h  COT-M_SDK_RF_LIB.lib(sx1280.o)
    0x00006f14   0x0000006c   Code   RO         6065    i._ZN6SX128010SetCrcSeedEPh  COT-M_SDK_RF_LIB.lib(sx1280.o)
    0x00006f80   0x00000020   Code   RO         6066    i._ZN6SX128010SetPayloadEPhhh  COT-M_SDK_RF_LIB.lib(sx1280.o)
    0x00006fa0   0x00000028   Code   RO         6067    i._ZN6SX128010SetStandbyE19RadioStandbyModes_t  COT-M_SDK_RF_LIB.lib(sx1280.o)
    0x00006fc8   0x00000026   Code   RO         6068    i._ZN6SX128011GetRssiInstEv  COT-M_SDK_RF_LIB.lib(sx1280.o)
    0x00006fee   0x00000298   Code   RO         6069    i._ZN6SX128011ProcessIrqsEv  COT-M_SDK_RF_LIB.lib(sx1280.o)
    0x00007286   0x00000024   Code   RO         6070    i._ZN6SX128011SendPayloadEPhh10TickTime_sh  COT-M_SDK_RF_LIB.lib(sx1280.o)
    0x000072aa   0x000000ac   Code   RO         6071    i._ZN6SX128011SetSyncWordEhPh  COT-M_SDK_RF_LIB.lib(sx1280.o)
    0x00007356   0x00000026   Code   RO         6072    i._ZN6SX128011SetTxParamsEa16RadioRampTimes_t  COT-M_SDK_RF_LIB.lib(sx1280.o)
    0x0000737c   0x0000001a   Code   RO         6073    i._ZN6SX128011complement2Ejh  COT-M_SDK_RF_LIB.lib(sx1280.o)
    0x00007396   0x00000020   Code   RO         6074    i._ZN6SX128012GetIrqStatusEv  COT-M_SDK_RF_LIB.lib(sx1280.o)
    0x000073b6   0x0000003c   Code   RO         6078    i._ZN6SX128013GetPacketTypeEb  COT-M_SDK_RF_LIB.lib(sx1280.o)
    0x000073f2   0x0000001c   Code   RO         6079    i._ZN6SX128013SetPacketTypeE18RadioPacketTypes_t  COT-M_SDK_RF_LIB.lib(sx1280.o)
    0x0000740e   0x00000022   Code   RO         6080    i._ZN6SX128014ClearIrqStatusEt  COT-M_SDK_RF_LIB.lib(sx1280.o)
    0x00007430   0x00000018   Code   RO         6082    i._ZN6SX128014SetRangingRoleE19RadioRangingRoles_t  COT-M_SDK_RF_LIB.lib(sx1280.o)
    0x00007448   0x00000094   Code   RO         6083    i._ZN6SX128014SetRfFrequencyEj  COT-M_SDK_RF_LIB.lib(sx1280.o)
    0x000074dc   0x00000014   Code   RO         6085    i._ZN6SX128014SetSaveContextEv  COT-M_SDK_RF_LIB.lib(sx1280.o)
    0x000074f0   0x0000025e   Code   RO         6086    i._ZN6SX128015GetPacketStatusEP14PacketStatus_t  COT-M_SDK_RF_LIB.lib(sx1280.o)
    0x0000774e   0x00000058   Code   RO         6087    i._ZN6SX128015SetDioIrqParamsEtttt  COT-M_SDK_RF_LIB.lib(sx1280.o)
    0x000077a6   0x00000114   Code   RO         6089    i._ZN6SX128015SetPacketParamsEP14PacketParams_t  COT-M_SDK_RF_LIB.lib(sx1280.o)
    0x000078ba   0x00000002   PAD
    0x000078bc   0x00000040   Code   RO         6091    i._ZN6SX128016GetLoRaBandwidthEv  COT-M_SDK_RF_LIB.lib(sx1280.o)
    0x000078fc   0x00000174   Code   RO         6092    i._ZN6SX128016GetRangingResultE25RadioRangingResultTypes_t  COT-M_SDK_RF_LIB.lib(sx1280.o)
    0x00007a70   0x0000003c   Code   RO         6093    i._ZN6SX128016SetCrcPolynomialEt  COT-M_SDK_RF_LIB.lib(sx1280.o)
    0x00007aac   0x00000014   Code   RO         6095    i._ZN6SX128016SetRegulatorModeE21RadioRegulatorModes_t  COT-M_SDK_RF_LIB.lib(sx1280.o)
    0x00007ac0   0x0000012c   Code   RO         6097    i._ZN6SX128017GetFrequencyErrorEv  COT-M_SDK_RF_LIB.lib(sx1280.o)
    0x00007bec   0x00000054   Code   RO         6098    i._ZN6SX128017GetRxBufferStatusEPhS0_  COT-M_SDK_RF_LIB.lib(sx1280.o)
    0x00007c40   0x000000b2   Code   RO         6102    i._ZN6SX128019SetModulationParamsEP18ModulationParams_t  COT-M_SDK_RF_LIB.lib(sx1280.o)
    0x00007cf2   0x00000036   Code   RO         6105    i._ZN6SX128021SetRangingCalibrationEt  COT-M_SDK_RF_LIB.lib(sx1280.o)
    0x00007d28   0x00000020   Code   RO         6106    i._ZN6SX128022SetBufferBaseAddressesEhh  COT-M_SDK_RF_LIB.lib(sx1280.o)
    0x00007d48   0x00000042   Code   RO         6107    i._ZN6SX128023SetDeviceRangingAddressEj  COT-M_SDK_RF_LIB.lib(sx1280.o)
    0x00007d8a   0x00000042   Code   RO         6110    i._ZN6SX128024SetRangingRequestAddressEj  COT-M_SDK_RF_LIB.lib(sx1280.o)
    0x00007dcc   0x00000022   Code   RO         6113    i._ZN6SX12804InitEv  COT-M_SDK_RF_LIB.lib(sx1280.o)
    0x00007dee   0x00000056   Code   RO         6115    i._ZN6SX12805SetRxE10TickTime_s  COT-M_SDK_RF_LIB.lib(sx1280.o)
    0x00007e44   0x00000056   Code   RO         6116    i._ZN6SX12805SetTxE10TickTime_s  COT-M_SDK_RF_LIB.lib(sx1280.o)
    0x00007e9a   0x0000001a   Code   RO         6118    i._ZN6SX12808OnDioIrqEv  COT-M_SDK_RF_LIB.lib(sx1280.o)
    0x00007eb4   0x00000048   Code   RO         6119    i._ZN6SX12808SetSleepE13SleepParams_t  COT-M_SDK_RF_LIB.lib(sx1280.o)
    0x00007efc   0x0000005c   Code   RO         6686    i._ZN6SX1280C2EP16RadioCallbacks_t  COT-M_SDK_RF_LIB.lib(sx1280-hal.o)
    0x00007f58   0x00000066   Code   RO         6525    i._ZN9SX1280Hal10ReadBufferEhPhh  COT-M_SDK_RF_LIB.lib(sx1280-hal.o)
    0x00007fbe   0x00000032   Code   RO         6526    i._ZN9SX1280Hal10WaitOnBusyEv  COT-M_SDK_RF_LIB.lib(sx1280-hal.o)
    0x00007ff0   0x00000060   Code   RO         6527    i._ZN9SX1280Hal11ReadCommandE15RadioCommands_uPht  COT-M_SDK_RF_LIB.lib(sx1280-hal.o)
    0x00008050   0x0000005c   Code   RO         6529    i._ZN9SX1280Hal11WriteBufferEhPhh  COT-M_SDK_RF_LIB.lib(sx1280-hal.o)
    0x000080ac   0x0000001a   Code   RO         6532    i._ZN9SX1280Hal12ReadRegisterEt  COT-M_SDK_RF_LIB.lib(sx1280-hal.o)
    0x000080c6   0x00000076   Code   RO         6533    i._ZN9SX1280Hal12ReadRegisterEtPht  COT-M_SDK_RF_LIB.lib(sx1280-hal.o)
    0x0000813c   0x00000010   Code   RO         6534    i._ZN9SX1280Hal12SetDirEnableEv  COT-M_SDK_RF_LIB.lib(sx1280-hal.o)
    0x0000814c   0x00000052   Code   RO         6535    i._ZN9SX1280Hal12WriteCommandE15RadioCommands_uPht  COT-M_SDK_RF_LIB.lib(sx1280-hal.o)
    0x0000819e   0x00000010   Code   RO         6536    i._ZN9SX1280Hal13SetDirDisableEv  COT-M_SDK_RF_LIB.lib(sx1280-hal.o)
    0x000081ae   0x0000006c   Code   RO         6537    i._ZN9SX1280Hal13WriteRegisterEtPht  COT-M_SDK_RF_LIB.lib(sx1280-hal.o)
    0x0000821a   0x00000016   Code   RO         6538    i._ZN9SX1280Hal13WriteRegisterEth  COT-M_SDK_RF_LIB.lib(sx1280-hal.o)
    0x00008230   0x0000005a   Code   RO         6540    i._ZN9SX1280Hal5ResetEv  COT-M_SDK_RF_LIB.lib(sx1280-hal.o)
    0x0000828a   0x0000004c   Code   RO         6541    i._ZN9SX1280Hal6WakeupEv  COT-M_SDK_RF_LIB.lib(sx1280-hal.o)
    0x000082d6   0x00000002   PAD
    0x000082d8   0x00000068   Code   RO         6542    i._ZN9SX1280Hal7HalInitEv  COT-M_SDK_RF_LIB.lib(sx1280-hal.o)
    0x00008340   0x00000028   Code   RO         6545    i._ZN9SX1280Hal8HalSleepEv  COT-M_SDK_RF_LIB.lib(sx1280-hal.o)
    0x00008368   0x00000002   Code   RO         6547    i._ZN9SX1280Hal9IoIrqInitEM6SX1280FvvE  COT-M_SDK_RF_LIB.lib(sx1280-hal.o)
    0x0000836a   0x00000002   PAD
    0x0000836c   0x0000001c   Code   RO         6548    i._ZN9SX1280HalC1EP16RadioCallbacks_t  COT-M_SDK_RF_LIB.lib(sx1280-hal.o)
    0x00008388   0x0000000e   Code   RO         6550    i._ZN9SX1280HalD1Ev  COT-M_SDK_RF_LIB.lib(sx1280-hal.o)
    0x00008396   0x00000034   Code   RO         5843    i._ZSt3powdi        COT-M_SDK_RANGING_LIB.lib(cot_ranging.o)
    0x000083ca   0x00000018   Code   RO         5677    i._ZSt4ceilf        COT-M_SDK_RF_LIB.lib(cot_mac.o)
    0x000083e2   0x00000030   Code   RO         7609    i.__ARM_fpclassify  m_wm.l(fpclassify.o)
    0x00008412   0x00000032   Code   RO         7313    i.__aeabi_atexit    cpprt_w.l(aeabi_atexit.o)
    0x00008444   0x00000042   Code   RO         7564    i.__cxa_finalize    cpprt_w.l(cxa_finalize.o)
    0x00008486   0x00000006   Code   RO         7204    i.__cxa_pure_virtual  cpprt_w.l(pure_virt.o)
    0x0000848c   0x00000004   PAD
    0x00008490   0x00000118   Code   RO         7350    i.__hardfp_ceil     m_wm.l(ceil.o)
    0x000085a8   0x0000006c   Code   RO         7356    i.__hardfp_ceilf    m_wm.l(ceilf.o)
    0x00008614   0x00000004   PAD
    0x00008618   0x00000118   Code   RO         7382    i.__hardfp_floor    m_wm.l(floor.o)
    0x00008730   0x00000c38   Code   RO         7388    i.__hardfp_pow      m_wm.l(pow.o)
    0x00009368   0x000000f8   Code   RO         7611    i.__kernel_poly     m_wm.l(poly.o)
    0x00009460   0x00000030   Code   RO         7595    i.__mathlib_dbl_divzero  m_wm.l(dunder.o)
    0x00009490   0x00000014   Code   RO         7597    i.__mathlib_dbl_infnan2  m_wm.l(dunder.o)
    0x000094a4   0x00000004   PAD
    0x000094a8   0x00000020   Code   RO         7598    i.__mathlib_dbl_invalid  m_wm.l(dunder.o)
    0x000094c8   0x00000020   Code   RO         7599    i.__mathlib_dbl_overflow  m_wm.l(dunder.o)
    0x000094e8   0x00000020   Code   RO         7601    i.__mathlib_dbl_underflow  m_wm.l(dunder.o)
    0x00009508   0x00000028   Code   RO         5424    i.__sti___11_cot_mac_cpp_be55acdf  COT-M_SDK_RF_LIB.lib(cot_mac.o)
    0x00009530   0x00000042   Code   RO         6022    i._byteswap64       algorithm lib.lib(sha256.o)
    0x00009572   0x0000000e   Code   RO         7154    i._is_digit         c_w.l(__printf_wp.o)
    0x00009580   0x000000a0   Code   RO         3146    i.adc_disable       adc.o
    0x00009620   0x000000b8   Code   RO         3147    i.adc_enable        adc.o
    0x000096d8   0x00000064   Code   RO         3149    i.am_adc_isr        adc.o
    0x0000973c   0x00000026   Code   RO         3396    i.am_bsp_low_power_init  am_bsp.o
    0x00009762   0x0000000a   Code   RO         3067    i.am_clkgen_isr     rtc.o
    0x0000976c   0x0000000e   Code   RO         2446    i.am_ctimer_isr     hal_timers.o
    0x0000977a   0x000000e0   Code   RO         2795    i.am_gpio_isr       gpio.o
    0x0000985a   0x00000002   PAD
    0x0000985c   0x00000090   Code   RO         3438    i.am_hal_adc_config  am_hal_adc.o
    0x000098ec   0x00000014   Code   RO         3439    i.am_hal_adc_disable  am_hal_adc.o
    0x00009900   0x00000014   Code   RO         3440    i.am_hal_adc_enable  am_hal_adc.o
    0x00009914   0x00000034   Code   RO         3441    i.am_hal_adc_fifo_read  am_hal_adc.o
    0x00009948   0x00000018   Code   RO         3444    i.am_hal_adc_int_enable  am_hal_adc.o
    0x00009960   0x00000014   Code   RO         3448    i.am_hal_adc_slot_config  am_hal_adc.o
    0x00009974   0x0000000c   Code   RO         3450    i.am_hal_adc_trigger  am_hal_adc.o
    0x00009980   0x00000010   Code   RO         3556    i.am_hal_clkgen_osc_start  am_hal_clkgen.o
    0x00009990   0x00000010   Code   RO         3557    i.am_hal_clkgen_osc_stop  am_hal_clkgen.o
    0x000099a0   0x00000060   Code   RO         3558    i.am_hal_clkgen_sysclk_get  am_hal_clkgen.o
    0x00009a00   0x00000012   Code   RO         3559    i.am_hal_clkgen_sysclk_select  am_hal_clkgen.o
    0x00009a12   0x00000002   PAD
    0x00009a14   0x00000018   Code   RO         3645    i.am_hal_ctimer_clear  am_hal_ctimer.o
    0x00009a2c   0x00000028   Code   RO         3647    i.am_hal_ctimer_config  am_hal_ctimer.o
    0x00009a54   0x0000000c   Code   RO         3649    i.am_hal_ctimer_int_clear  am_hal_ctimer.o
    0x00009a60   0x00000018   Code   RO         3650    i.am_hal_ctimer_int_disable  am_hal_ctimer.o
    0x00009a78   0x00000018   Code   RO         3651    i.am_hal_ctimer_int_enable  am_hal_ctimer.o
    0x00009a90   0x00000094   Code   RO         3657    i.am_hal_ctimer_period_set  am_hal_ctimer.o
    0x00009b24   0x00000020   Code   RO         3662    i.am_hal_ctimer_start  am_hal_ctimer.o
    0x00009b44   0x00000018   Code   RO         3663    i.am_hal_ctimer_stop  am_hal_ctimer.o
    0x00009b5c   0x00000004   Code   RO         3782    i.am_hal_debug_error  am_hal_debug.o
    0x00009b60   0x00000018   Code   RO         3796    i.am_hal_flash_load_ui32  am_hal_flash.o
    0x00009b78   0x0000001c   Code   RO         3799    i.am_hal_flash_page_erase  am_hal_flash.o
    0x00009b94   0x00000024   Code   RO         3800    i.am_hal_flash_program_main  am_hal_flash.o
    0x00009bb8   0x00000014   Code   RO         3877    i.am_hal_gpio_int_clear  am_hal_gpio.o
    0x00009bcc   0x00000024   Code   RO         3878    i.am_hal_gpio_int_disable  am_hal_gpio.o
    0x00009bf0   0x00000024   Code   RO         3879    i.am_hal_gpio_int_enable  am_hal_gpio.o
    0x00009c14   0x00000064   Code   RO         3882    i.am_hal_gpio_int_register  am_hal_gpio.o
    0x00009c78   0x00000054   Code   RO         3883    i.am_hal_gpio_int_service  am_hal_gpio.o
    0x00009ccc   0x0000004c   Code   RO         3885    i.am_hal_gpio_int_status_get  am_hal_gpio.o
    0x00009d18   0x0000005c   Code   RO         4011    i.am_hal_interrupt_disable  am_hal_interrupt.o
    0x00009d74   0x0000005c   Code   RO         4012    i.am_hal_interrupt_enable  am_hal_interrupt.o
    0x00009dd0   0x00000160   Code   RO         4051    i.am_hal_iom_config  am_hal_iom.o
    0x00009f30   0x00000090   Code   RO         4052    i.am_hal_iom_disable  am_hal_iom.o
    0x00009fc0   0x00000090   Code   RO         4053    i.am_hal_iom_enable  am_hal_iom.o
    0x0000a050   0x0000002c   Code   RO         4055    i.am_hal_iom_fifo_empty_slots  am_hal_iom.o
    0x0000a07c   0x00000024   Code   RO         4056    i.am_hal_iom_fifo_full_slots  am_hal_iom.o
    0x0000a0a0   0x000000dc   Code   RO         4057    i.am_hal_iom_fifo_read  am_hal_iom.o
    0x0000a17c   0x000000a8   Code   RO         4058    i.am_hal_iom_fifo_write  am_hal_iom.o
    0x0000a224   0x00000018   Code   RO         4073    i.am_hal_iom_poll_complete  am_hal_iom.o
    0x0000a23c   0x000000ec   Code   RO         4079    i.am_hal_iom_queue_spi_read  am_hal_iom.o
    0x0000a328   0x000000ec   Code   RO         4080    i.am_hal_iom_queue_spi_write  am_hal_iom.o
    0x0000a414   0x00000048   Code   RO         4082    i.am_hal_iom_sleeping_queue_flush  am_hal_iom.o
    0x0000a45c   0x0000008c   Code   RO         4083    i.am_hal_iom_spi_cmd_run  am_hal_iom.o
    0x0000a4e8   0x00000114   Code   RO         4084    i.am_hal_iom_spi_read  am_hal_iom.o
    0x0000a5fc   0x00000158   Code   RO         4085    i.am_hal_iom_spi_read_nb  am_hal_iom.o
    0x0000a754   0x000001bc   Code   RO         4086    i.am_hal_iom_spi_read_nq  am_hal_iom.o
    0x0000a910   0x000000ec   Code   RO         4087    i.am_hal_iom_spi_write  am_hal_iom.o
    0x0000a9fc   0x0000016c   Code   RO         4088    i.am_hal_iom_spi_write_nb  am_hal_iom.o
    0x0000ab68   0x000001bc   Code   RO         4089    i.am_hal_iom_spi_write_nq  am_hal_iom.o
    0x0000ad24   0x00000010   Code   RO         4619    i.am_hal_mcuctrl_bandgap_disable  am_hal_mcuctrl.o
    0x0000ad34   0x0000000c   Code   RO         4620    i.am_hal_mcuctrl_bandgap_enable  am_hal_mcuctrl.o
    0x0000ad40   0x00000038   Code   RO         4622    i.am_hal_mcuctrl_bucks_enable  am_hal_mcuctrl.o
    0x0000ad78   0x000000e4   Code   RO         4623    i.am_hal_mcuctrl_device_info_get  am_hal_mcuctrl.o
    0x0000ae5c   0x00000040   Code   RO         4626    i.am_hal_mcuctrl_fault_status  am_hal_mcuctrl.o
    0x0000ae9c   0x00000066   Code   RO         4728    i.am_hal_queue_item_add  am_hal_queue.o
    0x0000af02   0x000000ac   Code   RO         4789    i.am_hal_rtc_alarm_set  am_hal_rtc.o
    0x0000afae   0x00000002   PAD
    0x0000afb0   0x0000000c   Code   RO         4790    i.am_hal_rtc_int_clear  am_hal_rtc.o
    0x0000afbc   0x00000014   Code   RO         4791    i.am_hal_rtc_int_disable  am_hal_rtc.o
    0x0000afd0   0x00000014   Code   RO         4792    i.am_hal_rtc_int_enable  am_hal_rtc.o
    0x0000afe4   0x00000012   Code   RO         4796    i.am_hal_rtc_osc_disable  am_hal_rtc.o
    0x0000aff6   0x00000012   Code   RO         4797    i.am_hal_rtc_osc_enable  am_hal_rtc.o
    0x0000b008   0x00000026   Code   RO         4798    i.am_hal_rtc_osc_select  am_hal_rtc.o
    0x0000b02e   0x0000008a   Code   RO         4800    i.am_hal_rtc_time_get  am_hal_rtc.o
    0x0000b0b8   0x000000b8   Code   RO         4801    i.am_hal_rtc_time_set  am_hal_rtc.o
    0x0000b170   0x00000040   Code   RO         4898    i.am_hal_sysctrl_sleep  am_hal_sysctrl.o
    0x0000b1b0   0x00000012   Code   RO         4944    i.am_hal_systick_int_enable  am_hal_systick.o
    0x0000b1c2   0x00000008   Code   RO         4946    i.am_hal_systick_load  am_hal_systick.o
    0x0000b1ca   0x00000012   Code   RO         4948    i.am_hal_systick_start  am_hal_systick.o
    0x0000b1dc   0x00000012   Code   RO         4949    i.am_hal_systick_stop  am_hal_systick.o
    0x0000b1ee   0x00000002   PAD
    0x0000b1f0   0x00000034   Code   RO         5073    i.am_hal_uart_char_receive_buffered  am_hal_uart.o
    0x0000b224   0x00000034   Code   RO         5075    i.am_hal_uart_char_transmit_buffered  am_hal_uart.o
    0x0000b258   0x00000024   Code   RO         5077    i.am_hal_uart_clock_disable  am_hal_uart.o
    0x0000b27c   0x0000002c   Code   RO         5078    i.am_hal_uart_clock_enable  am_hal_uart.o
    0x0000b2a8   0x00000058   Code   RO         5079    i.am_hal_uart_config  am_hal_uart.o
    0x0000b300   0x00000014   Code   RO         5080    i.am_hal_uart_disable  am_hal_uart.o
    0x0000b314   0x00000014   Code   RO         5081    i.am_hal_uart_enable  am_hal_uart.o
    0x0000b328   0x00000018   Code   RO         5082    i.am_hal_uart_fifo_config  am_hal_uart.o
    0x0000b340   0x0000000c   Code   RO         5083    i.am_hal_uart_flags_get  am_hal_uart.o
    0x0000b34c   0x00000040   Code   RO         5085    i.am_hal_uart_init_buffered  am_hal_uart.o
    0x0000b38c   0x0000000c   Code   RO         5086    i.am_hal_uart_int_clear  am_hal_uart.o
    0x0000b398   0x00000010   Code   RO         5088    i.am_hal_uart_int_enable  am_hal_uart.o
    0x0000b3a8   0x00000014   Code   RO         5090    i.am_hal_uart_int_status_get  am_hal_uart.o
    0x0000b3bc   0x0000000a   Code   RO         5092    i.am_hal_uart_ring_buffer_space_left  am_hal_uart.o
    0x0000b3c6   0x00000002   PAD
    0x0000b3c8   0x0000006c   Code   RO         5093    i.am_hal_uart_service_buffered  am_hal_uart.o
    0x0000b434   0x0000000c   Code   RO         5247    i.am_hal_vcomp_disable  am_hal_vcomp.o
    0x0000b440   0x0000002c   Code   RO         4951    i.am_systick_isr    am_hal_systick.o
    0x0000b46c   0x0000001e   Code   RO         2504    i.am_uart_isr       uart.o
    0x0000b48a   0x0000001c   Code   RO         1927    i.am_util_delay_ms  am_util_delay.o
    0x0000b4a6   0x00000002   PAD
    0x0000b4a8   0x00000020   Code   RO         1928    i.am_util_delay_us  am_util_delay.o
    0x0000b4c8   0x000004e4   Code   RO         1961    i.am_util_faultisr_collect_data  am_util_faultisr.o
    0x0000b9ac   0x00000030   Code   RO         2145    i.am_util_stdio_printf  am_util_stdio.o
    0x0000b9dc   0x0000000c   Code   RO         2146    i.am_util_stdio_printf_init  am_util_stdio.o
    0x0000b9e8   0x000003b4   Code   RO         2151    i.am_util_stdio_vsprintf  am_util_stdio.o
    0x0000bd9c   0x0000011c   Code   RO          591    i.base64Decode      base64.o
    0x0000beb8   0x000000f8   Code   RO          592    i.base64Encode      base64.o
    0x0000bfb0   0x00000014   Code   RO         4802    i.bcd_to_dec        am_hal_rtc.o
    0x0000bfc4   0x0000001c   Code   RO          530    i.calculate_lrc     cot_mt_uart.o
    0x0000bfe0   0x00000018   Code   RO         5896    i.close             COT-M_SDK_VFS_LIB.lib(vfs.o)
    0x0000bff8   0x0000003c   Code   RO         5097    i.config_baudrate   am_hal_uart.o
    0x0000c034   0x0000004c   Code   RO         3150    i.configure_adc_slot  adc.o
    0x0000c080   0x000000c4   Code   RO         2688    i.configure_pins    spi.o
    0x0000c144   0x000000e8   Code   RO         3335    i.configure_pins1   spi1.o
    0x0000c22c   0x0000008c   Code   RO          667    i.cot_key1_isr      cot_mt_key.o
    0x0000c2b8   0x0000008c   Code   RO          668    i.cot_key2_isr      cot_mt_key.o
    0x0000c344   0x0000008c   Code   RO          669    i.cot_key3_isr      cot_mt_key.o
    0x0000c3d0   0x0000008c   Code   RO          670    i.cot_key4_isr      cot_mt_key.o
    0x0000c45c   0x0000008c   Code   RO          671    i.cot_key5_isr      cot_mt_key.o
    0x0000c4e8   0x00000138   Code   RO          766    i.cot_led_on_off    cot_mt_led.o
    0x0000c620   0x00000060   Code   RO          674    i.cot_mt_key_callback  cot_mt_key.o
    0x0000c680   0x00000260   Code   RO          675    i.cot_mt_key_config  cot_mt_key.o
    0x0000c8e0   0x00000150   Code   RO          676    i.cot_mt_key_init   cot_mt_key.o
    0x0000ca30   0x000001cc   Code   RO          677    i.cot_mt_key_poll   cot_mt_key.o
    0x0000cbfc   0x0000004c   Code   RO          678    i.cot_mt_key_send_keys  cot_mt_key.o
    0x0000cc48   0x000000d0   Code   RO          767    i.cot_mt_led_blink  cot_mt_led.o
    0x0000cd18   0x00000024   Code   RO          771    i.cot_mt_led_init   cot_mt_led.o
    0x0000cd3c   0x00000088   Code   RO          772    i.cot_mt_led_set    cot_mt_led.o
    0x0000cdc4   0x0000016c   Code   RO          773    i.cot_mt_led_update  cot_mt_led.o
    0x0000cf30   0x00000030   Code   RO          845    i.cot_mt_oled_init  cot_mt_oled.o
    0x0000cf60   0x0000007e   Code   RO          452    i.cot_mt_process_event  cot_mt_task.o
    0x0000cfde   0x00000002   PAD
    0x0000cfe0   0x0000030c   Code   RO          453    i.cot_mt_process_incoming_command  cot_mt_task.o
    0x0000d2ec   0x00000190   Code   RO          531    i.cot_mt_uart_data_process  cot_mt_uart.o
    0x0000d47c   0x0000002c   Code   RO          532    i.cot_mt_uart_disable  cot_mt_uart.o
    0x0000d4a8   0x0000002c   Code   RO          533    i.cot_mt_uart_enable  cot_mt_uart.o
    0x0000d4d4   0x000000ac   Code   RO          535    i.cot_mt_uart_transport_out  cot_mt_uart.o
    0x0000d580   0x00000b94   Code   RO         5793    i.cot_ranging       COT-M_SDK_RANGING_LIB.lib(cot_ranging.o)
    0x0000e114   0x00000048   Code   RO         5794    i.cot_ranging_send_next_pkg  COT-M_SDK_RANGING_LIB.lib(cot_ranging.o)
    0x0000e15c   0x0000001a   Code   RO         4803    i.dec_to_bcd        am_hal_rtc.o
    0x0000e176   0x00000042   Code   RO         2152    i.decstr_to_int     am_util_stdio.o
    0x0000e1b8   0x000000cc   Code   RO         2153    i.divu64_10         am_util_stdio.o
    0x0000e284   0x00000018   Code   RO         7378    i.fabs              m_wm.l(fabs.o)
    0x0000e29c   0x00000154   Code   RO         2154    i.ftoa              am_util_stdio.o
    0x0000e3f0   0x0000000c   Code   RO          679    i.get_cot_mt_key_int_enadble_status  cot_mt_key.o
    0x0000e3fc   0x0000002a   Code   RO         2796    i.gpio_init_module  gpio.o
    0x0000e426   0x00000002   PAD
    0x0000e428   0x00000038   Code   RO         3218    i.hal_sleep         sleep.o
    0x0000e460   0x00000014   Code   RO         3260    i.iic0_config       iic.o
    0x0000e474   0x00000060   Code   RO         3261    i.iic0_disable      iic.o
    0x0000e4d4   0x00000068   Code   RO         3262    i.iic0_init         iic.o
    0x0000e53c   0x0000000a   Code   RO         3263    i.iic_init_module   iic.o
    0x0000e546   0x00000002   PAD
    0x0000e548   0x00000038   Code   RO         2797    i.init_config_key1_gpio  gpio.o
    0x0000e580   0x00000038   Code   RO         2798    i.init_config_key2_gpio  gpio.o
    0x0000e5b8   0x00000038   Code   RO         2799    i.init_config_key3_gpio  gpio.o
    0x0000e5f0   0x00000038   Code   RO         2800    i.init_config_key4_gpio  gpio.o
    0x0000e628   0x00000038   Code   RO         2801    i.init_config_key5_gpio  gpio.o
    0x0000e660   0x00000044   Code   RO         2802    i.init_config_led1_gpio  gpio.o
    0x0000e6a4   0x00000044   Code   RO         2803    i.init_config_led2_gpio  gpio.o
    0x0000e6e8   0x00000044   Code   RO         2804    i.init_config_led3_gpio  gpio.o
    0x0000e72c   0x00000014   Code   RO         2689    i.init_config_spi   spi.o
    0x0000e740   0x00000014   Code   RO         3336    i.init_config_spi1  spi1.o
    0x0000e754   0x00000104   Code   RO         2805    i.init_config_sx1280_gpio  gpio.o
    0x0000e858   0x0000002c   Code   RO         2505    i.init_config_usart1  uart.o
    0x0000e884   0x00000028   Code   RO         4091    i.internal_am_hal_iom_spi_cmd_construct  am_hal_iom.o
    0x0000e8ac   0x00000032   Code   RO         5898    i.ioctl             COT-M_SDK_VFS_LIB.lib(vfs.o)
    0x0000e8de   0x00000038   Code   RO         5899    i.irq_handler_register  COT-M_SDK_VFS_LIB.lib(vfs.o)
    0x0000e916   0x00000002   PAD
    0x0000e918   0x00000010   Code   RO          616    i.log_init_module   log.o
    0x0000e928   0x0000000c   Code   RO          617    i.log_printf        log.o
    0x0000e934   0x00000044   Code   RO          619    i.log_uart_print    log.o
    0x0000e978   0x00000030   Code   RO         5900    i.lseek             COT-M_SDK_VFS_LIB.lib(vfs.o)
    0x0000e9a8   0x00000040   Code   RO           79    i.main              sample_main.o
    0x0000e9e8   0x000001a0   Code   RO         6866    i.mpi_add_abs       algorithm lib.lib(bignum.o)
    0x0000eb88   0x0000006a   Code   RO         6868    i.mpi_add_mpi       algorithm lib.lib(bignum.o)
    0x0000ebf2   0x0000005a   Code   RO         6869    i.mpi_cmp_abs       algorithm lib.lib(bignum.o)
    0x0000ec4c   0x00000024   Code   RO         6870    i.mpi_cmp_int       algorithm lib.lib(bignum.o)
    0x0000ec70   0x0000003c   Code   RO         6871    i.mpi_cmp_mpi       algorithm lib.lib(bignum.o)
    0x0000ecac   0x000000ae   Code   RO         6872    i.mpi_decode        algorithm lib.lib(bignum.o)
    0x0000ed5a   0x0000065c   Code   RO         6874    i.mpi_div_mpi       algorithm lib.lib(bignum.o)
    0x0000f3b6   0x00000056   Code   RO         6875    i.mpi_encode        algorithm lib.lib(bignum.o)
    0x0000f40c   0x000004da   Code   RO         6876    i.mpi_exp_mod       algorithm lib.lib(bignum.o)
    0x0000f8e6   0x0000000e   Code   RO         6881    i.mpi_lset          algorithm lib.lib(bignum.o)
    0x0000f8f4   0x0000006a   Code   RO         6883    i.mpi_mod_mpi       algorithm lib.lib(bignum.o)
    0x0000f95e   0x00000308   Code   RO         6884    i.mpi_montg_calculrr  algorithm lib.lib(bignum.o)
    0x0000fc66   0x0000003c   Code   RO         6885    i.mpi_montg_init    algorithm lib.lib(bignum.o)
    0x0000fca2   0x000016d4   Code   RO         6886    i.mpi_montmul       algorithm lib.lib(bignum.o)
    0x00011376   0x0000002a   Code   RO         6887    i.mpi_montred       algorithm lib.lib(bignum.o)
    0x000113a0   0x00000046   Code   RO         6888    i.mpi_msb           algorithm lib.lib(bignum.o)
    0x000113e6   0x000000c0   Code   RO         6889    i.mpi_mul_int       algorithm lib.lib(bignum.o)
    0x000114a6   0x000000d2   Code   RO         6891    i.mpi_shift_l       algorithm lib.lib(bignum.o)
    0x00011578   0x000000ec   Code   RO         6892    i.mpi_shift_r       algorithm lib.lib(bignum.o)
    0x00011664   0x000000e8   Code   RO         6894    i.mpi_sub_abs       algorithm lib.lib(bignum.o)
    0x0001174c   0x00000064   Code   RO         6895    i.mpi_sub_hlp       algorithm lib.lib(bignum.o)
    0x000117b0   0x00000070   Code   RO         6897    i.mpi_sub_mpi       algorithm lib.lib(bignum.o)
    0x00011820   0x00000020   Code   RO          455    i.mt_task_init      cot_mt_task.o
    0x00011840   0x00000034   Code   RO         2155    i.ndigits_in_hex    am_util_stdio.o
    0x00011874   0x00000024   Code   RO         2156    i.ndigits_in_i64    am_util_stdio.o
    0x00011898   0x0000003a   Code   RO         2157    i.ndigits_in_u64    am_util_stdio.o
    0x000118d2   0x00000002   PAD
    0x000118d4   0x00000044   Code   RO         5901    i.open              COT-M_SDK_VFS_LIB.lib(vfs.o)
    0x00011918   0x0000005c   Code   RO         1737    i.osalAddTimer      osal_time.o
    0x00011974   0x00000008   Code   RO         1738    i.osalDeleteTimer   osal_time.o
    0x0001197c   0x00000024   Code   RO         1739    i.osalFindTimer     osal_time.o
    0x000119a0   0x00000038   Code   RO           13    i.osalInitTasks     osal_sample.o
    0x000119d8   0x00000018   Code   RO         1383    i.osalTimeUpdate    osal.o
    0x000119f0   0x00000014   Code   RO         1740    i.osalTimerInit     osal_time.o
    0x00011a04   0x000000ac   Code   RO         1741    i.osalTimerUpdate   osal_time.o
    0x00011ab0   0x00000048   Code   RO         1386    i.osal_clear_event  osal.o
    0x00011af8   0x0000000c   Code   RO         1686    i.osal_get_system_tick  osal_tick.o
    0x00011b04   0x0000000c   Code   RO         1687    i.osal_get_systick  osal_tick.o
    0x00011b10   0x00000024   Code   RO         1387    i.osal_init_system  osal.o
    0x00011b34   0x00000130   Code   RO         1579    i.osal_mem_alloc    osal_memory.o
    0x00011c64   0x00000058   Code   RO         1580    i.osal_mem_free     osal_memory.o
    0x00011cbc   0x00000070   Code   RO         1581    i.osal_mem_init     osal_memory.o
    0x00011d2c   0x0000002c   Code   RO         1582    i.osal_mem_kick     osal_memory.o
    0x00011d58   0x00000014   Code   RO         1393    i.osal_memset       osal.o
    0x00011d6c   0x0000002c   Code   RO         1394    i.osal_msg_allocate  osal.o
    0x00011d98   0x00000026   Code   RO         1395    i.osal_msg_deallocate  osal.o
    0x00011dbe   0x00000042   Code   RO         1397    i.osal_msg_enqueue  osal.o
    0x00011e00   0x00000046   Code   RO         1399    i.osal_msg_extract  osal.o
    0x00011e46   0x00000002   PAD
    0x00011e48   0x00000078   Code   RO         1402    i.osal_msg_receive  osal.o
    0x00011ec0   0x0000005c   Code   RO         1403    i.osal_msg_send     osal.o
    0x00011f1c   0x00000038   Code   RO         1642    i.osal_mutex_create  osal_mutex.o
    0x00011f54   0x0000002c   Code   RO         1745    i.osal_next_timeout  osal_time.o
    0x00011f80   0x0000000c   Code   RO         1825    i.osal_pwrmgr_device  osal_pwrmgr.o
    0x00011f8c   0x00000010   Code   RO         1826    i.osal_pwrmgr_init  osal_pwrmgr.o
    0x00011f9c   0x00000038   Code   RO         1827    i.osal_pwrmgr_powerconserve  osal_pwrmgr.o
    0x00011fd4   0x00000058   Code   RO         1828    i.osal_pwrmgr_task_state  osal_pwrmgr.o
    0x0001202c   0x00000048   Code   RO         1406    i.osal_set_event    osal.o
    0x00012074   0x000000a8   Code   RO         1407    i.osal_start_system  osal.o
    0x0001211c   0x0000003a   Code   RO         1746    i.osal_start_timerEx  osal_time.o
    0x00012156   0x0000003a   Code   RO         1747    i.osal_stop_timerEx  osal_time.o
    0x00012190   0x00000014   Code   RO         1688    i.osal_systick_configuration  osal_tick.o
    0x000121a4   0x0000000c   Code   RO         1689    i.osal_systick_reset  osal_tick.o
    0x000121b0   0x00000022   Code   RO         2158    i.padbuffer         am_util_stdio.o
    0x000121d2   0x00000034   Code   RO         5902    i.read              COT-M_SDK_VFS_LIB.lib(vfs.o)
    0x00012206   0x00000002   PAD
    0x00012208   0x00000028   Code   RO         5903    i.register_dev      COT-M_SDK_VFS_LIB.lib(vfs.o)
    0x00012230   0x0000000e   Code   RO         5098    i.ring_buffer_init  am_hal_uart.o
    0x0001223e   0x00000042   Code   RO         5099    i.ring_buffer_read  am_hal_uart.o
    0x00012280   0x0000004c   Code   RO         5100    i.ring_buffer_write  am_hal_uart.o
    0x000122cc   0x000000fc   Code   RO         5973    i.rsa_public        algorithm lib.lib(rsa.o)
    0x000123c8   0x00000014   Code   RO         3068    i.rtc0_config       rtc.o
    0x000123dc   0x00000010   Code   RO         3069    i.rtc0_disable      rtc.o
    0x000123ec   0x0000003c   Code   RO         3070    i.rtc0_enable       rtc.o
    0x00012428   0x00000014   Code   RO         3071    i.rtc0_init         rtc.o
    0x0001243c   0x000000a8   Code   RO         3072    i.rtc_alram_time    rtc.o
    0x000124e4   0x0000000a   Code   RO         3073    i.rtc_init_module   rtc.o
    0x000124ee   0x00000002   PAD
    0x000124f0   0x00000018   Code   RO          388    i.sample_app_init   sample_ping_pong_app.o
    0x00012508   0x000003f8   Code   RO          389    i.sample_app_processevent  sample_ping_pong_app.o
    0x00012900   0x00000018   Code   RO         2159    i.simple_strlen     am_util_stdio.o
    0x00012918   0x00000010   Code   RO         3337    i.spi1_disable      spi1.o
    0x00012928   0x0000000a   Code   RO         3338    i.spi1_init_module  spi1.o
    0x00012932   0x00000002   PAD
    0x00012934   0x0000008c   Code   RO         2690    i.spi_disable       spi.o
    0x000129c0   0x0000000a   Code   RO         2691    i.spi_init_module   spi.o
    0x000129ca   0x0000006e   Code   RO         7404    i.sqrt              m_wm.l(sqrt.o)
    0x00012a38   0x0000004c   Code   RO         2448    i.timerA0_start     hal_timers.o
    0x00012a84   0x00000020   Code   RO         2449    i.timerA0_stop      hal_timers.o
    0x00012aa4   0x00000074   Code   RO         2506    i.uart_disable      uart.o
    0x00012b18   0x00000094   Code   RO         2507    i.uart_enable       uart.o
    0x00012bac   0x0000000a   Code   RO         2508    i.uart_init_module  uart.o
    0x00012bb6   0x0000008a   Code   RO         2160    i.uint64_to_hexstr  am_util_stdio.o
    0x00012c40   0x00000070   Code   RO         2161    i.uint64_to_str     am_util_stdio.o
    0x00012cb0   0x00000012   Code   RO         2450    i.wait_ms           hal_timers.o
    0x00012cc2   0x00000012   Code   RO         2451    i.wait_us           hal_timers.o
    0x00012cd4   0x00000034   Code   RO         5904    i.write             COT-M_SDK_VFS_LIB.lib(vfs.o)
    0x00012d08   0x0000002c   Code   RO         7705    locale$$code        c_w.l(lc_numeric_c.o)
    0x00012d34   0x00000018   Code   RO         7580    x$fpl$basic         fz_wm.l(basic.o)
    0x00012d4c   0x00000062   Code   RO         7316    x$fpl$d2f           fz_wm.l(d2f.o)
    0x00012dae   0x00000002   PAD
    0x00012db0   0x00000150   Code   RO         7318    x$fpl$dadd          fz_wm.l(daddsub_clz.o)
    0x00012f00   0x00000010   Code   RO         7728    x$fpl$dcheck1       fz_wm.l(dcheck1.o)
    0x00012f10   0x00000018   Code   RO         7582    x$fpl$dcmpinf       fz_wm.l(dcmpi.o)
    0x00012f28   0x000002b0   Code   RO         7325    x$fpl$ddiv          fz_wm.l(ddiv.o)
    0x000131d8   0x0000005e   Code   RO         7328    x$fpl$dfix          fz_wm.l(dfix.o)
    0x00013236   0x00000002   PAD
    0x00013238   0x0000005a   Code   RO         7332    x$fpl$dfixu         fz_wm.l(dfixu.o)
    0x00013292   0x0000002e   Code   RO         7337    x$fpl$dflt          fz_wm.l(dflt_clz.o)
    0x000132c0   0x00000026   Code   RO         7336    x$fpl$dfltu         fz_wm.l(dflt_clz.o)
    0x000132e6   0x00000002   PAD
    0x000132e8   0x00000078   Code   RO         7342    x$fpl$dleqf         fz_wm.l(dleqf.o)
    0x00013360   0x00000154   Code   RO         7344    x$fpl$dmul          fz_wm.l(dmul.o)
    0x000134b4   0x0000009c   Code   RO         7584    x$fpl$dnaninf       fz_wm.l(dnaninf.o)
    0x00013550   0x0000000c   Code   RO         7586    x$fpl$dretinf       fz_wm.l(dretinf.o)
    0x0001355c   0x0000006c   Code   RO         7346    x$fpl$drleqf        fz_wm.l(drleqf.o)
    0x000135c8   0x00000016   Code   RO         7319    x$fpl$drsb          fz_wm.l(daddsub_clz.o)
    0x000135de   0x00000002   PAD
    0x000135e0   0x00000198   Code   RO         7588    x$fpl$dsqrt         fz_wm.l(dsqrt_umaal.o)
    0x00013778   0x000001d4   Code   RO         7320    x$fpl$dsub          fz_wm.l(daddsub_clz.o)
    0x0001394c   0x0000000a   Code   RO         7730    x$fpl$fpinit        fz_wm.l(fpinit.o)
    0x00013956   0x0000000a   Code   RO         7590    x$fpl$fretinf       fz_wm.l(fretinf.o)
    0x00013960   0x00000004   Code   RO         7348    x$fpl$printf1       fz_wm.l(printf1.o)
    0x00013964   0x00000064   Code   RO         7785    x$fpl$retnan        fz_wm.l(retnan.o)
    0x000139c8   0x0000005c   Code   RO         7592    x$fpl$scalbn        fz_wm.l(scalbn.o)
    0x00013a24   0x00000030   Code   RO         7806    x$fpl$trapveneer    fz_wm.l(trapv.o)
    0x00013a54   0x00000000   Code   RO         7594    x$fpl$usenofp       fz_wm.l(usenofp.o)
    0x00013a54   0x0000000d   Data   RO           15    .constdata          osal_sample.o
    0x00013a61   0x00000cd4   Data   RO          847    .constdata          cot_mt_oled.o
    0x00014735   0x00000003   PAD
    0x00014738   0x00000080   Data   RO         1195    .constdata          rfparamconfig.o
    0x000147b8   0x00000080   Data   RO         4629    .constdata          am_hal_mcuctrl.o
    0x00014838   0x000002c4   Data   RO         5470    .constdata          COT-M_SDK_RF_LIB.lib(cot_mac.o)
    0x00014afc   0x000000b8   Data   RO         5803    .constdata          COT-M_SDK_RANGING_LIB.lib(cot_ranging.o)
    0x00014bb4   0x00000140   Data   RO         6025    .constdata          algorithm lib.lib(sha256.o)
    0x00014cf4   0x00000008   Data   RO         6579    .constdata          COT-M_SDK_RF_LIB.lib(sx1280-hal.o)
    0x00014cfc   0x00000138   Data   RO         6771    .constdata          COT-M_SDK_RF_LIB.lib(cot_mac_protocol_parse.o)
    0x00014e34   0x00000028   Data   RO         7127    .constdata          c_w.l(_printf_hex_int.o)
    0x00014e5c   0x00000004   PAD
    0x00014e60   0x00000088   Data   RO         7391    .constdata          m_wm.l(pow.o)
    0x00014ee8   0x00000008   Data   RO         7613    .constdata          m_wm.l(qnan.o)
    0x00014ef0   0x00000094   Data   RO         7680    .constdata          c_w.l(bigflt0.o)
    0x00014f84   0x00000044   Data   RO         6693    .constdata__ZTV5Radio  COT-M_SDK_RF_LIB.lib(sx1280-hal.o)
    0x00014fc8   0x00000054   Data   RO         6491    .constdata__ZTV6SX1280  COT-M_SDK_RF_LIB.lib(sx1280.o)
    0x0001501c   0x0000005c   Data   RO         6685    .constdata__ZTV9SX1280Hal  COT-M_SDK_RF_LIB.lib(sx1280-hal.o)
    0x00015078   0x00000041   Data   RO          593    .conststring        base64.o
    0x000150b9   0x00000003   PAD
    0x000150bc   0x00000005   Data   RO         2510    .conststring        uart.o
    0x000150c1   0x00000003   PAD
    0x000150c4   0x00000006   Data   RO         2641    .conststring        flash.o
    0x000150ca   0x00000002   PAD
    0x000150cc   0x00000005   Data   RO         2692    .conststring        spi.o
    0x000150d1   0x00000003   PAD
    0x000150d4   0x00000045   Data   RO         2806    .conststring        gpio.o
    0x00015119   0x00000003   PAD
    0x0001511c   0x00000005   Data   RO         3074    .conststring        rtc.o
    0x00015121   0x00000003   PAD
    0x00015124   0x00000005   Data   RO         3152    .conststring        adc.o
    0x00015129   0x00000003   PAD
    0x0001512c   0x00000005   Data   RO         3264    .conststring        iic.o
    0x00015131   0x00000003   PAD
    0x00015134   0x00000005   Data   RO         3339    .conststring        spi1.o
    0x00015139   0x00000003   PAD
    0x0001513c   0x00000071   Data   RO         4093    .conststring        am_hal_iom.o
    0x000151ad   0x00000003   PAD
    0x000151b0   0x00000020   Data   RO         7834    Region$$Table       anon$$obj.o
    0x000151d0   0x0000001c   Data   RO         7704    locale$$data        c_w.l(lc_numeric_c.o)
    0x000151ec   0x00000004   Data   RO         5472    .init_array         COT-M_SDK_RF_LIB.lib(cot_mac.o)
    0x000151f0   0x00000000   Data   RO         7196    .init_array         c_w.l(init_aeabi.o)


    Execution Region SRAM (Base: 0x10000000, Size: 0x000046c8, Max: 0x00010000, ABSOLUTE, COMPRESSED[0x00000240])

    Base Addr    Size         Type   Attr      Idx    E Section Name        Object

    0x10000000   0x00000004   Data   RW           16    .data               osal_sample.o
    0x10000004   0x00000007   Data   RW          395    .data               sample_ping_pong_app.o
    0x1000000b   0x00000003   Data   RW          456    .data               cot_mt_task.o
    0x1000000e   0x00000002   PAD
    0x10000010   0x00000008   Data   RW          537    .data               cot_mt_uart.o
    0x10000018   0x00000004   Data   RW          594    .data               base64.o
    0x1000001c   0x00000009   Data   RW          680    .data               cot_mt_key.o
    0x10000025   0x00000004   Data   RW          775    .data               cot_mt_led.o
    0x10000029   0x00000003   PAD
    0x1000002c   0x00000004   Data   RW         1196    .data               rfparamconfig.o
    0x10000030   0x00000005   Data   RW         1409    .data               osal.o
    0x10000035   0x00000003   PAD
    0x10000038   0x00000018   Data   RW         1584    .data               osal_memory.o
    0x10000050   0x00000004   Data   RW         1647    .data               osal_mutex.o
    0x10000054   0x00000008   Data   RW         1749    .data               osal_time.o
    0x1000005c   0x00000008   Data   RW         1829    .data               osal_pwrmgr.o
    0x10000064   0x00000005   Data   RW         2163    .data               am_util_stdio.o
    0x10000069   0x00000003   PAD
    0x1000006c   0x00000010   Data   RW         2452    .data               hal_timers.o
    0x1000007c   0x00000044   Data   RW         2511    .data               uart.o
    0x100000c0   0x00000030   Data   RW         2642    .data               flash.o
    0x100000f0   0x0000004c   Data   RW         2693    .data               spi.o
    0x1000013c   0x000001b0   Data   RW         2807    .data               gpio.o
    0x100002ec   0x00000034   Data   RW         3075    .data               rtc.o
    0x10000320   0x00000064   Data   RW         3153    .data               adc.o
    0x10000384   0x00000030   Data   RW         3265    .data               iic.o
    0x100003b4   0x0000004c   Data   RW         3340    .data               spi1.o
    0x10000400   0x00000028   Data   RW         3804    .data               am_hal_flash.o
    0x10000428   0x00000014   Data   RW         4094    .data               am_hal_iom.o
    0x1000043c   0x0000000c   Data   RW         4952    .data               am_hal_systick.o
    0x10000448   0x00000035   Data   RW         5471    .data               COT-M_SDK_RF_LIB.lib(cot_mac.o)
    0x1000047d   0x00000003   PAD
    0x10000480   0x00000056   Data   RW         5804    .data               COT-M_SDK_RANGING_LIB.lib(cot_ranging.o)
    0x100004d6   0x00000002   PAD
    0x100004d8   0x0000000a   Data   RW         6772    .data               COT-M_SDK_RF_LIB.lib(cot_mac_protocol_parse.o)
    0x100004e2   0x00000006   PAD
    0x100004e8   0x000000c8   Zero   RW          394    .bss                sample_ping_pong_app.o
    0x100005b0   0x00000120   Zero   RW          536    .bss                cot_mt_uart.o
    0x100006d0   0x00000028   Zero   RW          774    .bss                cot_mt_led.o
    0x100006f8   0x00001000   Zero   RW         1583    .bss                osal_memory.o
    0x100016f8   0x00000400   Zero   RW         2162    .bss                am_util_stdio.o
    0x10001af8   0x00000820   Zero   RW         2509    .bss                uart.o
    0x10002318   0x0000000c   Zero   RW         3453    .bss                am_hal_adc.o
    0x10002324   0x00000100   Zero   RW         3890    .bss                am_hal_gpio.o
    0x10002424   0x00000058   Zero   RW         4092    .bss                am_hal_iom.o
    0x1000247c   0x00000028   Zero   RW         5101    .bss                am_hal_uart.o
    0x100024a4   0x000002b0   Zero   RW         5469    .bss                COT-M_SDK_RF_LIB.lib(cot_mac.o)
    0x10002754   0x00000004   PAD
    0x10002758   0x000006cb   Zero   RW         5802    .bss                COT-M_SDK_RANGING_LIB.lib(cot_ranging.o)
    0x10002e23   0x00000001   PAD
    0x10002e24   0x00000040   Zero   RW         5905    .bss                COT-M_SDK_VFS_LIB.lib(vfs.o)
    0x10002e64   0x00000100   Zero   RW         6024    .bss                algorithm lib.lib(sha256.o)
    0x10002f64   0x00000060   Zero   RW         7615    .bss                c_w.l(libspace.o)
    0x10002fc4   0x00000004   PAD
    0x10002fc8   0x00000200   Zero   RW            2    HEAP                startup_keil.o
    0x100031c8   0x00001500   Zero   RW            1    STACK               startup_keil.o


==============================================================================

Image component sizes


      Code (inc. data)   RO Data    RW Data    ZI Data      Debug   Object Name

       904         84          5        100          0       6908   adc.o
        38          0          0          0          0        560   am_bsp.o
       292         58          0          0         12       4950   am_hal_adc.o
       146         40          0          0          0       2440   am_hal_clkgen.o
       328         52          0          0          0       6188   am_hal_ctimer.o
         4          0          0          0          0        581   am_hal_debug.o
        94         16          0         40          0       5059   am_hal_flash.o
       352        110          0          0        256       4656   am_hal_gpio.o
       206         20          0          0          0       1865   am_hal_interrupt.o
      3964       1524        113         20         88      21472   am_hal_iom.o
       376         40        128          0          0       5111   am_hal_mcuctrl.o
       102          0          0          0          0       1344   am_hal_queue.o
       666         14          0          0          0       7020   am_hal_rtc.o
        64          8          0          0          0        611   am_hal_sysctrl.o
       106         12          0         12          0       3054   am_hal_systick.o
       794         96          0          0         40      14041   am_hal_uart.o
        12          4          0          0          0        531   am_hal_vcomp.o
        60          6          0          0          0       1214   am_util_delay.o
      1272        784          0          0          0      27037   am_util_faultisr.o
         0          0          0          0          0        428   am_util_plot.o
      2072         36          0          5       1024      11833   am_util_stdio.o
       532          8         65          4          0       2483   base64.o
      2288        300          0          9          0      12835   cot_mt_key.o
      1056         86          0          4         40       8526   cot_mt_led.o
      1020         48       3284          0          0      12893   cot_mt_oled.o
       938        104          0          3          0      12065   cot_mt_task.o
       688         54          0          8        288       8658   cot_mt_uart.o
       466         46          6         48          0       5263   flash.o
      5078        558         69        432          0      41059   gpio.o
       158          6          0         16          0       3115   hal_timers.o
       798         74          5         48          0       8087   iic.o
        96         14          0          0          0       2351   log.o
       822         48          0          5          0      11083   osal.o
       548         74          0         24       4096       5804   osal_memory.o
        56          6          0          4          0       1210   osal_mutex.o
       172         24          0          8          0       3152   osal_pwrmgr.o
        56          4         13          4          0      18192   osal_sample.o
        56         16          0          0          0       2084   osal_tick.o
       488         34          0          8          0       6148   osal_time.o
      2784         32        128          4          0      28867   rfparamconfig.o
       640         70          5         52          0       8555   rtc.o
        64          0          0          0          0        567   sample_main.o
      1252        162          0          7        200      11164   sample_ping_pong_app.o
        56         10          0          0          0        600   sleep.o
      1150        118          5         76          0       8135   spi.o
       986        108          5         76          0       8032   spi1.o
       180        136          0          0       5888       1212   startup_keil.o
       800         76          5         68       2080      10988   uart.o

    ----------------------------------------------------------------------
     35124       5120       3900       1096      14012     370031   Object Totals
         0          0         32          0          0          0   (incl. Generated)
        44          0         32         11          0          0   (incl. Padding)

    ----------------------------------------------------------------------

      Code (inc. data)   RO Data    RW Data    ZI Data      Debug   Library Member Name

      4336        382        184         86       1739      38669   cot_ranging.o
      6486        660        712         53        688      65459   cot_mac.o
      1394         78        312         10          0      29337   cot_mac_protocol_parse.o
      1174         36        168          0          0      31700   sx1280-hal.o
      4126        114         84          0          0      40916   sx1280.o
       390          8          0          0         64      10236   vfs.o
     11950          0          0          0          0      21145   bignum.o
       364          0          0          0          0       7991   rsa.o
       948         48        320          0        256       5304   sha256.o
        90          0          0          0          0          0   __dczerorl2.o
         8          0          0          0          0         68   __main.o
       284          0          0          0          0        156   __printf_wp.o
         0          0          0          0          0          0   __rtentry.o
        12          0          0          0          0          0   __rtentry2.o
         6          0          0          0          0          0   __rtentry4.o
        52          8          0          0          0          0   __scatter.o
        28          0          0          0          0          0   __scatter_zi.o
        48          6          0          0          0         96   _printf_char_common.o
         6          0          0          0          0          0   _printf_d.o
       120         16          0          0          0         92   _printf_dec.o
         6          0          0          0          0          0   _printf_f.o
      1050          0          0          0          0        216   _printf_fp_dec.o
       128         16          0          0          0         84   _printf_fp_infnan.o
        88          4         40          0          0         88   _printf_hex_int.o
       178          0          0          0          0         88   _printf_intcommon.o
        78          0          0          0          0        108   _printf_pad.o
         0          0          0          0          0          0   _printf_percent.o
         4          0          0          0          0          0   _printf_percent_end.o
         6          0          0          0          0          0   _printf_x.o
        22          0          0          0          0        100   _rserrno.o
        10          0          0          0          0         68   _sputc.o
        16          0          0          0          0         68   aeabi_memset.o
       220          4        148          0          0         96   bigflt0.o
      1910        128          0          0          0        672   btod.o
        10          0          0          0          0         68   defsig_exit.o
        50          0          0          0          0         88   defsig_general.o
        48         34          0          0          0         76   defsig_pvfn_inner.o
        14          0          0          0          0         80   defsig_pvfn_outer.o
        80         58          0          0          0         76   defsig_rtmem_inner.o
        14          0          0          0          0         80   defsig_rtmem_outer.o
        12          0          0          0          0         72   exit.o
        94          0          0          0          0         80   h1_alloc.o
        52          0          0          0          0         68   h1_extend.o
        78          0          0          0          0         80   h1_free.o
        14          0          0          0          0         84   h1_init.o
         6          0          0          0          0        152   heapauxi.o
         4          0          0          0          0        136   hguard.o
         0          0          0          0          0          0   indicate_semi.o
        36         10          0          0          0         80   init_aeabi.o
       138          0          0          0          0        168   init_alloc.o
        44         10         28          0          0         76   lc_numeric_c.o
         2          0          0          0          0          0   libinit.o
        34          0          0          0          0          0   libinit2.o
         2          0          0          0          0          0   libshutdown.o
         8          0          0          0          0          0   libshutdown2.o
         8          4          0          0         96         68   libspace.o
        38          0          0          0          0         68   llshl.o
       138          0          0          0          0         80   lludiv10.o
         0          0          0          0          0          0   maybetermalloc1.o
        88          0          0          0          0         76   memcmp.o
        22          0          0          0          0         76   memset.o
        40          6          0          0          0         84   noretval__2sprintf.o
         8          4          0          0          0         68   rt_ddtor_pointer_addr_intlibspace.o
         8          4          0          0          0         68   rt_errno_addr_intlibspace.o
         8          4          0          0          0         68   rt_heap_descriptor_intlibspace.o
         8          4          0          0          0         68   rt_locale_intlibspace.o
        68          0          0          0          0         68   rt_memclr.o
        78          0          0          0          0         80   rt_memclr_w.o
       138          0          0          0          0         68   rt_memcpy_v6.o
       100          0          0          0          0         80   rt_memcpy_w.o
         2          0          0          0          0          0   rtexit.o
        10          0          0          0          0          0   rtexit2.o
       128          0          0          0          0         68   strcmpv7m.o
       150          0          0          0          0         80   strncmp.o
        12          4          0          0          0         68   sys_exit.o
        74          0          0          0          0         80   sys_stackheap_outer.o
        14          0          0          0          0         76   sys_wrch.o
         2          0          0          0          0         68   use_no_semi.o
        50          0          0          0          0         84   aeabi_atexit.o
        66          0          0          0          0         84   cxa_finalize.o
         6          0          0          0          0         68   pure_virt.o
        24          0          0          0          0        164   basic.o
        98          4          0          0          0        140   d2f.o
       826         16          0          0          0        492   daddsub_clz.o
        16          4          0          0          0        116   dcheck1.o
        24          0          0          0          0        116   dcmpi.o
       688        140          0          0          0        256   ddiv.o
        94          4          0          0          0        140   dfix.o
        90          4          0          0          0        140   dfixu.o
        84          0          0          0          0        232   dflt_clz.o
       120          4          0          0          0        140   dleqf.o
       340         12          0          0          0        152   dmul.o
       156          4          0          0          0        140   dnaninf.o
        12          0          0          0          0        116   dretinf.o
       108          0          0          0          0        128   drleqf.o
       408         56          0          0          0        168   dsqrt_umaal.o
        10          0          0          0          0        116   fpinit.o
        10          0          0          0          0        116   fretinf.o
         4          0          0          0          0        116   printf1.o
       100          0          0          0          0        116   retnan.o
        92          0          0          0          0        116   scalbn.o
        48          0          0          0          0        116   trapv.o
         0          0          0          0          0          0   usenofp.o
       280         28          0          0          0        156   ceil.o
       108         10          0          0          0        116   ceilf.o
       164         44          0          0          0        620   dunder.o
        24          0          0          0          0        124   fabs.o
       280         28          0          0          0        156   floor.o
        48          0          0          0          0        124   fpclassify.o
       248          0          0          0          0        152   poly.o
      3128        302        136          0          0        356   pow.o
         0          0          8          0          0          0   qnan.o
       110          0          0          0          0        148   sqrt.o

    ----------------------------------------------------------------------
     45344       2314       2144        156       2856     261205   Library Totals
        60          4          4          7         13          0   (incl. Padding)

    ----------------------------------------------------------------------

      Code (inc. data)   RO Data    RW Data    ZI Data      Debug   Library Name

      4336        382        184         86       1739      38669   COT-M_SDK_RANGING_LIB.lib
     13180        888       1276         63        688     167412   COT-M_SDK_RF_LIB.lib
       390          8          0          0         64      10236   COT-M_SDK_VFS_LIB.lib
     13262         48        320          0        256      34440   algorithm lib.lib
      6252        324        216          0         96       4924   c_w.l
       122          0          0          0          0        236   cpprt_w.l
      3352        248          0          0          0       3336   fz_wm.l
      4390        412        144          0          0       1952   m_wm.l

    ----------------------------------------------------------------------
     45344       2314       2144        156       2856     261205   Library Totals

    ----------------------------------------------------------------------

==============================================================================


      Code (inc. data)   RO Data    RW Data    ZI Data      Debug   

     80468       7434       6044       1252      16868     576268   Grand Totals
     80468       7434       6044        576      16868     576268   ELF Image Totals (compressed)
     80468       7434       6044        576          0          0   ROM Totals

==============================================================================

    Total RO  Size (Code + RO Data)                86512 (  84.48kB)
    Total RW  Size (RW Data + ZI Data)             18120 (  17.70kB)
    Total ROM Size (Code + RO Data + RW Data)      87088 (  85.05kB)

==============================================================================

