Component: ARM Compiler 5.06 (build 20) Tool: armlink [4d35a3]

==============================================================================

Section Cross References

    startup_keil.o(RESET) refers to startup_keil.o(STACK) for StackMem
    startup_keil.o(RESET) refers to am_util_faultisr.o(.emb_text) for am_fault_isr
    startup_keil.o(RESET) refers to am_hal_systick.o(i.am_systick_isr) for am_systick_isr
    startup_keil.o(RESET) refers to rtc.o(i.am_clkgen_isr) for am_clkgen_isr
    startup_keil.o(RESET) refers to cot_physical_layer.o(i.am_gpio_isr) for am_gpio_isr
    startup_keil.o(RESET) refers to hal_timers.o(i.am_ctimer_isr) for am_ctimer_isr
    startup_keil.o(RESET) refers to uart.o(i.am_uart_isr) for am_uart_isr
    startup_keil.o(RESET) refers to entry.o(.ARM.Collect$$$$00000000) for __main
    sx1280_main.o(i.main) refers to am_hal_clkgen.o(i.am_hal_clkgen_sysclk_select) for am_hal_clkgen_sysclk_select
    sx1280_main.o(i.main) refers to am_bsp.o(i.am_bsp_low_power_init) for am_bsp_low_power_init
    sx1280_main.o(i.main) refers to spi.o(i.spi_init_module) for spi_init_module
    sx1280_main.o(i.main) refers to gpio.o(i.gpio_init_module) for gpio_init_module
    sx1280_main.o(i.main) refers to flash.o(i.FLASH_InitModule) for FLASH_InitModule
    sx1280_main.o(i.main) refers to uart.o(i.uart_init_module) for uart_init_module
    sx1280_main.o(i.main) refers to rtc.o(i.rtc_init_module) for rtc_init_module
    sx1280_main.o(i.main) refers to log.o(i.log_init_module) for log_init_module
    sx1280_main.o(i.main) refers to am_hal_interrupt.o(.emb_text) for am_hal_interrupt_master_enable
    sx1280_main.o(i.main) refers to osal.o(i.osal_init_system) for osal_init_system
    sx1280_main.o(i.main) refers to osal_pwrmgr.o(i.osal_pwrmgr_device) for osal_pwrmgr_device
    sx1280_main.o(i.main) refers to osal.o(i.osal_start_system) for osal_start_system
    sx1280_main.o(.ARM.exidx) refers to sx1280_main.o(i.main) for i.main
    osal_sample.o(i.osalInitTasks) refers to osal_memory.o(i.osal_mem_alloc) for osal_mem_alloc
    osal_sample.o(i.osalInitTasks) refers to osal.o(i.osal_memset) for osal_memset
    osal_sample.o(i.osalInitTasks) refers to cot_physical_layer.o(i._Z14phy_layer_inith) for phy_layer_init(unsigned char)
    osal_sample.o(i.osalInitTasks) refers to cot_phy_ranging.o(i._Z22phy_layer_ranging_inith) for phy_layer_ranging_init(unsigned char)
    osal_sample.o(i.osalInitTasks) refers to sample_app.o(i.sample_app_init) for sample_app_init
    osal_sample.o(i.osalInitTasks) refers to osal_sample.o(.data) for tasksEvents
    osal_sample.o(.ARM.exidx) refers to osal_sample.o(i.osalInitTasks) for i.osalInitTasks
    osal_sample.o(.constdata) refers to cot_physical_layer.o(i._Z22phy_layer_processeventht) for phy_layer_processevent(unsigned char, unsigned short)
    osal_sample.o(.constdata) refers to cot_phy_ranging.o(i._Z24phy_ranging_processeventht) for phy_ranging_processevent(unsigned char, unsigned short)
    osal_sample.o(.constdata) refers to sample_app.o(i.sample_app_processevent) for sample_app_processevent
    sample_app.o(i._Z21cot_sample_msg_handleP16cot_sample_msg_t) refers to rfparamconfig.o(i._Z12get_rf_paramP12ConfigData_t) for get_rf_param(ConfigData_t*)
    sample_app.o(i._Z21cot_sample_msg_handleP16cot_sample_msg_t) refers to memcpya.o(.text) for __aeabi_memcpy
    sample_app.o(i._Z21cot_sample_msg_handleP16cot_sample_msg_t) refers to osal_pwrmgr.o(i.osal_pwrmgr_task_state) for osal_pwrmgr_task_state
    sample_app.o(i._Z21cot_sample_msg_handleP16cot_sample_msg_t) refers to osal.o(i.osal_set_event) for osal_set_event
    sample_app.o(i._Z21cot_sample_msg_handleP16cot_sample_msg_t) refers to rfparamconfig.o(i._Z12set_rf_paramP12ConfigData_tb) for set_rf_param(ConfigData_t*, bool)
    sample_app.o(i._Z21cot_sample_msg_handleP16cot_sample_msg_t) refers to rfparamconfig.o(i._Z21DataFlashLoadSettings21RF_RadioPacketTypes_t) for DataFlashLoadSettings(RF_RadioPacketTypes_t)
    sample_app.o(i._Z21cot_sample_msg_handleP16cot_sample_msg_t) refers to rand.o(.text) for srand
    sample_app.o(i._Z21cot_sample_msg_handleP16cot_sample_msg_t) refers to osal_time.o(i.osal_start_timerEx) for osal_start_timerEx
    sample_app.o(i._Z21cot_sample_msg_handleP16cot_sample_msg_t) refers to sample_app.o(.bss) for s_cot_sample_msg_tx
    sample_app.o(i._Z21cot_sample_msg_handleP16cot_sample_msg_t) refers to sample_app.o(.data) for s_soft_version
    sample_app.o(i._Z26app_layer_process_osal_msgP13cot_phy_msg_t) refers to memcpya.o(.text) for __aeabi_memcpy
    sample_app.o(i._Z26app_layer_process_osal_msgP13cot_phy_msg_t) refers to sample_app.o(i._Z21cot_sample_msg_handleP16cot_sample_msg_t) for cot_sample_msg_handle(cot_sample_msg_t*)
    sample_app.o(i._Z26app_layer_process_osal_msgP13cot_phy_msg_t) refers to osal.o(i.osal_set_event) for osal_set_event
    sample_app.o(i._Z26app_layer_process_osal_msgP13cot_phy_msg_t) refers to log.o(i.log_printf) for log_printf
[...]
    _printf_n                                0x00000000   Number         0  stubs.o ABSOLUTE
    _printf_o                                0x00000000   Number         0  stubs.o ABSOLUTE
    _printf_p                                0x00000000   Number         0  stubs.o ABSOLUTE
    _printf_percent                          0x00000000   Number         0  stubs.o ABSOLUTE
    _printf_pre_padding                      0x00000000   Number         0  stubs.o ABSOLUTE
    _printf_return_value                     0x00000000   Number         0  stubs.o ABSOLUTE
    _printf_s                                0x00000000   Number         0  stubs.o ABSOLUTE
    _printf_sizespec                         0x00000000   Number         0  stubs.o ABSOLUTE
    _printf_str                              0x00000000   Number         0  stubs.o ABSOLUTE
    _printf_truncate_signed                  0x00000000   Number         0  stubs.o ABSOLUTE
    _printf_truncate_unsigned                0x00000000   Number         0  stubs.o ABSOLUTE
    _printf_u                                0x00000000   Number         0  stubs.o ABSOLUTE
    _printf_wc                               0x00000000   Number         0  stubs.o ABSOLUTE
    _printf_wctomb                           0x00000000   Number         0  stubs.o ABSOLUTE
    _printf_widthprec                        0x00000000   Number         0  stubs.o ABSOLUTE
    _printf_x                                0x00000000   Number         0  stubs.o ABSOLUTE
    __ARM::default_unexpected_handler()       - Undefined Weak Reference
    __ARM_exceptions_buffer_required          - Undefined Weak Reference
    _clock_init                               - Undefined Weak Reference
    _microlib_exit                            - Undefined Weak Reference
    Reset_Handler                            0x00000071   Thumb Code    20  startup_keil.o(RESET)
    am_nmi_isr                               0x00000085   Thumb Code     2  startup_keil.o(RESET)
    am_memmanage_isr                         0x00000089   Thumb Code     2  startup_keil.o(RESET)
    am_mpufault_isr                          0x0000008b   Thumb Code     2  startup_keil.o(RESET)
    am_busfault_isr                          0x0000008d   Thumb Code     2  startup_keil.o(RESET)
    am_usagefault_isr                        0x0000008f   Thumb Code     2  startup_keil.o(RESET)
    am_adc_isr                               0x00000091   Thumb Code     0  startup_keil.o(RESET)
    am_brownout_isr                          0x00000091   Thumb Code     0  startup_keil.o(RESET)
    am_debugmon_isr                          0x00000091   Thumb Code     0  startup_keil.o(RESET)
    am_iomaster0_isr                         0x00000091   Thumb Code     0  startup_keil.o(RESET)
    am_iomaster1_isr                         0x00000091   Thumb Code     0  startup_keil.o(RESET)
    am_ioslave_acc_isr                       0x00000091   Thumb Code     0  startup_keil.o(RESET)
    am_ioslave_ios_isr                       0x00000091   Thumb Code     0  startup_keil.o(RESET)
    am_pendsv_isr                            0x00000091   Thumb Code     0  startup_keil.o(RESET)
    am_svcall_isr                            0x00000091   Thumb Code     0  startup_keil.o(RESET)
    am_vcomp_isr                             0x00000091   Thumb Code     0  startup_keil.o(RESET)
    am_watchdog_isr                          0x00000091   Thumb Code     0  startup_keil.o(RESET)
    __main                                   0x00000099   Thumb Code     0  entry.o(.ARM.Collect$$$$00000000)
    _main_stk                                0x00000099   Thumb Code     0  entry2.o(.ARM.Collect$$$$00000001)
    _main_scatterload                        0x0000009d   Thumb Code     0  entry5.o(.ARM.Collect$$$$00000004)
    __main_after_scatterload                 0x000000a1   Thumb Code     0  entry5.o(.ARM.Collect$$$$00000004)
    _main_clock                              0x000000a1   Thumb Code     0  entry7b.o(.ARM.Collect$$$$00000008)
    _main_cpp_init$empty                     0x000000a1   Thumb Code     0  entry8a.o(.ARM.Collect$$$$00000009)
    _main_cpp_init                           0x000000a5   Thumb Code     0  entry8b.o(.ARM.Collect$$$$0000000A)
    _main_init                               0x000000a5   Thumb Code     0  entry9a.o(.ARM.Collect$$$$0000000B)
    __rt_final_cpp                           0x000000ad   Thumb Code     0  entry10a.o(.ARM.Collect$$$$0000000D)
    __rt_final_cpp$nonempty                  0x000000ad   Thumb Code     0  entry10b.o(.ARM.Collect$$$$0000000E)
    __rt_final_exit                          0x000000b1   Thumb Code     0  entry11a.o(.ARM.Collect$$$$0000000F)
    am_util_delay_cycles                     0x000000b5   Thumb Code     6  am_util_delay.o(.emb_text)
    am_fault_isr                             0x000000bd   Thumb Code    12  am_util_faultisr.o(.emb_text)
    getStackedReg                            0x000000c9   Thumb Code     8  am_util_faultisr.o(.emb_text)
    am_hal_interrupt_master_enable           0x000000d1   Thumb Code     8  am_hal_interrupt.o(.emb_text)
    am_hal_interrupt_master_disable          0x000000d9   Thumb Code     8  am_hal_interrupt.o(.emb_text)
    am_hal_interrupt_master_set              0x000000e1   Thumb Code     6  am_hal_interrupt.o(.emb_text)
    __aeabi_uldivmod                         0x000000e7   Thumb Code    98  uldiv.o(.text)
    rand                                     0x00000149   Thumb Code    20  rand.o(.text)
    srand                                    0x0000015d   Thumb Code     6  rand.o(.text)
    __aeabi_memcpy                           0x0000016d   Thumb Code    36  memcpya.o(.text)
    __aeabi_memcpy4                          0x0000016d   Thumb Code     0  memcpya.o(.text)
    __aeabi_memcpy8                          0x0000016d   Thumb Code     0  memcpya.o(.text)
    __aeabi_memset                           0x00000191   Thumb Code    14  memseta.o(.text)
    __aeabi_memset4                          0x00000191   Thumb Code     0  memseta.o(.text)
    __aeabi_memset8                          0x00000191   Thumb Code     0  memseta.o(.text)
    __aeabi_memclr                           0x0000019f   Thumb Code     4  memseta.o(.text)
    __aeabi_memclr4                          0x0000019f   Thumb Code     0  memseta.o(.text)
    __aeabi_memclr8                          0x0000019f   Thumb Code     0  memseta.o(.text)
    memset                                   0x000001a3   Thumb Code    18  memseta.o(.text)
    strcmp                                   0x000001b5   Thumb Code    28  strcmp.o(.text)
    memcmp                                   0x000001d1   Thumb Code    26  memcmp.o(.text)
    strncmp                                  0x000001eb   Thumb Code    30  strncmp.o(.text)
    __cpp_initialize__aeabi_                 0x00000209   Thumb Code    22  cpp_init.o(.text)
    __aeabi_atexit                           0x00000229   Thumb Code    46  aeabi_atexit.o(.text)
    __aeabi_dadd                             0x00000257   Thumb Code   322  dadd.o(.text)
    __aeabi_dsub                             0x00000399   Thumb Code     6  dadd.o(.text)
    __aeabi_drsub                            0x0000039f   Thumb Code     6  dadd.o(.text)
    __aeabi_dmul                             0x000003a5   Thumb Code   228  dmul.o(.text)
    __aeabi_ddiv                             0x00000489   Thumb Code   222  ddiv.o(.text)
    __aeabi_i2d                              0x00000567   Thumb Code    34  dflti.o(.text)
    __aeabi_ui2d                             0x00000589   Thumb Code    26  dfltui.o(.text)
    __aeabi_d2iz                             0x000005a3   Thumb Code    62  dfixi.o(.text)
    __aeabi_d2uiz                            0x000005e1   Thumb Code    50  dfixui.o(.text)
    __aeabi_cdcmpeq                          0x00000615   Thumb Code     0  cdcmple.o(.text)
    __aeabi_cdcmple                          0x00000615   Thumb Code    48  cdcmple.o(.text)
    __aeabi_cdrcmple                         0x00000645   Thumb Code    48  cdrcmple.o(.text)
    __aeabi_d2f                              0x00000675   Thumb Code    56  d2f.o(.text)
    __aeabi_uidiv                            0x000006ad   Thumb Code     0  uidiv.o(.text)
    __aeabi_uidivmod                         0x000006ad   Thumb Code    44  uidiv.o(.text)
    __aeabi_llsl                             0x000006d9   Thumb Code    30  llshl.o(.text)
    _ll_shift_l                              0x000006d9   Thumb Code     0  llshl.o(.text)
    __aeabi_llsr                             0x000006f7   Thumb Code    32  llushr.o(.text)
    _ll_ushift_r                             0x000006f7   Thumb Code     0  llushr.o(.text)
    __aeabi_lasr                             0x00000717   Thumb Code    36  llsshr.o(.text)
    _ll_sshift_r                             0x00000717   Thumb Code     0  llsshr.o(.text)
    __I$use$fp                               0x0000073b   Thumb Code     0  iusefp.o(.text)
    __rt_ddtor_pointer_addr                  0x0000073d   Thumb Code     4  cpp_dtor.o(.text)
    __rt_SIGPVFN                             0x00000745   Thumb Code     2  cpp_signal.o(.text)
    __cxa_finalize                           0x00000747   Thumb Code    66  cxa_finalize.o(.text)
    _float_round                             0x00000789   Thumb Code    18  fepilogue.o(.text)
    _float_epilogue                          0x0000079b   Thumb Code    92  fepilogue.o(.text)
    _double_round                            0x000007f7   Thumb Code    30  depilogue.o(.text)
    _double_epilogue                         0x00000815   Thumb Code   156  depilogue.o(.text)
    __ARM_scalbn                             0x000008b1   Thumb Code    46  dscalb.o(.text)
    scalbn                                   0x000008b1   Thumb Code     0  dscalb.o(.text)
    _dsqrt                                   0x000008df   Thumb Code   162  dsqrt.o(.text)
    __aeabi_d2ulz                            0x00000981   Thumb Code    48  dfixul.o(.text)
    __scatterload                            0x000009b1   Thumb Code    28  init.o(.text)
    __scatterload_rt2                        0x000009b1   Thumb Code     0  init.o(.text)
    __rt_lib_shutdown_cpp_2                  0x000009d5   Thumb Code     2  cpp_final.o(.text)
    __decompress                             0x000009d7   Thumb Code     0  __dczerorl2.o(.text)
    __decompress1                            0x000009d7   Thumb Code    86  __dczerorl2.o(.text)
    FLASH_InitModule                         0x00000a2d   Thumb Code    12  flash.o(i.FLASH_InitModule)
    FLASH_Lseek                              0x00000a3d   Thumb Code    34  flash.o(i.FLASH_Lseek)
    FLASH_Read                               0x00000a91   Thumb Code    82  flash.o(i.FLASH_Read)
    FLASH_Write                              0x00000b25   Thumb Code   206  flash.o(i.FLASH_Write)
    OnRxTimeout()                            0x00001391   Thumb Code    14  cot_physical_layer.o(i._Z11OnRxTimeoutv)
    OnTxTimeout()                            0x000013a5   Thumb Code    14  cot_physical_layer.o(i._Z11OnTxTimeoutv)
    get_rf_param(ConfigData_t*)              0x000013b9   Thumb Code    26  rfparamconfig.o(i._Z12get_rf_paramP12ConfigData_t)
    set_rf_param(ConfigData_t*, bool)        0x000013d9   Thumb Code    44  rfparamconfig.o(i._Z12set_rf_paramP12ConfigData_tb)
    DataFlashInit()                          0x00001409   Thumb Code    60  rfparamconfig.o(i._Z13DataFlashInitv)
    OnRangingDone(IrqRangingCode_t)          0x00001495   Thumb Code    60  cot_physical_layer.o(i._Z13OnRangingDone16IrqRangingCode_t)
    phy_layer_init(unsigned char)            0x000014d5   Thumb Code    24  cot_physical_layer.o(i._Z14phy_layer_inith)
    ParametersSettings(PHYParamSettings_t*)  0x00001ea5   Thumb Code   744  cot_physical_layer.o(i._Z18ParametersSettingsP18PHYParamSettings_t)
    rng_check_distance(ModulationParams_t*)  0x00002255   Thumb Code   786  cot_physical_layer.o(i._Z18rng_check_distanceP18ModulationParams_t)
    set_workparameters()                     0x000025a9   Thumb Code    80  cot_physical_layer.o(i._Z18set_workparametersv)
    DataFlashLoadSettings(RF_RadioPacketTypes_t) 0x000028f5   Thumb Code   800  rfparamconfig.o(i._Z21DataFlashLoadSettings21RF_RadioPacketTypes_t)
    DataFlashSaveSettings(bool, ConfigDataSet_t) 0x00002c19   Thumb Code   814  rfparamconfig.o(i._Z21DataFlashSaveSettingsb15ConfigDataSet_t)
    cot_phy_ranging_slave(SX1280Hal*, ModulationParams_t*) 0x00002f75   Thumb Code   112  cot_physical_layer.o(i._Z21cot_phy_ranging_slaveP9SX1280HalP18ModulationParams_t)
    get_phy_layer_task_id()                  0x000033a1   Thumb Code     6  cot_physical_layer.o(i._Z21get_phy_layer_task_idv)
    DataFlashMcuReadBuffer(unsigned short, unsigned char*, unsigned short) 0x000033ad   Thumb Code    24  rfparamconfig.o(i._Z22DataFlashMcuReadBuffertPht)
    cot_phy_ranging_master(SX1280Hal*, ModulationParams_t*) 0x000033c5   Thumb Code    98  cot_physical_layer.o(i._Z22cot_phy_ranging_masterP9SX1280HalP18ModulationParams_t)
    phy_layer_processevent(unsigned char, unsigned short) 0x00003439   Thumb Code  1838  cot_physical_layer.o(i._Z22phy_layer_processeventht)
    phy_layer_ranging_init(unsigned char)    0x00003c19   Thumb Code    12  cot_phy_ranging.o(i._Z22phy_layer_ranging_inith)
    rng_calculate_distance(ModulationParams_t*, unsigned char, double) 0x00003c2d   Thumb Code   334  cot_physical_layer.o(i._Z22rng_calculate_distanceP18ModulationParams_thd)
    DataFlashMcuWriteBuffer(unsigned short, unsigned char*, unsigned short) 0x00003df1   Thumb Code    78  rfparamconfig.o(i._Z23DataFlashMcuWriteBuffertPht)
    cot_phy_SetPacketParams(unsigned char, PacketParams_t*) 0x00003e49   Thumb Code    84  cot_physical_layer.o(i._Z23cot_phy_SetPacketParamshP14PacketParams_t)
    get_phy_ranging_task_id()                0x00003ea1   Thumb Code     6  cot_phy_ranging.o(i._Z23get_phy_ranging_task_idv)
    phy_ranging_processevent(unsigned char, unsigned short) 0x00003ead   Thumb Code   162  cot_phy_ranging.o(i._Z24phy_ranging_processeventht)
    cot_ranging_confer_config(SX1280Hal*, PacketParams_t*, ModulationParams_t*) 0x00003f75   Thumb Code   170  cot_physical_layer.o(i._Z25cot_ranging_confer_configP9SX1280HalP14PacketParams_tP18ModulationParams_t)
    cot_ranging_master_config(SX1280Hal*, PacketParams_t*, ModulationParams_t*) 0x0000402d   Thumb Code    34  cot_physical_layer.o(i._Z25cot_ranging_master_configP9SX1280HalP14PacketParams_tP18ModulationParams_t)
    DataFlashSetDefaultSettings()            0x000041d1   Thumb Code   462  rfparamconfig.o(i._Z27DataFlashSetDefaultSettingsv)
    DataFlashLoadGeneralSettings()           0x000043f9   Thumb Code   570  rfparamconfig.o(i._Z28DataFlashLoadGeneralSettingsv)
    set_phy_layer_ranging_status(unsigned char) 0x00004681   Thumb Code     6  cot_phy_ranging.o(i._Z28set_phy_layer_ranging_statush)
    OnRxDone()                               0x00004885   Thumb Code    16  cot_physical_layer.o(i._Z8OnRxDonev)
    OnTxDone()                               0x00004899   Thumb Code    16  cot_physical_layer.o(i._Z8OnTxDonev)
    OnRxError(IrqErrorCode_t)                0x000048ad   Thumb Code    16  cot_physical_layer.o(i._Z9OnRxError14IrqErrorCode_t)
    SX1280::GetPayload(unsigned char*, unsigned char*, unsigned char) 0x000048c1   Thumb Code    52  sx1280.o(i._ZN6SX128010GetPayloadEPhS0_h)
    SX1280::SetCrcSeed(unsigned short)       0x000048f5   Thumb Code    58  sx1280.o(i._ZN6SX128010SetCrcSeedEt)
    SX1280::SetPayload(unsigned char*, unsigned char, unsigned char) 0x0000492f   Thumb Code    30  sx1280.o(i._ZN6SX128010SetPayloadEPhhh)
    SX1280::SetStandby(RadioStandbyModes_t)  0x0000494d   Thumb Code    40  sx1280.o(i._ZN6SX128010SetStandbyE19RadioStandbyModes_t)
    SX1280::ProcessIrqs()                    0x00004975   Thumb Code   662  sx1280.o(i._ZN6SX128011ProcessIrqsEv)
    SX1280::SendPayload(unsigned char*, unsigned char, TickTime_s, unsigned char) 0x00004c0b   Thumb Code    36  sx1280.o(i._ZN6SX128011SendPayloadEPhh10TickTime_sh)
    SX1280::SetSyncWord(unsigned char, unsigned char*) 0x00004c2f   Thumb Code   170  sx1280.o(i._ZN6SX128011SetSyncWordEhPh)
    SX1280::SetTxParams(signed char, RadioRampTimes_t) 0x00004cd9   Thumb Code    38  sx1280.o(i._ZN6SX128011SetTxParamsEa16RadioRampTimes_t)
    SX1280::complement2(unsigned, unsigned char) 0x00004cff   Thumb Code    26  sx1280.o(i._ZN6SX128011complement2Ejh)
    SX1280::GetIrqStatus()                   0x00004d19   Thumb Code    32  sx1280.o(i._ZN6SX128012GetIrqStatusEv)
    SX1280::GetPacketType()                  0x00004d39   Thumb Code     8  sx1280.o(i._ZN6SX128013GetPacketTypeEv)
    SX1280::SetPacketType(RadioPacketTypes_t) 0x00004d41   Thumb Code    28  sx1280.o(i._ZN6SX128013SetPacketTypeE18RadioPacketTypes_t)
    SX1280::ClearIrqStatus(unsigned short)   0x00004d5d   Thumb Code    34  sx1280.o(i._ZN6SX128014ClearIrqStatusEt)
    SX1280::SetRangingRole(RadioRangingRoles_t) 0x00004d7f   Thumb Code    24  sx1280.o(i._ZN6SX128014SetRangingRoleE19RadioRangingRoles_t)
    SX1280::SetRfFrequency(unsigned)         0x00004d99   Thumb Code   122  sx1280.o(i._ZN6SX128014SetRfFrequencyEj)
    SX1280::GetPacketStatus(PacketStatus_t*) 0x00004e2d   Thumb Code   738  sx1280.o(i._ZN6SX128015GetPacketStatusEP14PacketStatus_t)
    SX1280::SetDioIrqParams(unsigned short, unsigned short, unsigned short, unsigned short) 0x0000510f   Thumb Code    88  sx1280.o(i._ZN6SX128015SetDioIrqParamsEtttt)
    SX1280::SetPacketParams(PacketParams_t*) 0x00005167   Thumb Code   276  sx1280.o(i._ZN6SX128015SetPacketParamsEP14PacketParams_t)
    SX1280::GetLoRaBandwidth()               0x0000527d   Thumb Code    48  sx1280.o(i._ZN6SX128016GetLoRaBandwidthEv)
    SX1280::GetRangingResult(RadioRangingResultTypes_t) 0x000052bd   Thumb Code   336  sx1280.o(i._ZN6SX128016GetRangingResultE25RadioRangingResultTypes_t)
    SX1280::SetCrcPolynomial(unsigned short) 0x0000542d   Thumb Code    58  sx1280.o(i._ZN6SX128016SetCrcPolynomialEt)
    SX1280::SetRegulatorMode(RadioRegulatorModes_t) 0x00005467   Thumb Code    20  sx1280.o(i._ZN6SX128016SetRegulatorModeE21RadioRegulatorModes_t)
    SX1280::GetFrequencyError()              0x0000547d   Thumb Code   266  sx1280.o(i._ZN6SX128017GetFrequencyErrorEv)
    SX1280::GetRxBufferStatus(unsigned char*, unsigned char*) 0x000055a9   Thumb Code    82  sx1280.o(i._ZN6SX128017GetRxBufferStatusEPhS0_)
    SX1280::SetModulationParams(ModulationParams_t*) 0x000055fb   Thumb Code   178  sx1280.o(i._ZN6SX128019SetModulationParamsEP18ModulationParams_t)
    SX1280::SetRegistersDefault()            0x000056ad   Thumb Code    40  sx1280.o(i._ZN6SX128019SetRegistersDefaultEv)
    SX1280::SetRangingCalibration(unsigned short) 0x000056d9   Thumb Code    52  sx1280.o(i._ZN6SX128021SetRangingCalibrationEt)
    SX1280::SetBufferBaseAddresses(unsigned char, unsigned char) 0x0000570d   Thumb Code    32  sx1280.o(i._ZN6SX128022SetBufferBaseAddressesEhh)
    SX1280::SetDeviceRangingAddress(unsigned) 0x0000572d   Thumb Code    64  sx1280.o(i._ZN6SX128023SetDeviceRangingAddressEj)
    SX1280::SetRangingRequestAddress(unsigned) 0x0000576d   Thumb Code    64  sx1280.o(i._ZN6SX128024SetRangingRequestAddressEj)
    SX1280::Init()                           0x000057ad   Thumb Code    32  sx1280.o(i._ZN6SX12804InitEv)
    SX1280::SetRx(TickTime_s)                0x000057cd   Thumb Code    84  sx1280.o(i._ZN6SX12805SetRxE10TickTime_s)
    SX1280::SetTx(TickTime_s)                0x00005821   Thumb Code    84  sx1280.o(i._ZN6SX12805SetTxE10TickTime_s)
    SX1280::OnDioIrq()                       0x00005875   Thumb Code    26  sx1280.o(i._ZN6SX12808OnDioIrqEv)
    SX1280::SX1280__sub_object(RadioCallbacks_t*) 0x00005891   Thumb Code    78  sx1280-hal.o(i._ZN6SX1280C2EP16RadioCallbacks_t)
    SX1280Hal::ReadBuffer(unsigned char, unsigned char*, unsigned char) 0x000058ed   Thumb Code   102  sx1280-hal.o(i._ZN9SX1280Hal10ReadBufferEhPhh)
    SX1280Hal::WaitOnBusy()                  0x00005953   Thumb Code    50  sx1280-hal.o(i._ZN9SX1280Hal10WaitOnBusyEv)
    SX1280Hal::ReadCommand(RadioCommands_u, unsigned char*, unsigned short) 0x00005985   Thumb Code    96  sx1280-hal.o(i._ZN9SX1280Hal11ReadCommandE15RadioCommands_uPht)
    SX1280Hal::WriteBuffer(unsigned char, unsigned char*, unsigned char) 0x000059e5   Thumb Code    92  sx1280-hal.o(i._ZN9SX1280Hal11WriteBufferEhPhh)
    SX1280Hal::ReadRegister(unsigned short)  0x00005a41   Thumb Code    26  sx1280-hal.o(i._ZN9SX1280Hal12ReadRegisterEt)
    SX1280Hal::ReadRegister(unsigned short, unsigned char*, unsigned short) 0x00005a5b   Thumb Code   118  sx1280-hal.o(i._ZN9SX1280Hal12ReadRegisterEtPht)
    SX1280Hal::WriteCommand(RadioCommands_u, unsigned char*, unsigned short) 0x00005ad1   Thumb Code    82  sx1280-hal.o(i._ZN9SX1280Hal12WriteCommandE15RadioCommands_uPht)
    SX1280Hal::WriteRegister(unsigned short, unsigned char*, unsigned short) 0x00005b23   Thumb Code   108  sx1280-hal.o(i._ZN9SX1280Hal13WriteRegisterEtPht)
    SX1280Hal::WriteRegister(unsigned short, unsigned char) 0x00005b8f   Thumb Code    22  sx1280-hal.o(i._ZN9SX1280Hal13WriteRegisterEth)
    SX1280Hal::Reset()                       0x00005ba5   Thumb Code    84  sx1280-hal.o(i._ZN9SX1280Hal5ResetEv)
    SX1280Hal::HalInit()                     0x00005bf9   Thumb Code    54  sx1280-hal.o(i._ZN9SX1280Hal7HalInitEv)
    SX1280Hal::IoIrqInit(void(SX1280::*)())  0x00005c41   Thumb Code     2  sx1280-hal.o(i._ZN9SX1280Hal9IoIrqInitEM6SX1280FvvE)
    SX1280Hal::SX1280Hal(RadioCallbacks_t*)  0x00005c45   Thumb Code    24  sx1280-hal.o(i._ZN9SX1280HalC1EP16RadioCallbacks_t)
    SX1280Hal::SX1280Hal__sub_object(RadioCallbacks_t*) 0x00005c45   Thumb Code     0  sx1280-hal.o(i._ZN9SX1280HalC1EP16RadioCallbacks_t)
    SX1280Hal::~SX1280Hal()                  0x00005c61   Thumb Code    14  sx1280-hal.o(i._ZN9SX1280HalD1Ev)
    SX1280Hal::~SX1280Hal__sub_object()      0x00005c61   Thumb Code     0  sx1280-hal.o(i._ZN9SX1280HalD1Ev)
    std::ceil(float)                         0x00005c6f   Thumb Code    24  cot_physical_layer.o(i._ZSt4ceilf)
    __0sprintf                               0x00005c89   Thumb Code    34  printfa.o(i.__0sprintf)
    __1sprintf                               0x00005c89   Thumb Code     0  printfa.o(i.__0sprintf)
    __2sprintf                               0x00005c89   Thumb Code     0  printfa.o(i.__0sprintf)
    __c89sprintf                             0x00005c89   Thumb Code     0  printfa.o(i.__0sprintf)
    sprintf                                  0x00005c89   Thumb Code     0  printfa.o(i.__0sprintf)
    __ARM_fpclassify                         0x00005cb1   Thumb Code    48  fpclassify.o(i.__ARM_fpclassify)
    __cxa_pure_virtual                       0x00005ce1   Thumb Code     6  pure_virt.o(i.__cxa_pure_virtual)
    __hardfp_ceil                            0x00005ce9   Thumb Code   252  ceil.o(i.__hardfp_ceil)
    __hardfp_ceilf                           0x00005e01   Thumb Code    98  ceilf.o(i.__hardfp_ceilf)
    __mathlib_ceilf                          0x00005e01   Thumb Code     0  ceilf.o(i.__hardfp_ceilf)
    __hardfp_exp                             0x00005e71   Thumb Code   714  exp.o(i.__hardfp_exp)
    __hardfp_fabs                            0x000061c9   Thumb Code    20  fabs.o(i.__hardfp_fabs)
    __hardfp_floor                           0x000061e1   Thumb Code   252  floor.o(i.__hardfp_floor)
    __hardfp_pow                             0x000062f9   Thumb Code  3072  pow.o(i.__hardfp_pow)
    __hardfp_sqrt                            0x00006f49   Thumb Code   122  sqrt.o(i.__hardfp_sqrt)
    __kernel_poly                            0x00006fc3   Thumb Code   248  poly.o(i.__kernel_poly)
    __mathlib_dbl_divzero                    0x000070c1   Thumb Code    28  dunder.o(i.__mathlib_dbl_divzero)
    __mathlib_dbl_infnan                     0x000070f1   Thumb Code    20  dunder.o(i.__mathlib_dbl_infnan)
    __mathlib_dbl_infnan2                    0x00007105   Thumb Code    20  dunder.o(i.__mathlib_dbl_infnan2)
    __mathlib_dbl_invalid                    0x00007119   Thumb Code    24  dunder.o(i.__mathlib_dbl_invalid)
    __mathlib_dbl_overflow                   0x00007139   Thumb Code    24  dunder.o(i.__mathlib_dbl_overflow)
    __mathlib_dbl_underflow                  0x00007159   Thumb Code    24  dunder.o(i.__mathlib_dbl_underflow)
    __scatterload_copy                       0x00007179   Thumb Code    14  handlers.o(i.__scatterload_copy)
    __scatterload_null                       0x00007187   Thumb Code     2  handlers.o(i.__scatterload_null)
    __scatterload_zeroinit                   0x00007189   Thumb Code    14  handlers.o(i.__scatterload_zeroinit)
    __set_errno                              0x00007199   Thumb Code     6  errno.o(i.__set_errno)
    am_bsp_low_power_init                    0x00007a69   Thumb Code    38  am_bsp.o(i.am_bsp_low_power_init)
    am_clkgen_isr                            0x00007a8f   Thumb Code    10  rtc.o(i.am_clkgen_isr)
    am_ctimer_isr                            0x00007a99   Thumb Code    20  hal_timers.o(i.am_ctimer_isr)
    am_gpio_isr                              0x00007ab1   Thumb Code    20  cot_physical_layer.o(i.am_gpio_isr)
    am_hal_clkgen_osc_start                  0x00007ac9   Thumb Code    16  am_hal_clkgen.o(i.am_hal_clkgen_osc_start)
    am_hal_clkgen_osc_stop                   0x00007ad9   Thumb Code    16  am_hal_clkgen.o(i.am_hal_clkgen_osc_stop)
    am_hal_clkgen_sysclk_get                 0x00007ae9   Thumb Code    64  am_hal_clkgen.o(i.am_hal_clkgen_sysclk_get)
    am_hal_clkgen_sysclk_select              0x00007b49   Thumb Code    18  am_hal_clkgen.o(i.am_hal_clkgen_sysclk_select)
    am_hal_ctimer_int_clear                  0x00007b5d   Thumb Code     6  am_hal_ctimer.o(i.am_hal_ctimer_int_clear)
    am_hal_debug_error                       0x00007b69   Thumb Code     4  am_hal_debug.o(i.am_hal_debug_error)
    am_hal_flash_page_erase                  0x00007b6d   Thumb Code    22  am_hal_flash.o(i.am_hal_flash_page_erase)
    am_hal_flash_program_main                0x00007b89   Thumb Code    32  am_hal_flash.o(i.am_hal_flash_program_main)
    am_hal_gpio_int_clear                    0x00007bad   Thumb Code    12  am_hal_gpio.o(i.am_hal_gpio_int_clear)
    am_hal_gpio_int_disable                  0x00007bc1   Thumb Code    26  am_hal_gpio.o(i.am_hal_gpio_int_disable)
    am_hal_gpio_int_enable                   0x00007be5   Thumb Code    26  am_hal_gpio.o(i.am_hal_gpio_int_enable)
    am_hal_interrupt_disable                 0x00007c09   Thumb Code    82  am_hal_interrupt.o(i.am_hal_interrupt_disable)
    am_hal_interrupt_enable                  0x00007c65   Thumb Code    82  am_hal_interrupt.o(i.am_hal_interrupt_enable)
    am_hal_iom_config                        0x00007cc1   Thumb Code    96  am_hal_iom.o(i.am_hal_iom_config)
    am_hal_iom_disable                       0x00007d2d   Thumb Code   138  am_hal_iom.o(i.am_hal_iom_disable)
    am_hal_iom_enable                        0x00007dc9   Thumb Code   128  am_hal_iom.o(i.am_hal_iom_enable)
    am_hal_iom_fifo_empty_slots              0x00007e59   Thumb Code    22  am_hal_iom.o(i.am_hal_iom_fifo_empty_slots)
    am_hal_iom_fifo_full_slots               0x00007e75   Thumb Code    22  am_hal_iom.o(i.am_hal_iom_fifo_full_slots)
    am_hal_iom_fifo_read                     0x00007e91   Thumb Code    66  am_hal_iom.o(i.am_hal_iom_fifo_read)
    am_hal_iom_fifo_write                    0x00007f35   Thumb Code    66  am_hal_iom.o(i.am_hal_iom_fifo_write)
    am_hal_iom_poll_complete                 0x00007fd5   Thumb Code    26  am_hal_iom.o(i.am_hal_iom_poll_complete)
    am_hal_iom_spi_cmd_run                   0x00007ff5   Thumb Code    52  am_hal_iom.o(i.am_hal_iom_spi_cmd_run)
    am_hal_iom_spi_read                      0x00008031   Thumb Code   132  am_hal_iom.o(i.am_hal_iom_spi_read)
    am_hal_iom_spi_write                     0x000080f5   Thumb Code   138  am_hal_iom.o(i.am_hal_iom_spi_write)
    am_hal_mcuctrl_bandgap_disable           0x000081bd   Thumb Code    10  am_hal_mcuctrl.o(i.am_hal_mcuctrl_bandgap_disable)
    am_hal_mcuctrl_bucks_enable              0x000081cd   Thumb Code    52  am_hal_mcuctrl.o(i.am_hal_mcuctrl_bucks_enable)
    am_hal_mcuctrl_device_info_get           0x00008205   Thumb Code    58  am_hal_mcuctrl.o(i.am_hal_mcuctrl_device_info_get)
    am_hal_rtc_alarm_interval_set            0x0000824d   Thumb Code    86  am_hal_rtc.o(i.am_hal_rtc_alarm_interval_set)
    am_hal_rtc_int_clear                     0x000082a5   Thumb Code     6  am_hal_rtc.o(i.am_hal_rtc_int_clear)
    am_hal_rtc_int_disable                   0x000082b1   Thumb Code    16  am_hal_rtc.o(i.am_hal_rtc_int_disable)
    am_hal_rtc_int_enable                    0x000082c5   Thumb Code    16  am_hal_rtc.o(i.am_hal_rtc_int_enable)
    am_hal_rtc_osc_disable                   0x000082d9   Thumb Code    18  am_hal_rtc.o(i.am_hal_rtc_osc_disable)
    am_hal_rtc_osc_enable                    0x000082eb   Thumb Code    18  am_hal_rtc.o(i.am_hal_rtc_osc_enable)
    am_hal_rtc_osc_select                    0x000082fd   Thumb Code    38  am_hal_rtc.o(i.am_hal_rtc_osc_select)
    am_hal_rtc_time_get                      0x00008323   Thumb Code   138  am_hal_rtc.o(i.am_hal_rtc_time_get)
    am_hal_rtc_time_set                      0x000083ad   Thumb Code   180  am_hal_rtc.o(i.am_hal_rtc_time_set)
    am_hal_sysctrl_sleep                     0x00008461   Thumb Code    56  am_hal_sysctrl.o(i.am_hal_sysctrl_sleep)
    am_hal_systick_int_enable                0x000084a1   Thumb Code    18  am_hal_systick.o(i.am_hal_systick_int_enable)
    am_hal_systick_load                      0x000084b3   Thumb Code     8  am_hal_systick.o(i.am_hal_systick_load)
    am_hal_systick_start                     0x000084bb   Thumb Code    18  am_hal_systick.o(i.am_hal_systick_start)
    am_hal_systick_stop                      0x000084cd   Thumb Code    18  am_hal_systick.o(i.am_hal_systick_stop)
    am_hal_uart_char_receive_buffered        0x000084e1   Thumb Code    40  am_hal_uart.o(i.am_hal_uart_char_receive_buffered)
    am_hal_uart_char_transmit_buffered       0x0000850d   Thumb Code    40  am_hal_uart.o(i.am_hal_uart_char_transmit_buffered)
    am_hal_uart_clock_enable                 0x0000853d   Thumb Code    40  am_hal_uart.o(i.am_hal_uart_clock_enable)
    am_hal_uart_config                       0x00008569   Thumb Code    74  am_hal_uart.o(i.am_hal_uart_config)
    am_hal_uart_disable                      0x000085b9   Thumb Code    16  am_hal_uart.o(i.am_hal_uart_disable)
    am_hal_uart_enable                       0x000085cd   Thumb Code    16  am_hal_uart.o(i.am_hal_uart_enable)
    am_hal_uart_fifo_config                  0x000085e1   Thumb Code    18  am_hal_uart.o(i.am_hal_uart_fifo_config)
    am_hal_uart_init_buffered                0x000085f9   Thumb Code    44  am_hal_uart.o(i.am_hal_uart_init_buffered)
    am_hal_uart_int_clear                    0x00008631   Thumb Code     6  am_hal_uart.o(i.am_hal_uart_int_clear)
    am_hal_uart_int_enable                   0x0000863d   Thumb Code    12  am_hal_uart.o(i.am_hal_uart_int_enable)
    am_hal_uart_int_status_get               0x0000864d   Thumb Code    16  am_hal_uart.o(i.am_hal_uart_int_status_get)
    am_hal_uart_service_buffered             0x0000866d   Thumb Code    92  am_hal_uart.o(i.am_hal_uart_service_buffered)
    am_hal_vcomp_disable                     0x000086d5   Thumb Code     8  am_hal_vcomp.o(i.am_hal_vcomp_disable)
    am_systick_isr                           0x000086e1   Thumb Code    22  am_hal_systick.o(i.am_systick_isr)
    am_uart_isr                              0x00008701   Thumb Code    24  uart.o(i.am_uart_isr)
    am_util_delay_ms                         0x00008719   Thumb Code    28  am_util_delay.o(i.am_util_delay_ms)
    am_util_faultisr_collect_data            0x00008735   Thumb Code   406  am_util_faultisr.o(i.am_util_faultisr_collect_data)
    am_util_stdio_printf                     0x00008b65   Thumb Code    40  am_util_stdio.o(i.am_util_stdio_printf)
    am_util_stdio_printf_init                0x00008b95   Thumb Code     6  am_util_stdio.o(i.am_util_stdio_printf_init)
    am_util_stdio_vsprintf                   0x00008ba1   Thumb Code   816  am_util_stdio.o(i.am_util_stdio_vsprintf)
    close                                    0x00008ef5   Thumb Code    24  vfs.o(i.close)
    config_baudrate                          0x00008f0d   Thumb Code    56  am_hal_uart.o(i.config_baudrate)
    fabs                                     0x0000911f   Thumb Code    24  fabs.o(i.fabs)
    free                                     0x00009139   Thumb Code    76  malloc.o(i.free)
    get_sample_task_id                       0x000092dd   Thumb Code     6  sample_app.o(i.get_sample_task_id)
    gpio_init_module                         0x000092e9   Thumb Code    10  gpio.o(i.gpio_init_module)
    hal_sleep                                0x000092f5   Thumb Code    84  hal_sleep.o(i.hal_sleep)
    ioctl                                    0x00009491   Thumb Code    50  vfs.o(i.ioctl)
    log_init_module                          0x000094c5   Thumb Code    10  log.o(i.log_init_module)
    log_printf                               0x000094d5   Thumb Code    12  log.o(i.log_printf)
    lseek                                    0x00009525   Thumb Code    48  vfs.o(i.lseek)
    main                                     0x00009555   Thumb Code    56  sx1280_main.o(i.main)
    malloc                                   0x0000958d   Thumb Code    92  malloc.o(i.malloc)
    open                                     0x0000968d   Thumb Code    64  vfs.o(i.open)
    osalAddTimer                             0x000096d1   Thumb Code    88  osal_time.o(i.osalAddTimer)
    osalFindTimer                            0x0000972d   Thumb Code    32  osal_time.o(i.osalFindTimer)
    osalInitTasks                            0x00009751   Thumb Code    52  osal_sample.o(i.osalInitTasks)
    osalTimeUpdate                           0x00009789   Thumb Code    24  osal.o(i.osalTimeUpdate)
    osalTimerInit                            0x000097a1   Thumb Code    14  osal_time.o(i.osalTimerInit)
    osalTimerUpdate                          0x000097b5   Thumb Code   162  osal_time.o(i.osalTimerUpdate)
    osal_clear_event                         0x00009861   Thumb Code    64  osal.o(i.osal_clear_event)
    osal_get_systick                         0x000098a9   Thumb Code     6  osal_tick.o(i.osal_get_systick)
    osal_init_system                         0x000098b5   Thumb Code    32  osal.o(i.osal_init_system)
    osal_mem_alloc                           0x000098d9   Thumb Code   274  osal_memory.o(i.osal_mem_alloc)
    osal_mem_free                            0x00009a09   Thumb Code    74  osal_memory.o(i.osal_mem_free)
    osal_mem_init                            0x00009a61   Thumb Code    90  osal_memory.o(i.osal_mem_init)
    osal_mem_kick                            0x00009ad1   Thumb Code    36  osal_memory.o(i.osal_mem_kick)
    osal_memset                              0x00009afd   Thumb Code    20  osal.o(i.osal_memset)
    osal_msg_allocate                        0x00009b11   Thumb Code    44  osal.o(i.osal_msg_allocate)
    osal_msg_deallocate                      0x00009b3d   Thumb Code    38  osal.o(i.osal_msg_deallocate)
    osal_msg_enqueue                         0x00009b63   Thumb Code    66  osal.o(i.osal_msg_enqueue)
    osal_msg_extract                         0x00009ba5   Thumb Code    70  osal.o(i.osal_msg_extract)
    osal_msg_receive                         0x00009bed   Thumb Code   114  osal.o(i.osal_msg_receive)
    osal_msg_send                            0x00009c65   Thumb Code    84  osal.o(i.osal_msg_send)
    osal_next_timeout                        0x00009cc1   Thumb Code    34  osal_time.o(i.osal_next_timeout)
    osal_pwrmgr_device                       0x00009ced   Thumb Code     6  osal_pwrmgr.o(i.osal_pwrmgr_device)
    osal_pwrmgr_init                         0x00009cf9   Thumb Code    12  osal_pwrmgr.o(i.osal_pwrmgr_init)
    osal_pwrmgr_powerconserve                0x00009d09   Thumb Code    52  osal_pwrmgr.o(i.osal_pwrmgr_powerconserve)
    osal_pwrmgr_task_state                   0x00009d41   Thumb Code    78  osal_pwrmgr.o(i.osal_pwrmgr_task_state)
    osal_set_event                           0x00009d99   Thumb Code    64  osal.o(i.osal_set_event)
    osal_start_system                        0x00009de1   Thumb Code   154  osal.o(i.osal_start_system)
    osal_start_timerEx                       0x00009e89   Thumb Code    58  osal_time.o(i.osal_start_timerEx)
    osal_systick_configuration               0x00009ec3   Thumb Code    20  osal_tick.o(i.osal_systick_configuration)
    osal_systick_reset                       0x00009ed9   Thumb Code     8  osal_tick.o(i.osal_systick_reset)
    read                                     0x00009ee5   Thumb Code    52  vfs.o(i.read)
    register_dev                             0x00009f19   Thumb Code    36  vfs.o(i.register_dev)
    ring_buffer_init                         0x00009f41   Thumb Code    14  am_hal_uart.o(i.ring_buffer_init)
    ring_buffer_read                         0x00009f4f   Thumb Code    66  am_hal_uart.o(i.ring_buffer_read)
    ring_buffer_write                        0x00009f91   Thumb Code    76  am_hal_uart.o(i.ring_buffer_write)
    rtc_init_module                          0x0000a03d   Thumb Code    10  rtc.o(i.rtc_init_module)
    sample_app_init                          0x0000a049   Thumb Code    20  sample_app.o(i.sample_app_init)
    sample_app_processevent                  0x0000a061   Thumb Code  1012  sample_app.o(i.sample_app_processevent)
    spi_init_module                          0x0000a4fd   Thumb Code    10  spi.o(i.spi_init_module)
    sqrt                                     0x0000a507   Thumb Code   110  sqrt.o(i.sqrt)
    uart_init_module                         0x0000a5fd   Thumb Code    10  uart.o(i.uart_init_module)
    wait_ms                                  0x0000a701   Thumb Code    12  am_hal_systick.o(i.wait_ms)
    wait_us                                  0x0000a70d   Thumb Code     2  am_hal_systick.o(i.wait_us)
    write                                    0x0000a70f   Thumb Code    52  vfs.o(i.write)
    tasksArr                                 0x0000a744   Data          12  osal_sample.o(.constdata)
    tasksCnt                                 0x0000a750   Data           1  osal_sample.o(.constdata)
    am_hal_mcuctrl_flash_size                0x0000a9a0   Data          28  am_hal_mcuctrl.o(.constdata)
    am_hal_mcuctrl_sram_size                 0x0000a9bc   Data          28  am_hal_mcuctrl.o(.constdata)
    __mathlib_zero                           0x0000aab8   Data           8  qnan.o(.constdata)
    vtable for Radio                         0x0000aac0   Data          60  sx1280-hal.o(.constdata__ZTV5Radio)
    vtable for SX1280                        0x0000aafc   Data          76  sx1280.o(.constdata__ZTV6SX1280)
    vtable for SX1280Hal                     0x0000ab48   Data          84  sx1280-hal.o(.constdata__ZTV9SX1280Hal)
    Region$$Table$$Base                      0x0000abc4   Number         0  anon$$obj.o(Region$$Table)
    Region$$Table$$Limit                     0x0000abe4   Number         0  anon$$obj.o(Region$$Table)
    SHT$$INIT_ARRAY$$Base                    0x0000abe4   Number         0  cot_physical_layer.o(.init_array)
    SHT$$INIT_ARRAY$$Limit                   0x0000abe8   Number         0  cpp_init.o(.init_array)
    tasksEvents                              0x10000000   Data           4  osal_sample.o(.data)
    g_src_task_id                            0x1000000c   Data           1  cot_physical_layer.o(.data)
    s_phy_layer_task_id                      0x10000030   Data           1  cot_physical_layer.o(.data)
    Callbacks                                0x10000034   Data          36  cot_physical_layer.o(.data)
    PacketStatus                             0x10000058   Data           6  cot_physical_layer.o(.data)
    g_multicast_id                           0x10000060   Data          32  rfparamconfig.o(.data)
    osal_qHead                               0x10000090   Data           4  osal.o(.data)
    system_reset                             0x10000094   Data           1  osal.o(.data)
    timerHead                                0x100000b0   Data           4  osal_time.o(.data)
    pwrmgr_attribute                         0x100000b8   Data           8  osal_pwrmgr.o(.data)
    g_pfnCharPrint                           0x100000c0   Data           4  am_util_stdio.o(.data)
    g_osal_tick                              0x100000c8   Data           4  hal_timers.o(.data)
    g_sTimer0                                0x100000cc   Data          12  hal_timers.o(.data)
    g_sUartConfig                            0x100000d8   Data          20  uart.o(.data)
    usart_ops                                0x100000ec   Data          28  uart.o(.data)
    file_uart1                               0x10000108   Data          20  uart.o(.data)
    flash_ops                                0x1000011c   Data          28  flash.o(.data)
    file_flash                               0x10000138   Data          20  flash.o(.data)
    g_spi_config                             0x10000150   Data          12  spi.o(.data)
    g_spi_device                             0x1000015c   Data          12  spi.o(.data)
    spi_ops                                  0x10000168   Data          28  spi.o(.data)
    file_spi                                 0x10000184   Data          20  spi.o(.data)
    sx1280_gpio_ops                          0x10000198   Data          28  gpio.o(.data)
    file_sx1280                              0x100001b4   Data          20  gpio.o(.data)
    rtc0_ops                                 0x100001cc   Data          28  rtc.o(.data)
    file_rtc0                                0x100001e8   Data          20  rtc.o(.data)
    g_am_hal_flash                           0x100001fc   Data          32  am_hal_flash.o(.data)
    SRAM_load_ui32                           0x1000021c   Data           8  am_hal_flash.o(.data)
    g_ui32Mod0Interface                      0x10000224   Data           4  am_hal_iom.o(.data)
    g_ui32Mod1Interface                      0x10000228   Data           4  am_hal_iom.o(.data)
    g_tick                                   0x1000022c   Data           4  am_hal_systick.o(.data)
    timer_tick                               0x10000230   Data           4  am_hal_systick.o(.data)
    __microlib_freelist                      0x10000240   Data           4  mvars.o(.data)
    __microlib_freelist_initialised          0x10000244   Data           4  mvars.o(.data)
    Radio                                    0x10000900   Data          68  cot_physical_layer.o(.bss)
    PacketParams                             0x10000944   Data          24  cot_physical_layer.o(.bss)
    ModulationParams                         0x1000095c   Data          81  cot_physical_layer.o(.bss)
    g_rf_param                               0x100009b0   Data         320  rfparamconfig.o(.bss)
    g_uart_rx_fifo                           0x10001f30   Data        1040  uart.o(.bss)
    g_uart_tx_fifo                           0x10002340   Data        1040  uart.o(.bss)
    g_sTxBuffer                              0x10002750   Data          20  am_hal_uart.o(.bss)
    g_sRxBuffer                              0x10002764   Data          20  am_hal_uart.o(.bss)
    __heap_base                              0x10002778   Data           0  startup_keil.o(HEAP)
    __heap_limit                             0x10002978   Data           0  startup_keil.o(HEAP)
    __initial_sp                             0x10003978   Data           0  startup_keil.o(STACK)



==============================================================================

Memory Map of the image

  Image Entry point : 0x00000099

  Load Region LR_1 (Base: 0x00000000, Size: 0x0000ae30, Max: 0xffffffff, ABSOLUTE, COMPRESSED[0x0000acc4])

    Execution Region FLASH (Base: 0x00000000, Size: 0x0000abe8, Max: 0x00080000, ABSOLUTE)

    Base Addr    Size         Type   Attr      Idx    E Section Name        Object

    0x00000000   0x00000098   Code   RO            3    RESET               startup_keil.o
    0x00000098   0x00000000   Code   RO         5894  * .ARM.Collect$$$$00000000  mc_w.l(entry.o)
    0x00000098   0x00000004   Code   RO         6238    .ARM.Collect$$$$00000001  mc_w.l(entry2.o)
    0x0000009c   0x00000004   Code   RO         6241    .ARM.Collect$$$$00000004  mc_w.l(entry5.o)
    0x000000a0   0x00000000   Code   RO         6243    .ARM.Collect$$$$00000008  mc_w.l(entry7b.o)
    0x000000a0   0x00000004   Code   RO         6244    .ARM.Collect$$$$00000009  mc_w.l(entry8a.o)
    0x000000a4   0x00000000   Code   RO         6245    .ARM.Collect$$$$0000000A  mc_w.l(entry8b.o)
    0x000000a4   0x00000008   Code   RO         6246    .ARM.Collect$$$$0000000B  mc_w.l(entry9a.o)
    0x000000ac   0x00000000   Code   RO         6248    .ARM.Collect$$$$0000000D  mc_w.l(entry10a.o)
    0x000000ac   0x00000004   Code   RO         6249    .ARM.Collect$$$$0000000E  mc_w.l(entry10b.o)
    0x000000b0   0x00000000   Code   RO         6250    .ARM.Collect$$$$0000000F  mc_w.l(entry11a.o)
    0x000000b0   0x00000004   Code   RO         6239    .ARM.Collect$$$$00002712  mc_w.l(entry2.o)
    0x000000b4   0x00000006   Code   RO         2774    .emb_text           am_util_delay.o
    0x000000ba   0x00000002   PAD
    0x000000bc   0x00000014   Code   RO         2802    .emb_text           am_util_faultisr.o
    0x000000d0   0x00000016   Code   RO         4437    .emb_text           am_hal_interrupt.o
    0x000000e6   0x00000062   Code   RO         5897    .text               mc_w.l(uldiv.o)
    0x00000148   0x00000024   Code   RO         5899    .text               mc_w.l(rand.o)
    0x0000016c   0x00000024   Code   RO         5902    .text               mc_w.l(memcpya.o)
    0x00000190   0x00000024   Code   RO         5906    .text               mc_w.l(memseta.o)
    0x000001b4   0x0000001c   Code   RO         5910    .text               mc_w.l(strcmp.o)
    0x000001d0   0x0000001a   Code   RO         5912    .text               mc_w.l(memcmp.o)
    0x000001ea   0x0000001e   Code   RO         5914    .text               mc_w.l(strncmp.o)
    0x00000208   0x00000020   Code   RO         6182    .text               mc_w.l(cpp_init.o)
    0x00000228   0x0000002e   Code   RO         6184    .text               mc_w.l(aeabi_atexit.o)
    0x00000256   0x0000014e   Code   RO         6186    .text               mf_w.l(dadd.o)
    0x000003a4   0x000000e4   Code   RO         6188    .text               mf_w.l(dmul.o)
    0x00000488   0x000000de   Code   RO         6190    .text               mf_w.l(ddiv.o)
    0x00000566   0x00000022   Code   RO         6192    .text               mf_w.l(dflti.o)
    0x00000588   0x0000001a   Code   RO         6194    .text               mf_w.l(dfltui.o)
    0x000005a2   0x0000003e   Code   RO         6196    .text               mf_w.l(dfixi.o)
    0x000005e0   0x00000032   Code   RO         6198    .text               mf_w.l(dfixui.o)
    0x00000612   0x00000002   PAD
    0x00000614   0x00000030   Code   RO         6200    .text               mf_w.l(cdcmple.o)
    0x00000644   0x00000030   Code   RO         6202    .text               mf_w.l(cdrcmple.o)
    0x00000674   0x00000038   Code   RO         6204    .text               mf_w.l(d2f.o)
    0x000006ac   0x0000002c   Code   RO         6255    .text               mc_w.l(uidiv.o)
    0x000006d8   0x0000001e   Code   RO         6257    .text               mc_w.l(llshl.o)
    0x000006f6   0x00000020   Code   RO         6259    .text               mc_w.l(llushr.o)
    0x00000716   0x00000024   Code   RO         6261    .text               mc_w.l(llsshr.o)
    0x0000073a   0x00000000   Code   RO         6298    .text               mc_w.l(iusefp.o)
    0x0000073a   0x00000002   PAD
    0x0000073c   0x00000008   Code   RO         6299    .text               mc_w.l(cpp_dtor.o)
    0x00000744   0x00000002   Code   RO         6302    .text               mc_w.l(cpp_signal.o)
    0x00000746   0x00000042   Code   RO         6304    .text               mc_w.l(cxa_finalize.o)
    0x00000788   0x0000006e   Code   RO         6306    .text               mf_w.l(fepilogue.o)
    0x000007f6   0x000000ba   Code   RO         6308    .text               mf_w.l(depilogue.o)
    0x000008b0   0x0000002e   Code   RO         6312    .text               mf_w.l(dscalb.o)
    0x000008de   0x000000a2   Code   RO         6314    .text               mf_w.l(dsqrt.o)
    0x00000980   0x00000030   Code   RO         6316    .text               mf_w.l(dfixul.o)
    0x000009b0   0x00000024   Code   RO         6331    .text               mc_w.l(init.o)
    0x000009d4   0x00000002   Code   RO         6337    .text               mc_w.l(cpp_final.o)
    0x000009d6   0x00000056   Code   RO         6355    .text               mc_w.l(__dczerorl2.o)
    0x00000a2c   0x00000010   Code   RO         3597    i.FLASH_InitModule  flash.o
    0x00000a3c   0x00000022   Code   RO         3598    i.FLASH_Lseek       flash.o
    0x00000a5e   0x00000002   PAD
    0x00000a60   0x00000030   Code   RO         3599    i.FLASH_Open        flash.o
    0x00000a90   0x0000005c   Code   RO         3600    i.FLASH_Read        flash.o
    0x00000aec   0x00000038   Code   RO         3601    i.FLASH_Release     flash.o
    0x00000b24   0x000000dc   Code   RO         3602    i.FLASH_Write       flash.o
    0x00000c00   0x00000050   Code   RO         3767    i.RTC0_Ioctl        rtc.o
    0x00000c50   0x00000028   Code   RO         3768    i.RTC0_Lseek        rtc.o
    0x00000c78   0x00000030   Code   RO         3769    i.RTC0_Open         rtc.o
    0x00000ca8   0x0000003c   Code   RO         3770    i.RTC0_Read         rtc.o
    0x00000ce4   0x00000030   Code   RO         3771    i.RTC0_Release      rtc.o
    0x00000d14   0x0000003c   Code   RO         3772    i.RTC0_Write        rtc.o
    0x00000d50   0x0000005c   Code   RO         3644    i.SPI_Ioctl         spi.o
    0x00000dac   0x0000003c   Code   RO         3645    i.SPI_Lseek         spi.o
    0x00000de8   0x00000030   Code   RO         3646    i.SPI_Open          spi.o
    0x00000e18   0x000000d4   Code   RO         3647    i.SPI_Read          spi.o
    0x00000eec   0x00000030   Code   RO         3648    i.SPI_Release       spi.o
    0x00000f1c   0x000000cc   Code   RO         3649    i.SPI_Write         spi.o
    0x00000fe8   0x0000003c   Code   RO         3708    i.SX1280_GPIO_IRQ_Register  gpio.o
    0x00001024   0x00000080   Code   RO         3709    i.SX1280_GPIO_Ioctl  gpio.o
    0x000010a4   0x0000001c   Code   RO         3710    i.SX1280_GPIO_Lseek  gpio.o
    0x000010c0   0x00000030   Code   RO         3711    i.SX1280_GPIO_Open  gpio.o
    0x000010f0   0x00000080   Code   RO         3712    i.SX1280_GPIO_Read  gpio.o
    0x00001170   0x00000030   Code   RO         3713    i.SX1280_GPIO_Release  gpio.o
    0x000011a0   0x00000064   Code   RO         3714    i.SX1280_GPIO_Write  gpio.o
    0x00001204   0x00000088   Code   RO         3389    i.USART_Ioctl       uart.o
    0x0000128c   0x00000030   Code   RO         3390    i.USART_Open        uart.o
    0x000012bc   0x00000058   Code   RO         3391    i.USART_Read        uart.o
    0x00001314   0x00000030   Code   RO         3392    i.USART_Release     uart.o
    0x00001344   0x0000004c   Code   RO         3393    i.USART_Write       uart.o
    0x00001390   0x00000014   Code   RO         1799    i._Z11OnRxTimeoutv  cot_physical_layer.o
    0x000013a4   0x00000014   Code   RO         1800    i._Z11OnTxTimeoutv  cot_physical_layer.o
    0x000013b8   0x00000020   Code   RO         2047    i._Z12get_rf_paramP12ConfigData_t  rfparamconfig.o
    0x000013d8   0x00000030   Code   RO         2048    i._Z12set_rf_paramP12ConfigData_tb  rfparamconfig.o
    0x00001408   0x0000008c   Code   RO         2049    i._Z13DataFlashInitv  rfparamconfig.o
    0x00001494   0x00000040   Code   RO         1801    i._Z13OnRangingDone16IrqRangingCode_t  cot_physical_layer.o
    0x000014d4   0x00000020   Code   RO         1802    i._Z14phy_layer_inith  cot_physical_layer.o
    0x000014f4   0x00000748   Code   RO         1803    i._Z15get_time_on_airh18ModulationParams_t14PacketParams_t  cot_physical_layer.o
    0x00001c3c   0x00000248   Code   RO         1804    i._Z15init_parametersP18PHYParamSettings_t  cot_physical_layer.o
    0x00001e84   0x0000001e   Code   RO         2051    i._Z16LoRaMAC_BKDRHashPh  rfparamconfig.o
    0x00001ea2   0x00000002   PAD
    0x00001ea4   0x000003b0   Code   RO         1805    i._Z18ParametersSettingsP18PHYParamSettings_t  cot_physical_layer.o
    0x00002254   0x00000354   Code   RO         1806    i._Z18rng_check_distanceP18ModulationParams_t  cot_physical_layer.o
    0x000025a8   0x0000005c   Code   RO         1807    i._Z18set_workparametersv  cot_physical_layer.o
    0x00002604   0x0000028a   Code   RO          355    i._Z19sample_rf_param_get12ConfigData_tP18PHYParamSettings_t  sample_app.o
    0x0000288e   0x00000002   PAD
    0x00002890   0x00000064   Code   RO         2052    i._Z21DataFlashDataCheckSumv  rfparamconfig.o
    0x000028f4   0x00000324   Code   RO         2053    i._Z21DataFlashLoadSettings21RF_RadioPacketTypes_t  rfparamconfig.o
    0x00002c18   0x00000334   Code   RO         2054    i._Z21DataFlashSaveSettingsb15ConfigDataSet_t  rfparamconfig.o
    0x00002f4c   0x00000028   Code   RO         2055    i._Z21LoRaMAC_IDHashProgramv  rfparamconfig.o
    0x00002f74   0x00000084   Code   RO         1808    i._Z21cot_phy_ranging_slaveP9SX1280HalP18ModulationParams_t  cot_physical_layer.o
    0x00002ff8   0x000003a8   Code   RO          356    i._Z21cot_sample_msg_handleP16cot_sample_msg_t  sample_app.o
    0x000033a0   0x0000000c   Code   RO         1809    i._Z21get_phy_layer_task_idv  cot_physical_layer.o
    0x000033ac   0x00000018   Code   RO         2056    i._Z22DataFlashMcuReadBuffertPht  rfparamconfig.o
    0x000033c4   0x00000074   Code   RO         1810    i._Z22cot_phy_ranging_masterP9SX1280HalP18ModulationParams_t  cot_physical_layer.o
    0x00003438   0x000007e0   Code   RO         1811    i._Z22phy_layer_processeventht  cot_physical_layer.o
    0x00003c18   0x00000014   Code   RO         2156    i._Z22phy_layer_ranging_inith  cot_phy_ranging.o
    0x00003c2c   0x000001c4   Code   RO         1812    i._Z22rng_calculate_distanceP18ModulationParams_thd  cot_physical_layer.o
    0x00003df0   0x00000058   Code   RO         2057    i._Z23DataFlashMcuWriteBuffertPht  rfparamconfig.o
    0x00003e48   0x00000058   Code   RO         1814    i._Z23cot_phy_SetPacketParamshP14PacketParams_t  cot_physical_layer.o
    0x00003ea0   0x0000000c   Code   RO         2157    i._Z23get_phy_ranging_task_idv  cot_phy_ranging.o
    0x00003eac   0x000000b8   Code   RO         2158    i._Z24phy_ranging_processeventht  cot_phy_ranging.o
    0x00003f64   0x00000010   Code   RO         1815    i._Z24set_ModulationParametersP18PHYParamSettings_t  cot_physical_layer.o
    0x00003f74   0x000000b8   Code   RO         1816    i._Z25cot_ranging_confer_configP9SX1280HalP14PacketParams_tP18ModulationParams_t  cot_physical_layer.o
    0x0000402c   0x00000022   Code   RO         1817    i._Z25cot_ranging_master_configP9SX1280HalP14PacketParams_tP18ModulationParams_t  cot_physical_layer.o
    0x0000404e   0x00000002   PAD
    0x00004050   0x00000180   Code   RO          357    i._Z26app_layer_process_osal_msgP13cot_phy_msg_t  sample_app.o
    0x000041d0   0x00000228   Code   RO         2058    i._Z27DataFlashSetDefaultSettingsv  rfparamconfig.o
    0x000043f8   0x00000288   Code   RO         2059    i._Z28DataFlashLoadGeneralSettingsv  rfparamconfig.o
    0x00004680   0x0000000c   Code   RO         2159    i._Z28set_phy_layer_ranging_statush  cot_phy_ranging.o
    0x0000468c   0x0000016c   Code   RO         1818    i._Z30cot_phy_layer_process_osal_msgP13cot_phy_msg_t  cot_physical_layer.o
    0x000047f8   0x00000034   Code   RO         2160    i._Z30cot_phy_layer_process_osal_msgP21cot_phy_ranging_msg_t  cot_phy_ranging.o
    0x0000482c   0x00000058   Code   RO         1819    i._Z32cot_phy_ranging_process_osal_msgP21cot_phy_ranging_msg_t  cot_physical_layer.o
    0x00004884   0x00000014   Code   RO         1820    i._Z8OnRxDonev      cot_physical_layer.o
    0x00004898   0x00000014   Code   RO         1821    i._Z8OnTxDonev      cot_physical_layer.o
    0x000048ac   0x00000014   Code   RO         1822    i._Z9OnRxError14IrqErrorCode_t  cot_physical_layer.o
    0x000048c0   0x00000034   Code   RO         1174    i._ZN6SX128010GetPayloadEPhS0_h  sx1280.o
    0x000048f4   0x0000003a   Code   RO         1175    i._ZN6SX128010SetCrcSeedEt  sx1280.o
    0x0000492e   0x0000001e   Code   RO         1176    i._ZN6SX128010SetPayloadEPhhh  sx1280.o
    0x0000494c   0x00000028   Code   RO         1177    i._ZN6SX128010SetStandbyE19RadioStandbyModes_t  sx1280.o
    0x00004974   0x00000296   Code   RO         1179    i._ZN6SX128011ProcessIrqsEv  sx1280.o
    0x00004c0a   0x00000024   Code   RO         1180    i._ZN6SX128011SendPayloadEPhh10TickTime_sh  sx1280.o
    0x00004c2e   0x000000aa   Code   RO         1181    i._ZN6SX128011SetSyncWordEhPh  sx1280.o
    0x00004cd8   0x00000026   Code   RO         1182    i._ZN6SX128011SetTxParamsEa16RadioRampTimes_t  sx1280.o
    0x00004cfe   0x0000001a   Code   RO         1183    i._ZN6SX128011complement2Ejh  sx1280.o
    0x00004d18   0x00000020   Code   RO         1184    i._ZN6SX128012GetIrqStatusEv  sx1280.o
    0x00004d38   0x00000008   Code   RO         1186    i._ZN6SX128013GetPacketTypeEv  sx1280.o
    0x00004d40   0x0000001c   Code   RO         1187    i._ZN6SX128013SetPacketTypeE18RadioPacketTypes_t  sx1280.o
    0x00004d5c   0x00000022   Code   RO         1188    i._ZN6SX128014ClearIrqStatusEt  sx1280.o
    0x00004d7e   0x00000018   Code   RO         1190    i._ZN6SX128014SetRangingRoleE19RadioRangingRoles_t  sx1280.o
    0x00004d96   0x00000002   PAD
    0x00004d98   0x00000094   Code   RO         1191    i._ZN6SX128014SetRfFrequencyEj  sx1280.o
    0x00004e2c   0x000002e2   Code   RO         1194    i._ZN6SX128015GetPacketStatusEP14PacketStatus_t  sx1280.o
    0x0000510e   0x00000058   Code   RO         1195    i._ZN6SX128015SetDioIrqParamsEtttt  sx1280.o
    0x00005166   0x00000114   Code   RO         1197    i._ZN6SX128015SetPacketParamsEP14PacketParams_t  sx1280.o
    0x0000527a   0x00000002   PAD
    0x0000527c   0x00000040   Code   RO         1198    i._ZN6SX128016GetLoRaBandwidthEv  sx1280.o
    0x000052bc   0x00000170   Code   RO         1199    i._ZN6SX128016GetRangingResultE25RadioRangingResultTypes_t  sx1280.o
    0x0000542c   0x0000003a   Code   RO         1200    i._ZN6SX128016SetCrcPolynomialEt  sx1280.o
    0x00005466   0x00000014   Code   RO         1202    i._ZN6SX128016SetRegulatorModeE21RadioRegulatorModes_t  sx1280.o
    0x0000547a   0x00000002   PAD
    0x0000547c   0x0000012c   Code   RO         1204    i._ZN6SX128017GetFrequencyErrorEv  sx1280.o
    0x000055a8   0x00000052   Code   RO         1205    i._ZN6SX128017GetRxBufferStatusEPhS0_  sx1280.o
    0x000055fa   0x000000b2   Code   RO         1208    i._ZN6SX128019SetModulationParamsEP18ModulationParams_t  sx1280.o
    0x000056ac   0x0000002c   Code   RO         1209    i._ZN6SX128019SetRegistersDefaultEv  sx1280.o
    0x000056d8   0x00000034   Code   RO         1211    i._ZN6SX128021SetRangingCalibrationEt  sx1280.o
    0x0000570c   0x00000020   Code   RO         1212    i._ZN6SX128022SetBufferBaseAddressesEhh  sx1280.o
    0x0000572c   0x00000040   Code   RO         1213    i._ZN6SX128023SetDeviceRangingAddressEj  sx1280.o
    0x0000576c   0x00000040   Code   RO         1216    i._ZN6SX128024SetRangingRequestAddressEj  sx1280.o
    0x000057ac   0x00000020   Code   RO         1219    i._ZN6SX12804InitEv  sx1280.o
    0x000057cc   0x00000054   Code   RO         1221    i._ZN6SX12805SetRxE10TickTime_s  sx1280.o
    0x00005820   0x00000054   Code   RO         1222    i._ZN6SX12805SetTxE10TickTime_s  sx1280.o
    0x00005874   0x0000001a   Code   RO         1224    i._ZN6SX12808OnDioIrqEv  sx1280.o
    0x0000588e   0x00000002   PAD
    0x00005890   0x0000005c   Code   RO         1743    i._ZN6SX1280C2EP16RadioCallbacks_t  sx1280-hal.o
    0x000058ec   0x00000066   Code   RO         1606    i._ZN9SX1280Hal10ReadBufferEhPhh  sx1280-hal.o
    0x00005952   0x00000032   Code   RO         1607    i._ZN9SX1280Hal10WaitOnBusyEv  sx1280-hal.o
    0x00005984   0x00000060   Code   RO         1608    i._ZN9SX1280Hal11ReadCommandE15RadioCommands_uPht  sx1280-hal.o
    0x000059e4   0x0000005c   Code   RO         1610    i._ZN9SX1280Hal11WriteBufferEhPhh  sx1280-hal.o
    0x00005a40   0x0000001a   Code   RO         1613    i._ZN9SX1280Hal12ReadRegisterEt  sx1280-hal.o
    0x00005a5a   0x00000076   Code   RO         1614    i._ZN9SX1280Hal12ReadRegisterEtPht  sx1280-hal.o
    0x00005ad0   0x00000052   Code   RO         1615    i._ZN9SX1280Hal12WriteCommandE15RadioCommands_uPht  sx1280-hal.o
    0x00005b22   0x0000006c   Code   RO         1616    i._ZN9SX1280Hal13WriteRegisterEtPht  sx1280-hal.o
    0x00005b8e   0x00000016   Code   RO         1617    i._ZN9SX1280Hal13WriteRegisterEth  sx1280-hal.o
    0x00005ba4   0x00000054   Code   RO         1619    i._ZN9SX1280Hal5ResetEv  sx1280-hal.o
    0x00005bf8   0x00000048   Code   RO         1621    i._ZN9SX1280Hal7HalInitEv  sx1280-hal.o
    0x00005c40   0x00000002   Code   RO         1624    i._ZN9SX1280Hal9IoIrqInitEM6SX1280FvvE  sx1280-hal.o
    0x00005c42   0x00000002   PAD
    0x00005c44   0x0000001c   Code   RO         1625    i._ZN9SX1280HalC1EP16RadioCallbacks_t  sx1280-hal.o
    0x00005c60   0x0000000e   Code   RO         1627    i._ZN9SX1280HalD1Ev  sx1280-hal.o
    0x00005c6e   0x00000018   Code   RO         1981    i._ZSt4ceilf        cot_physical_layer.o
    0x00005c86   0x00000002   PAD
    0x00005c88   0x00000028   Code   RO         6153    i.__0sprintf        mc_w.l(printfa.o)
    0x00005cb0   0x00000030   Code   RO         6233    i.__ARM_fpclassify  m_wm.l(fpclassify.o)
    0x00005ce0   0x00000006   Code   RO         5721    i.__cxa_pure_virtual  cpprt_w.l(pure_virt.o)
    0x00005ce6   0x00000002   PAD
    0x00005ce8   0x00000118   Code   RO         5830    i.__hardfp_ceil     m_wm.l(ceil.o)
    0x00005e00   0x0000006c   Code   RO         5836    i.__hardfp_ceilf    m_wm.l(ceilf.o)
    0x00005e6c   0x00000004   PAD
    0x00005e70   0x00000358   Code   RO         5842    i.__hardfp_exp      m_wm.l(exp.o)
    0x000061c8   0x00000014   Code   RO         5856    i.__hardfp_fabs     m_wm.l(fabs.o)
    0x000061dc   0x00000004   PAD
    0x000061e0   0x00000118   Code   RO         5862    i.__hardfp_floor    m_wm.l(floor.o)
    0x000062f8   0x00000c50   Code   RO         5868    i.__hardfp_pow      m_wm.l(pow.o)
    0x00006f48   0x0000007a   Code   RO         5882    i.__hardfp_sqrt     m_wm.l(sqrt.o)
    0x00006fc2   0x000000f8   Code   RO         6235    i.__kernel_poly     m_wm.l(poly.o)
    0x000070ba   0x00000006   PAD
    0x000070c0   0x00000030   Code   RO         6219    i.__mathlib_dbl_divzero  m_wm.l(dunder.o)
    0x000070f0   0x00000014   Code   RO         6220    i.__mathlib_dbl_infnan  m_wm.l(dunder.o)
    0x00007104   0x00000014   Code   RO         6221    i.__mathlib_dbl_infnan2  m_wm.l(dunder.o)
    0x00007118   0x00000020   Code   RO         6222    i.__mathlib_dbl_invalid  m_wm.l(dunder.o)
    0x00007138   0x00000020   Code   RO         6223    i.__mathlib_dbl_overflow  m_wm.l(dunder.o)
    0x00007158   0x00000020   Code   RO         6225    i.__mathlib_dbl_underflow  m_wm.l(dunder.o)
    0x00007178   0x0000000e   Code   RO         6349    i.__scatterload_copy  mc_w.l(handlers.o)
    0x00007186   0x00000002   Code   RO         6350    i.__scatterload_null  mc_w.l(handlers.o)
    0x00007188   0x0000000e   Code   RO         6351    i.__scatterload_zeroinit  mc_w.l(handlers.o)
    0x00007196   0x00000002   PAD
    0x00007198   0x0000000c   Code   RO         6293    i.__set_errno       mc_w.l(errno.o)
    0x000071a4   0x00000028   Code   RO         1823    i.__sti___22_cot_physical_layer_cpp_5e55bc5d  cot_physical_layer.o
    0x000071cc   0x00000164   Code   RO         6158    i._fp_digits        mc_w.l(printfa.o)
    0x00007330   0x000006dc   Code   RO         6159    i._printf_core      mc_w.l(printfa.o)
    0x00007a0c   0x00000024   Code   RO         6160    i._printf_post_padding  mc_w.l(printfa.o)
    0x00007a30   0x0000002e   Code   RO         6161    i._printf_pre_padding  mc_w.l(printfa.o)
    0x00007a5e   0x0000000a   Code   RO         6163    i._sputc            mc_w.l(printfa.o)
    0x00007a68   0x00000026   Code   RO         3848    i.am_bsp_low_power_init  am_bsp.o
    0x00007a8e   0x0000000a   Code   RO         3773    i.am_clkgen_isr     rtc.o
    0x00007a98   0x00000018   Code   RO         3360    i.am_ctimer_isr     hal_timers.o
    0x00007ab0   0x00000018   Code   RO         1824    i.am_gpio_isr       cot_physical_layer.o
    0x00007ac8   0x00000010   Code   RO         4019    i.am_hal_clkgen_osc_start  am_hal_clkgen.o
    0x00007ad8   0x00000010   Code   RO         4020    i.am_hal_clkgen_osc_stop  am_hal_clkgen.o
    0x00007ae8   0x00000060   Code   RO         4021    i.am_hal_clkgen_sysclk_get  am_hal_clkgen.o
    0x00007b48   0x00000012   Code   RO         4022    i.am_hal_clkgen_sysclk_select  am_hal_clkgen.o
    0x00007b5a   0x00000002   PAD
    0x00007b5c   0x0000000c   Code   RO         4106    i.am_hal_ctimer_int_clear  am_hal_ctimer.o
    0x00007b68   0x00000004   Code   RO         4224    i.am_hal_debug_error  am_hal_debug.o
    0x00007b6c   0x0000001c   Code   RO         4240    i.am_hal_flash_page_erase  am_hal_flash.o
    0x00007b88   0x00000024   Code   RO         4241    i.am_hal_flash_program_main  am_hal_flash.o
    0x00007bac   0x00000014   Code   RO         4315    i.am_hal_gpio_int_clear  am_hal_gpio.o
    0x00007bc0   0x00000024   Code   RO         4316    i.am_hal_gpio_int_disable  am_hal_gpio.o
    0x00007be4   0x00000024   Code   RO         4317    i.am_hal_gpio_int_enable  am_hal_gpio.o
    0x00007c08   0x0000005c   Code   RO         4438    i.am_hal_interrupt_disable  am_hal_interrupt.o
    0x00007c64   0x0000005c   Code   RO         4439    i.am_hal_interrupt_enable  am_hal_interrupt.o
    0x00007cc0   0x0000006c   Code   RO         4478    i.am_hal_iom_config  am_hal_iom.o
    0x00007d2c   0x0000009c   Code   RO         4479    i.am_hal_iom_disable  am_hal_iom.o
    0x00007dc8   0x00000090   Code   RO         4480    i.am_hal_iom_enable  am_hal_iom.o
    0x00007e58   0x0000001c   Code   RO         4481    i.am_hal_iom_fifo_empty_slots  am_hal_iom.o
    0x00007e74   0x0000001c   Code   RO         4482    i.am_hal_iom_fifo_full_slots  am_hal_iom.o
    0x00007e90   0x000000a4   Code   RO         4483    i.am_hal_iom_fifo_read  am_hal_iom.o
    0x00007f34   0x000000a0   Code   RO         4484    i.am_hal_iom_fifo_write  am_hal_iom.o
    0x00007fd4   0x00000020   Code   RO         4497    i.am_hal_iom_poll_complete  am_hal_iom.o
    0x00007ff4   0x0000003c   Code   RO         4498    i.am_hal_iom_spi_cmd_run  am_hal_iom.o
    0x00008030   0x000000c4   Code   RO         4499    i.am_hal_iom_spi_read  am_hal_iom.o
    0x000080f4   0x000000c8   Code   RO         4501    i.am_hal_iom_spi_write  am_hal_iom.o
    0x000081bc   0x00000010   Code   RO         4948    i.am_hal_mcuctrl_bandgap_disable  am_hal_mcuctrl.o
    0x000081cc   0x00000038   Code   RO         4951    i.am_hal_mcuctrl_bucks_enable  am_hal_mcuctrl.o
    0x00008204   0x00000048   Code   RO         4952    i.am_hal_mcuctrl_device_info_get  am_hal_mcuctrl.o
    0x0000824c   0x00000056   Code   RO         5117    i.am_hal_rtc_alarm_interval_set  am_hal_rtc.o
    0x000082a2   0x00000002   PAD
    0x000082a4   0x0000000c   Code   RO         5119    i.am_hal_rtc_int_clear  am_hal_rtc.o
    0x000082b0   0x00000014   Code   RO         5120    i.am_hal_rtc_int_disable  am_hal_rtc.o
    0x000082c4   0x00000014   Code   RO         5121    i.am_hal_rtc_int_enable  am_hal_rtc.o
    0x000082d8   0x00000012   Code   RO         5125    i.am_hal_rtc_osc_disable  am_hal_rtc.o
    0x000082ea   0x00000012   Code   RO         5126    i.am_hal_rtc_osc_enable  am_hal_rtc.o
    0x000082fc   0x00000026   Code   RO         5127    i.am_hal_rtc_osc_select  am_hal_rtc.o
    0x00008322   0x0000008a   Code   RO         5129    i.am_hal_rtc_time_get  am_hal_rtc.o
    0x000083ac   0x000000b4   Code   RO         5130    i.am_hal_rtc_time_set  am_hal_rtc.o
    0x00008460   0x00000040   Code   RO         5227    i.am_hal_sysctrl_sleep  am_hal_sysctrl.o
    0x000084a0   0x00000012   Code   RO         5267    i.am_hal_systick_int_enable  am_hal_systick.o
    0x000084b2   0x00000008   Code   RO         5269    i.am_hal_systick_load  am_hal_systick.o
    0x000084ba   0x00000012   Code   RO         5271    i.am_hal_systick_start  am_hal_systick.o
    0x000084cc   0x00000012   Code   RO         5272    i.am_hal_systick_stop  am_hal_systick.o
    0x000084de   0x00000002   PAD
    0x000084e0   0x0000002c   Code   RO         5408    i.am_hal_uart_char_receive_buffered  am_hal_uart.o
    0x0000850c   0x00000030   Code   RO         5410    i.am_hal_uart_char_transmit_buffered  am_hal_uart.o
    0x0000853c   0x0000002c   Code   RO         5413    i.am_hal_uart_clock_enable  am_hal_uart.o
    0x00008568   0x00000050   Code   RO         5414    i.am_hal_uart_config  am_hal_uart.o
    0x000085b8   0x00000014   Code   RO         5415    i.am_hal_uart_disable  am_hal_uart.o
    0x000085cc   0x00000014   Code   RO         5416    i.am_hal_uart_enable  am_hal_uart.o
    0x000085e0   0x00000018   Code   RO         5417    i.am_hal_uart_fifo_config  am_hal_uart.o
    0x000085f8   0x00000038   Code   RO         5419    i.am_hal_uart_init_buffered  am_hal_uart.o
    0x00008630   0x0000000c   Code   RO         5420    i.am_hal_uart_int_clear  am_hal_uart.o
    0x0000863c   0x00000010   Code   RO         5422    i.am_hal_uart_int_enable  am_hal_uart.o
    0x0000864c   0x00000014   Code   RO         5424    i.am_hal_uart_int_status_get  am_hal_uart.o
    0x00008660   0x0000000a   Code   RO         5426    i.am_hal_uart_ring_buffer_space_left  am_hal_uart.o
    0x0000866a   0x00000002   PAD
    0x0000866c   0x00000068   Code   RO         5427    i.am_hal_uart_service_buffered  am_hal_uart.o
    0x000086d4   0x0000000c   Code   RO         5580    i.am_hal_vcomp_disable  am_hal_vcomp.o
    0x000086e0   0x00000020   Code   RO         5274    i.am_systick_isr    am_hal_systick.o
    0x00008700   0x00000018   Code   RO         3394    i.am_uart_isr       uart.o
    0x00008718   0x0000001c   Code   RO         2775    i.am_util_delay_ms  am_util_delay.o
    0x00008734   0x00000430   Code   RO         2803    i.am_util_faultisr_collect_data  am_util_faultisr.o
    0x00008b64   0x00000030   Code   RO         2906    i.am_util_stdio_printf  am_util_stdio.o
    0x00008b94   0x0000000c   Code   RO         2907    i.am_util_stdio_printf_init  am_util_stdio.o
    0x00008ba0   0x00000340   Code   RO         2912    i.am_util_stdio_vsprintf  am_util_stdio.o
    0x00008ee0   0x00000014   Code   RO         5131    i.bcd_to_dec        am_hal_rtc.o
    0x00008ef4   0x00000018   Code   RO         3185    i.close             vfs.o
    0x00008f0c   0x0000003c   Code   RO         5431    i.config_baudrate   am_hal_uart.o
    0x00008f48   0x000000c4   Code   RO         3650    i.configure_pins    spi.o
    0x0000900c   0x0000001a   Code   RO         5132    i.dec_to_bcd        am_hal_rtc.o
    0x00009026   0x0000002c   Code   RO         2913    i.decstr_to_u       am_util_stdio.o
    0x00009052   0x000000cc   Code   RO         2914    i.divu64_10         am_util_stdio.o
    0x0000911e   0x00000018   Code   RO         5858    i.fabs              m_wm.l(fabs.o)
    0x00009136   0x00000002   PAD
    0x00009138   0x00000050   Code   RO         6263    i.free              mc_w.l(malloc.o)
    0x00009188   0x00000154   Code   RO         2915    i.ftoa              am_util_stdio.o
    0x000092dc   0x0000000c   Code   RO          358    i.get_sample_task_id  sample_app.o
    0x000092e8   0x0000000a   Code   RO         3715    i.gpio_init_module  gpio.o
    0x000092f2   0x00000002   PAD
    0x000092f4   0x0000005c   Code   RO         3337    i.hal_sleep         hal_sleep.o
    0x00009350   0x00000014   Code   RO         3651    i.init_config_spi   spi.o
    0x00009364   0x00000104   Code   RO         3716    i.init_config_sx1280_gpio  gpio.o
    0x00009468   0x00000028   Code   RO         3395    i.init_config_usart1  uart.o
    0x00009490   0x00000032   Code   RO         3187    i.ioctl             vfs.o
    0x000094c2   0x00000002   PAD
    0x000094c4   0x00000010   Code   RO         1045    i.log_init_module   log.o
    0x000094d4   0x0000000c   Code   RO         1046    i.log_printf        log.o
    0x000094e0   0x00000044   Code   RO         1048    i.log_uart_print    log.o
    0x00009524   0x00000030   Code   RO         3189    i.lseek             vfs.o
    0x00009554   0x00000038   Code   RO           10    i.main              sx1280_main.o
    0x0000958c   0x0000006c   Code   RO         6264    i.malloc            mc_w.l(malloc.o)
    0x000095f8   0x00000034   Code   RO         2916    i.ndigits_in_hex    am_util_stdio.o
    0x0000962c   0x00000024   Code   RO         2917    i.ndigits_in_i64    am_util_stdio.o
    0x00009650   0x0000003a   Code   RO         2918    i.ndigits_in_u64    am_util_stdio.o
    0x0000968a   0x00000002   PAD
    0x0000968c   0x00000044   Code   RO         3190    i.open              vfs.o
    0x000096d0   0x0000005c   Code   RO         2588    i.osalAddTimer      osal_time.o
    0x0000972c   0x00000024   Code   RO         2590    i.osalFindTimer     osal_time.o
    0x00009750   0x00000038   Code   RO          299    i.osalInitTasks     osal_sample.o
    0x00009788   0x00000018   Code   RO         2243    i.osalTimeUpdate    osal.o
    0x000097a0   0x00000014   Code   RO         2591    i.osalTimerInit     osal_time.o
    0x000097b4   0x000000ac   Code   RO         2592    i.osalTimerUpdate   osal_time.o
    0x00009860   0x00000048   Code   RO         2246    i.osal_clear_event  osal.o
    0x000098a8   0x0000000c   Code   RO         2543    i.osal_get_systick  osal_tick.o
    0x000098b4   0x00000024   Code   RO         2247    i.osal_init_system  osal.o
    0x000098d8   0x00000130   Code   RO         2436    i.osal_mem_alloc    osal_memory.o
    0x00009a08   0x00000058   Code   RO         2437    i.osal_mem_free     osal_memory.o
    0x00009a60   0x00000070   Code   RO         2438    i.osal_mem_init     osal_memory.o
    0x00009ad0   0x0000002c   Code   RO         2439    i.osal_mem_kick     osal_memory.o
    0x00009afc   0x00000014   Code   RO         2253    i.osal_memset       osal.o
    0x00009b10   0x0000002c   Code   RO         2254    i.osal_msg_allocate  osal.o
    0x00009b3c   0x00000026   Code   RO         2255    i.osal_msg_deallocate  osal.o
    0x00009b62   0x00000042   Code   RO         2257    i.osal_msg_enqueue  osal.o
    0x00009ba4   0x00000046   Code   RO         2259    i.osal_msg_extract  osal.o
    0x00009bea   0x00000002   PAD
    0x00009bec   0x00000078   Code   RO         2262    i.osal_msg_receive  osal.o
    0x00009c64   0x0000005c   Code   RO         2263    i.osal_msg_send     osal.o
    0x00009cc0   0x0000002c   Code   RO         2596    i.osal_next_timeout  osal_time.o
    0x00009cec   0x0000000c   Code   RO         2676    i.osal_pwrmgr_device  osal_pwrmgr.o
    0x00009cf8   0x00000010   Code   RO         2677    i.osal_pwrmgr_init  osal_pwrmgr.o
    0x00009d08   0x00000038   Code   RO         2678    i.osal_pwrmgr_powerconserve  osal_pwrmgr.o
    0x00009d40   0x00000058   Code   RO         2679    i.osal_pwrmgr_task_state  osal_pwrmgr.o
    0x00009d98   0x00000048   Code   RO         2266    i.osal_set_event    osal.o
    0x00009de0   0x000000a8   Code   RO         2267    i.osal_start_system  osal.o
    0x00009e88   0x0000003a   Code   RO         2597    i.osal_start_timerEx  osal_time.o
    0x00009ec2   0x00000014   Code   RO         2544    i.osal_systick_configuration  osal_tick.o
    0x00009ed6   0x00000002   PAD
    0x00009ed8   0x0000000c   Code   RO         2545    i.osal_systick_reset  osal_tick.o
    0x00009ee4   0x00000034   Code   RO         3191    i.read              vfs.o
    0x00009f18   0x00000028   Code   RO         3192    i.register_dev      vfs.o
    0x00009f40   0x0000000e   Code   RO         5432    i.ring_buffer_init  am_hal_uart.o
    0x00009f4e   0x00000042   Code   RO         5433    i.ring_buffer_read  am_hal_uart.o
    0x00009f90   0x0000004c   Code   RO         5434    i.ring_buffer_write  am_hal_uart.o
    0x00009fdc   0x00000014   Code   RO         3774    i.rtc0_config       rtc.o
    0x00009ff0   0x00000010   Code   RO         3775    i.rtc0_disable      rtc.o
    0x0000a000   0x00000028   Code   RO         3776    i.rtc0_enable       rtc.o
    0x0000a028   0x00000014   Code   RO         3777    i.rtc0_init         rtc.o
    0x0000a03c   0x0000000a   Code   RO         3778    i.rtc_init_module   rtc.o
    0x0000a046   0x00000002   PAD
    0x0000a048   0x00000018   Code   RO          359    i.sample_app_init   sample_app.o
    0x0000a060   0x0000048c   Code   RO          360    i.sample_app_processevent  sample_app.o
    0x0000a4ec   0x00000010   Code   RO         3652    i.spi_disable       spi.o
    0x0000a4fc   0x0000000a   Code   RO         3653    i.spi_init_module   spi.o
    0x0000a506   0x0000006e   Code   RO         5884    i.sqrt              m_wm.l(sqrt.o)
    0x0000a574   0x00000088   Code   RO         3397    i.uart_enable       uart.o
    0x0000a5fc   0x0000000a   Code   RO         3398    i.uart_init_module  uart.o
    0x0000a606   0x0000008a   Code   RO         2919    i.uint64_to_hexstr  am_util_stdio.o
    0x0000a690   0x00000070   Code   RO         2920    i.uint64_to_str     am_util_stdio.o
    0x0000a700   0x0000000c   Code   RO         5275    i.wait_ms           am_hal_systick.o
    0x0000a70c   0x00000002   Code   RO         5276    i.wait_us           am_hal_systick.o
    0x0000a70e   0x00000034   Code   RO         3193    i.write             vfs.o
    0x0000a742   0x00000002   PAD
    0x0000a744   0x0000000d   Data   RO          301    .constdata          osal_sample.o
    0x0000a751   0x00000033   Data   RO          368    .constdata          sample_app.o
    0x0000a784   0x00000004   Data   RO         1336    .constdata          sx1280.o
    0x0000a788   0x00000008   Data   RO         1652    .constdata          sx1280-hal.o
    0x0000a790   0x000001b0   Data   RO         1852    .constdata          cot_physical_layer.o
    0x0000a940   0x0000005d   Data   RO         2076    .constdata          rfparamconfig.o
    0x0000a99d   0x00000003   PAD
    0x0000a9a0   0x00000038   Data   RO         4958    .constdata          am_hal_mcuctrl.o
    0x0000a9d8   0x00000058   Data   RO         5845    .constdata          m_wm.l(exp.o)
    0x0000aa30   0x00000088   Data   RO         5871    .constdata          m_wm.l(pow.o)
    0x0000aab8   0x00000008   Data   RO         6237    .constdata          m_wm.l(qnan.o)
    0x0000aac0   0x0000003c   Data   RO         1750    .constdata__ZTV5Radio  sx1280-hal.o
    0x0000aafc   0x0000004c   Data   RO         1572    .constdata__ZTV6SX1280  sx1280.o
    0x0000ab48   0x00000054   Data   RO         1742    .constdata__ZTV9SX1280Hal  sx1280-hal.o
    0x0000ab9c   0x00000005   Data   RO         3400    .conststring        uart.o
    0x0000aba1   0x00000003   PAD
    0x0000aba4   0x00000006   Data   RO         3603    .conststring        flash.o
    0x0000abaa   0x00000002   PAD
    0x0000abac   0x00000005   Data   RO         3654    .conststring        spi.o
    0x0000abb1   0x00000003   PAD
    0x0000abb4   0x00000007   Data   RO         3717    .conststring        gpio.o
    0x0000abbb   0x00000001   PAD
    0x0000abbc   0x00000005   Data   RO         3779    .conststring        rtc.o
    0x0000abc1   0x00000003   PAD
    0x0000abc4   0x00000020   Data   RO         6347    Region$$Table       anon$$obj.o
    0x0000abe4   0x00000004   Data   RO         1854    .init_array         cot_physical_layer.o
    0x0000abe8   0x00000000   Data   RO         6180    .init_array         mc_w.l(cpp_init.o)


    Execution Region SRAM (Base: 0x10000000, Size: 0x00003978, Max: 0x00010000, ABSOLUTE, COMPRESSED[0x000000dc])

    Base Addr    Size         Type   Attr      Idx    E Section Name        Object

    0x10000000   0x00000004   Data   RW          302    .data               osal_sample.o
    0x10000004   0x00000008   Data   RW          369    .data               sample_app.o
    0x1000000c   0x00000052   Data   RW         1853    .data               cot_physical_layer.o
    0x1000005e   0x00000002   PAD
    0x10000060   0x00000024   Data   RW         2077    .data               rfparamconfig.o
    0x10000084   0x00000009   Data   RW         2174    .data               cot_phy_ranging.o
    0x1000008d   0x00000003   PAD
    0x10000090   0x00000005   Data   RW         2269    .data               osal.o
    0x10000095   0x00000003   PAD
    0x10000098   0x00000018   Data   RW         2441    .data               osal_memory.o
    0x100000b0   0x00000008   Data   RW         2600    .data               osal_time.o
    0x100000b8   0x00000008   Data   RW         2680    .data               osal_pwrmgr.o
    0x100000c0   0x00000005   Data   RW         2922    .data               am_util_stdio.o
    0x100000c5   0x00000003   PAD
    0x100000c8   0x00000010   Data   RW         3362    .data               hal_timers.o
    0x100000d8   0x00000044   Data   RW         3401    .data               uart.o
    0x1000011c   0x00000030   Data   RW         3604    .data               flash.o
    0x1000014c   0x0000004c   Data   RW         3655    .data               spi.o
    0x10000198   0x00000030   Data   RW         3718    .data               gpio.o
    0x100001c8   0x00000034   Data   RW         3780    .data               rtc.o
    0x100001fc   0x00000028   Data   RW         4245    .data               am_hal_flash.o
    0x10000224   0x00000008   Data   RW         4505    .data               am_hal_iom.o
    0x1000022c   0x00000008   Data   RW         5277    .data               am_hal_systick.o
    0x10000234   0x00000004   Data   RW         5900    .data               mc_w.l(rand.o)
    0x10000238   0x00000004   Data   RW         6294    .data               mc_w.l(errno.o)
    0x1000023c   0x00000004   Data   RW         6300    .data               mc_w.l(cpp_dtor.o)
    0x10000240   0x00000004   Data   RW         6334    .data               mc_w.l(mvars.o)
    0x10000244   0x00000004   Data   RW         6335    .data               mc_w.l(mvars.o)
    0x10000248   0x000002e8   Zero   RW          367    .bss                sample_app.o
    0x10000530   0x0000047d   Zero   RW         1851    .bss                cot_physical_layer.o
    0x100009ad   0x00000003   PAD
    0x100009b0   0x00000140   Zero   RW         2075    .bss                rfparamconfig.o
    0x10000af0   0x00001000   Zero   RW         2440    .bss                osal_memory.o
    0x10001af0   0x00000400   Zero   RW         2921    .bss                am_util_stdio.o
    0x10001ef0   0x00000040   Zero   RW         3194    .bss                vfs.o
    0x10001f30   0x00000820   Zero   RW         3399    .bss                uart.o
    0x10002750   0x00000028   Zero   RW         5435    .bss                am_hal_uart.o
    0x10002778   0x00000200   Zero   RW            2    HEAP                startup_keil.o
    0x10002978   0x00001000   Zero   RW            1    STACK               startup_keil.o


==============================================================================

Image component sizes


      Code (inc. data)   RO Data    RW Data    ZI Data      Debug   Object Name

        38          0          0          0          0        528   am_bsp.o
       146         40          0          0          0       2320   am_hal_clkgen.o
        12          6          0          0          0        554   am_hal_ctimer.o
         4          0          0          0          0        549   am_hal_debug.o
        64         10          0         40          0       3370   am_hal_flash.o
        92         28          0          0          0       1659   am_hal_gpio.o
       206         20          0          0          0       1765   am_hal_interrupt.o
      1276        390          0          8          0       8677   am_hal_iom.o
       144         24         56          0          0       3557   am_hal_mcuctrl.o
       576         14          0          0          0       6705   am_hal_rtc.o
        64          8          0          0          0        579   am_hal_sysctrl.o
       108         10          0          8          0       3892   am_hal_systick.o
       714         78          0          0         40      12057   am_hal_uart.o
        12          4          0          0          0        503   am_hal_vcomp.o
        34          0          0          0          0        979   am_util_delay.o
      1092        666          0          0          0       1972   am_util_faultisr.o
         0          0          0          0          0        396   am_util_plot.o
      1876         36          0          5       1024       9921   am_util_stdio.o
         0          0          0          0          0       3048   bignum.o
       280         52          0          9          0       5969   cot_phy_ranging.o
      8122       1352        436         82       1149      46366   cot_physical_layer.o
       466         46          6         48          0       5159   flash.o
       810         72          7         48          0       6889   gpio.o
        92          8          0          0          0        608   hal_sleep.o
        24          4          0         16          0        764   hal_timers.o
        96         14          0          0          0       2491   log.o
       822         48          0          5          0      10263   osal.o
       548         74          0         24       4096       5528   osal_memory.o
       172         24          0          8          0       2988   osal_pwrmgr.o
        56          4         13          4          0      11457   osal_sample.o
        44         10          0          0          0       1469   osal_tick.o
       422         34          0          8          0       4754   osal_time.o
         0          0          0          0          0      10836   random.o
      3326        296         93         36        320      10262   rfparamconfig.o
       452         70          5         52          0       7639   rtc.o
      3170        320         51          8        744      14225   sample_app.o
         0          0          0          0          0       1444   sha256.o
       906        110          5         76          0       7851   spi.o
       152        118          0          0       4608        724   startup_keil.o
       988         36        152          0          0      29780   sx1280-hal.o
      4040        118         80          0          0      40504   sx1280.o
        56          0          0          0          0      19260   sx1280_main.o
       606         74          5         68       2080      10028   uart.o
       334          8          0          0         64       6153   vfs.o

    ----------------------------------------------------------------------
     32486       4226        956        564      14128     326442   Object Totals
         0          0         32          0          0          0   (incl. Generated)
        44          0         15         11          3          0   (incl. Padding)

    ----------------------------------------------------------------------

      Code (inc. data)   RO Data    RW Data    ZI Data      Debug   Library Member Name

         6          0          0          0          0         68   pure_virt.o
       280         28          0          0          0        156   ceil.o
       108         10          0          0          0        116   ceilf.o
       184         44          0          0          0        744   dunder.o
       856        142         88          0          0        288   exp.o
        44          0          0          0          0        248   fabs.o
       280         28          0          0          0        156   floor.o
        48          0          0          0          0        124   fpclassify.o
       248          0          0          0          0        152   poly.o
      3152        296        136          0          0        352   pow.o
         0          0          8          0          0          0   qnan.o
       232          0          0          0          0        296   sqrt.o
        86          0          0          0          0          0   __dczerorl2.o
        46          0          0          0          0         84   aeabi_atexit.o
         8          4          0          4          0         68   cpp_dtor.o
         2          0          0          0          0         68   cpp_final.o
        32         10          0          0          0         80   cpp_init.o
         2          0          0          0          0         68   cpp_signal.o
        66          0          0          0          0         84   cxa_finalize.o
         0          0          0          0          0          0   entry.o
         0          0          0          0          0          0   entry10a.o
         4          0          0          0          0          0   entry10b.o
         0          0          0          0          0          0   entry11a.o
         8          4          0          0          0          0   entry2.o
         4          0          0          0          0          0   entry5.o
         0          0          0          0          0          0   entry7b.o
         4          0          0          0          0          0   entry8a.o
         0          0          0          0          0          0   entry8b.o
         8          4          0          0          0          0   entry9a.o
        12          6          0          4          0         68   errno.o
        30          0          0          0          0          0   handlers.o
        36          8          0          0          0         68   init.o
         0          0          0          0          0          0   iusefp.o
        30          0          0          0          0         68   llshl.o
        36          0          0          0          0         68   llsshr.o
        32          0          0          0          0         68   llushr.o
       188         20          0          0          0        160   malloc.o
        26          0          0          0          0         80   memcmp.o
        36          0          0          0          0         68   memcpya.o
        36          0          0          0          0        108   memseta.o
         0          0          0          8          0          0   mvars.o
      2244         86          0          0          0        512   printfa.o
        36         10          0          4          0        136   rand.o
        28          0          0          0          0         76   strcmp.o
        30          0          0          0          0         80   strncmp.o
        44          0          0          0          0         80   uidiv.o
        98          0          0          0          0         92   uldiv.o
        48          0          0          0          0         68   cdcmple.o
        48          0          0          0          0         68   cdrcmple.o
        56          0          0          0          0         88   d2f.o
       334          0          0          0          0        148   dadd.o
       222          0          0          0          0        100   ddiv.o
       186          0          0          0          0        176   depilogue.o
        62          0          0          0          0         80   dfixi.o
        50          0          0          0          0         76   dfixui.o
        48          0          0          0          0         68   dfixul.o
        34          0          0          0          0         76   dflti.o
        26          0          0          0          0         76   dfltui.o
       228          0          0          0          0         96   dmul.o
        46          0          0          0          0         80   dscalb.o
       162          0          0          0          0        100   dsqrt.o
       110          0          0          0          0        168   fepilogue.o

    ----------------------------------------------------------------------
     10334        704        232         20          0       6352   Library Totals
        24          4          0          0          0          0   (incl. Padding)

    ----------------------------------------------------------------------

      Code (inc. data)   RO Data    RW Data    ZI Data      Debug   Library Name

         6          0          0          0          0         68   cpprt_w.l
      5432        548        232          0          0       2632   m_wm.l
      3212        152          0         20          0       2184   mc_w.l
      1660          0          0          0          0       1468   mf_w.l

    ----------------------------------------------------------------------
     10334        704        232         20          0       6352   Library Totals

    ----------------------------------------------------------------------

==============================================================================


      Code (inc. data)   RO Data    RW Data    ZI Data      Debug   

     42820       4930       1188        584      14128     303050   Grand Totals
     42820       4930       1188        220      14128     303050   ELF Image Totals (compressed)
     42820       4930       1188        220          0          0   ROM Totals

==============================================================================

    Total RO  Size (Code + RO Data)                44008 (  42.98kB)
    Total RW  Size (RW Data + ZI Data)             14712 (  14.37kB)
    Total ROM Size (Code + RO Data + RW Data)      44228 (  43.19kB)

==============================================================================

