<!doctype html public "-//w3c//dtd html 4.0 transitional//en">
<html><head>
<title>Static Call Graph - [.\obj\COT-M_SDK.axf]</title></head>
<body><HR>
<H1>Static Call Graph for image .\obj\COT-M_SDK.axf</H1><HR>
<BR><P>#&#060CALLGRAPH&#062# ARM Linker, 5050106: Last Updated: Thu Dec 21 12:11:27 2017
<BR><P>
<H3>Maximum Stack Usage =       5432 bytes + Unknown(Cycles, Untraceable Function Pointers)</H3><H3>
Call chain for Maximum Stack Depth:</H3>
__rt_entry_main &rArr; main &rArr; osal_init_system &rArr; osalInitTasks &rArr; phy_layer_init(unsigned char) &rArr; verify_sign() &rArr; EA_ucRSAPublicBlock &rArr; rsa_public &rArr; mpi_exp_mod &rArr; mpi_montg_calculrr &rArr; mpi_mod_mpi &rArr; mpi_div_mpi &rArr; mpi_add_mpi &rArr; mpi_add_abs &rArr; __aeabi_memcpy4
<P>
<H3>
Mutually Recursive functions
</H3> <LI><a href="#[6b]">am_nmi_isr</a>&nbsp;&nbsp;&nbsp;&rArr;&nbsp;&nbsp;&nbsp;<a href="#[6b]">am_nmi_isr</a><BR>
 <LI><a href="#[6d]">am_mpufault_isr</a>&nbsp;&nbsp;&nbsp;&rArr;&nbsp;&nbsp;&nbsp;<a href="#[6d]">am_mpufault_isr</a><BR>
 <LI><a href="#[6e]">am_busfault_isr</a>&nbsp;&nbsp;&nbsp;&rArr;&nbsp;&nbsp;&nbsp;<a href="#[6e]">am_busfault_isr</a><BR>
 <LI><a href="#[6f]">am_usagefault_isr</a>&nbsp;&nbsp;&nbsp;&rArr;&nbsp;&nbsp;&nbsp;<a href="#[6f]">am_usagefault_isr</a><BR>
 <LI><a href="#[74]">am_brownout_isr</a>&nbsp;&nbsp;&nbsp;&rArr;&nbsp;&nbsp;&nbsp;<a href="#[74]">am_brownout_isr</a><BR>
 <LI><a href="#[c4]">am_hal_flash_delay</a>&nbsp;&nbsp;&nbsp;&rArr;&nbsp;&nbsp;&nbsp;<a href="#[c4]">am_hal_flash_delay</a><BR>
 <LI><a href="#[20a]">cot_mt_led_blink</a>&nbsp;&nbsp;&nbsp;&rArr;&nbsp;&nbsp;&nbsp;<a href="#[20c]">cot_mt_led_set</a><BR>
 <LI><a href="#[a2]">am_memmanage_isr</a>&nbsp;&nbsp;&nbsp;&rArr;&nbsp;&nbsp;&nbsp;<a href="#[a2]">am_memmanage_isr</a><BR>
</UL>
<P>
<H3>
Function Pointers
</H3><UL>
 <LI><a href="#[57]">ADC_Ioctl</a> from adc.o(i.ADC_Ioctl) referenced 2 times from adc.o(.data)
 <LI><a href="#[56]">ADC_Lseek</a> from adc.o(i.ADC_Lseek) referenced 2 times from adc.o(.data)
 <LI><a href="#[53]">ADC_Open</a> from adc.o(i.ADC_Open) referenced 2 times from adc.o(.data)
 <LI><a href="#[55]">ADC_Read</a> from adc.o(i.ADC_Read) referenced 2 times from adc.o(.data)
 <LI><a href="#[54]">ADC_Release</a> from adc.o(i.ADC_Release) referenced 2 times from adc.o(.data)
 <LI><a href="#[15]">FLASH_Lseek</a> from flash.o(i.FLASH_Lseek) referenced 2 times from flash.o(.data)
 <LI><a href="#[11]">FLASH_Open</a> from flash.o(i.FLASH_Open) referenced 2 times from flash.o(.data)
 <LI><a href="#[13]">FLASH_Read</a> from flash.o(i.FLASH_Read) referenced 2 times from flash.o(.data)
 <LI><a href="#[12]">FLASH_Release</a> from flash.o(i.FLASH_Release) referenced 2 times from flash.o(.data)
 <LI><a href="#[14]">FLASH_Write</a> from flash.o(i.FLASH_Write) referenced 2 times from flash.o(.data)
 <LI><a href="#[5c]">IIC0_Ioctl</a> from iic.o(i.IIC0_Ioctl) referenced 2 times from iic.o(.data)
 <LI><a href="#[58]">IIC0_Open</a> from iic.o(i.IIC0_Open) referenced 2 times from iic.o(.data)
 <LI><a href="#[5a]">IIC0_Read</a> from iic.o(i.IIC0_Read) referenced 2 times from iic.o(.data)
 <LI><a href="#[59]">IIC0_Release</a> from iic.o(i.IIC0_Release) referenced 2 times from iic.o(.data)
 <LI><a href="#[5b]">IIC0_Write</a> from iic.o(i.IIC0_Write) referenced 2 times from iic.o(.data)
 <LI><a href="#[28]">KEY1_GPIO_IRQ_Register</a> from gpio.o(i.KEY1_GPIO_IRQ_Register) referenced 2 times from gpio.o(.data)
 <LI><a href="#[27]">KEY1_GPIO_Ioctl</a> from gpio.o(i.KEY1_GPIO_Ioctl) referenced 2 times from gpio.o(.data)
 <LI><a href="#[26]">KEY1_GPIO_Lseek</a> from gpio.o(i.KEY1_GPIO_Lseek) referenced 2 times from gpio.o(.data)
 <LI><a href="#[23]">KEY1_GPIO_Open</a> from gpio.o(i.KEY1_GPIO_Open) referenced 2 times from gpio.o(.data)
 <LI><a href="#[25]">KEY1_GPIO_Read</a> from gpio.o(i.KEY1_GPIO_Read) referenced 2 times from gpio.o(.data)
 <LI><a href="#[24]">KEY1_GPIO_Release</a> from gpio.o(i.KEY1_GPIO_Release) referenced 2 times from gpio.o(.data)
 <LI><a href="#[2e]">KEY2_GPIO_IRQ_Register</a> from gpio.o(i.KEY2_GPIO_IRQ_Register) referenced 2 times from gpio.o(.data)
 <LI><a href="#[2d]">KEY2_GPIO_Ioctl</a> from gpio.o(i.KEY2_GPIO_Ioctl) referenced 2 times from gpio.o(.data)
 <LI><a href="#[2c]">KEY2_GPIO_Lseek</a> from gpio.o(i.KEY2_GPIO_Lseek) referenced 2 times from gpio.o(.data)
 <LI><a href="#[29]">KEY2_GPIO_Open</a> from gpio.o(i.KEY2_GPIO_Open) referenced 2 times from gpio.o(.data)
 <LI><a href="#[2b]">KEY2_GPIO_Read</a> from gpio.o(i.KEY2_GPIO_Read) referenced 2 times from gpio.o(.data)
 <LI><a href="#[2a]">KEY2_GPIO_Release</a> from gpio.o(i.KEY2_GPIO_Release) referenced 2 times from gpio.o(.data)
 <LI><a href="#[34]">KEY3_GPIO_IRQ_Register</a> from gpio.o(i.KEY3_GPIO_IRQ_Register) referenced 2 times from gpio.o(.data)
 <LI><a href="#[33]">KEY3_GPIO_Ioctl</a> from gpio.o(i.KEY3_GPIO_Ioctl) referenced 2 times from gpio.o(.data)
 <LI><a href="#[32]">KEY3_GPIO_Lseek</a> from gpio.o(i.KEY3_GPIO_Lseek) referenced 2 times from gpio.o(.data)
 <LI><a href="#[2f]">KEY3_GPIO_Open</a> from gpio.o(i.KEY3_GPIO_Open) referenced 2 times from gpio.o(.data)
 <LI><a href="#[31]">KEY3_GPIO_Read</a> from gpio.o(i.KEY3_GPIO_Read) referenced 2 times from gpio.o(.data)
 <LI><a href="#[30]">KEY3_GPIO_Release</a> from gpio.o(i.KEY3_GPIO_Release) referenced 2 times from gpio.o(.data)
 <LI><a href="#[3a]">KEY4_GPIO_IRQ_Register</a> from gpio.o(i.KEY4_GPIO_IRQ_Register) referenced 2 times from gpio.o(.data)
 <LI><a href="#[39]">KEY4_GPIO_Ioctl</a> from gpio.o(i.KEY4_GPIO_Ioctl) referenced 2 times from gpio.o(.data)
 <LI><a href="#[38]">KEY4_GPIO_Lseek</a> from gpio.o(i.KEY4_GPIO_Lseek) referenced 2 times from gpio.o(.data)
 <LI><a href="#[35]">KEY4_GPIO_Open</a> from gpio.o(i.KEY4_GPIO_Open) referenced 2 times from gpio.o(.data)
 <LI><a href="#[37]">KEY4_GPIO_Read</a> from gpio.o(i.KEY4_GPIO_Read) referenced 2 times from gpio.o(.data)
 <LI><a href="#[36]">KEY4_GPIO_Release</a> from gpio.o(i.KEY4_GPIO_Release) referenced 2 times from gpio.o(.data)
 <LI><a href="#[40]">KEY5_GPIO_IRQ_Register</a> from gpio.o(i.KEY5_GPIO_IRQ_Register) referenced 2 times from gpio.o(.data)
 <LI><a href="#[3f]">KEY5_GPIO_Ioctl</a> from gpio.o(i.KEY5_GPIO_Ioctl) referenced 2 times from gpio.o(.data)
 <LI><a href="#[3e]">KEY5_GPIO_Lseek</a> from gpio.o(i.KEY5_GPIO_Lseek) referenced 2 times from gpio.o(.data)
 <LI><a href="#[3b]">KEY5_GPIO_Open</a> from gpio.o(i.KEY5_GPIO_Open) referenced 2 times from gpio.o(.data)
 <LI><a href="#[3d]">KEY5_GPIO_Read</a> from gpio.o(i.KEY5_GPIO_Read) referenced 2 times from gpio.o(.data)
 <LI><a href="#[3c]">KEY5_GPIO_Release</a> from gpio.o(i.KEY5_GPIO_Release) referenced 2 times from gpio.o(.data)
 <LI><a href="#[44]">LED1_GPIO_Ioctl</a> from gpio.o(i.LED1_GPIO_Ioctl) referenced 2 times from gpio.o(.data)
 <LI><a href="#[41]">LED1_GPIO_Open</a> from gpio.o(i.LED1_GPIO_Open) referenced 2 times from gpio.o(.data)
 <LI><a href="#[42]">LED1_GPIO_Release</a> from gpio.o(i.LED1_GPIO_Release) referenced 2 times from gpio.o(.data)
 <LI><a href="#[43]">LED1_GPIO_Write</a> from gpio.o(i.LED1_GPIO_Write) referenced 2 times from gpio.o(.data)
 <LI><a href="#[48]">LED2_GPIO_Ioctl</a> from gpio.o(i.LED2_GPIO_Ioctl) referenced 2 times from gpio.o(.data)
 <LI><a href="#[45]">LED2_GPIO_Open</a> from gpio.o(i.LED2_GPIO_Open) referenced 2 times from gpio.o(.data)
 <LI><a href="#[46]">LED2_GPIO_Release</a> from gpio.o(i.LED2_GPIO_Release) referenced 2 times from gpio.o(.data)
 <LI><a href="#[47]">LED2_GPIO_Write</a> from gpio.o(i.LED2_GPIO_Write) referenced 2 times from gpio.o(.data)
 <LI><a href="#[4c]">LED3_GPIO_Ioctl</a> from gpio.o(i.LED3_GPIO_Ioctl) referenced 2 times from gpio.o(.data)
 <LI><a href="#[49]">LED3_GPIO_Open</a> from gpio.o(i.LED3_GPIO_Open) referenced 2 times from gpio.o(.data)
 <LI><a href="#[4a]">LED3_GPIO_Release</a> from gpio.o(i.LED3_GPIO_Release) referenced 2 times from gpio.o(.data)
 <LI><a href="#[4b]">LED3_GPIO_Write</a> from gpio.o(i.LED3_GPIO_Write) referenced 2 times from gpio.o(.data)
 <LI><a href="#[52]">RTC0_Ioctl</a> from rtc.o(i.RTC0_Ioctl) referenced 2 times from rtc.o(.data)
 <LI><a href="#[51]">RTC0_Lseek</a> from rtc.o(i.RTC0_Lseek) referenced 2 times from rtc.o(.data)
 <LI><a href="#[4d]">RTC0_Open</a> from rtc.o(i.RTC0_Open) referenced 2 times from rtc.o(.data)
 <LI><a href="#[4f]">RTC0_Read</a> from rtc.o(i.RTC0_Read) referenced 2 times from rtc.o(.data)
 <LI><a href="#[4e]">RTC0_Release</a> from rtc.o(i.RTC0_Release) referenced 2 times from rtc.o(.data)
 <LI><a href="#[50]">RTC0_Write</a> from rtc.o(i.RTC0_Write) referenced 2 times from rtc.o(.data)
 <LI><a href="#[6a]">Reset_Handler</a> from startup_keil.o(RESET) referenced from startup_keil.o(RESET)
 <LI><a href="#[62]">SPI1_Ioctl</a> from spi1.o(i.SPI1_Ioctl) referenced 2 times from spi1.o(.data)
 <LI><a href="#[61]">SPI1_Lseek</a> from spi1.o(i.SPI1_Lseek) referenced 2 times from spi1.o(.data)
 <LI><a href="#[5d]">SPI1_Open</a> from spi1.o(i.SPI1_Open) referenced 2 times from spi1.o(.data)
 <LI><a href="#[5f]">SPI1_Read</a> from spi1.o(i.SPI1_Read) referenced 2 times from spi1.o(.data)
 <LI><a href="#[5e]">SPI1_Release</a> from spi1.o(i.SPI1_Release) referenced 2 times from spi1.o(.data)
 <LI><a href="#[60]">SPI1_Write</a> from spi1.o(i.SPI1_Write) referenced 2 times from spi1.o(.data)
 <LI><a href="#[1b]">SPI_Ioctl</a> from spi.o(i.SPI_Ioctl) referenced 2 times from spi.o(.data)
 <LI><a href="#[1a]">SPI_Lseek</a> from spi.o(i.SPI_Lseek) referenced 2 times from spi.o(.data)
 <LI><a href="#[16]">SPI_Open</a> from spi.o(i.SPI_Open) referenced 2 times from spi.o(.data)
 <LI><a href="#[18]">SPI_Read</a> from spi.o(i.SPI_Read) referenced 2 times from spi.o(.data)
 <LI><a href="#[17]">SPI_Release</a> from spi.o(i.SPI_Release) referenced 2 times from spi.o(.data)
 <LI><a href="#[19]">SPI_Write</a> from spi.o(i.SPI_Write) referenced 2 times from spi.o(.data)
 <LI><a href="#[22]">SX1280_GPIO_IRQ_Register</a> from gpio.o(i.SX1280_GPIO_IRQ_Register) referenced 2 times from gpio.o(.data)
 <LI><a href="#[21]">SX1280_GPIO_Ioctl</a> from gpio.o(i.SX1280_GPIO_Ioctl) referenced 2 times from gpio.o(.data)
 <LI><a href="#[20]">SX1280_GPIO_Lseek</a> from gpio.o(i.SX1280_GPIO_Lseek) referenced 2 times from gpio.o(.data)
 <LI><a href="#[1c]">SX1280_GPIO_Open</a> from gpio.o(i.SX1280_GPIO_Open) referenced 2 times from gpio.o(.data)
 <LI><a href="#[1e]">SX1280_GPIO_Read</a> from gpio.o(i.SX1280_GPIO_Read) referenced 2 times from gpio.o(.data)
 <LI><a href="#[1d]">SX1280_GPIO_Release</a> from gpio.o(i.SX1280_GPIO_Release) referenced 2 times from gpio.o(.data)
 <LI><a href="#[1f]">SX1280_GPIO_Write</a> from gpio.o(i.SX1280_GPIO_Write) referenced 2 times from gpio.o(.data)
 <LI><a href="#[10]">USART_Ioctl</a> from uart.o(i.USART_Ioctl) referenced 2 times from uart.o(.data)
 <LI><a href="#[c]">USART_Open</a> from uart.o(i.USART_Open) referenced 2 times from uart.o(.data)
 <LI><a href="#[e]">USART_Read</a> from uart.o(i.USART_Read) referenced 2 times from uart.o(.data)
 <LI><a href="#[d]">USART_Release</a> from uart.o(i.USART_Release) referenced 2 times from uart.o(.data)
 <LI><a href="#[f]">USART_Write</a> from uart.o(i.USART_Write) referenced 2 times from uart.o(.data)
 <LI><a href="#[67]">OnRxTimeout()</a> from cot_mac.o(i._Z11OnRxTimeoutv) referenced 2 times from cot_mac.o(.data)
 <LI><a href="#[66]">OnTxTimeout()</a> from cot_mac.o(i._Z11OnTxTimeoutv) referenced 2 times from cot_mac.o(.data)
 <LI><a href="#[69]">OnRangingDone(IrqRangingCode_t)</a> from cot_mac.o(i._Z13OnRangingDone16IrqRangingCode_t) referenced 2 times from cot_mac.o(.data)
 <LI><a href="#[83]">sx1280_dio_isr()</a> from cot_mac.o(i._Z14sx1280_dio_isrv) referenced from cot_mac.o(i._Z15init_parametersP18PHYParamSettings_t)
 <LI><a href="#[85]">get_radio_channel_power()</a> from cot_mac.o(i._Z23get_radio_channel_powerv) referenced from cot_mac.o(i._Z32cot_mac_layer_system_msg_processP13cot_mac_msg_t)
 <LI><a href="#[84]">send_mac_paylod_to_radio(unsigned char*, unsigned, PacketParams_t*, unsigned short, TickTime_s)</a> from cot_mac.o(i._Z24send_mac_paylod_to_radioPhjP14PacketParams_tt10TickTime_s) referenced from cot_mac.o(i._Z32cot_mac_layer_system_msg_processP13cot_mac_msg_t)
 <LI><a href="#[8e]">cot_mac_layer_processevent(unsigned char, unsigned short)</a> from cot_mac.o(i._Z26cot_mac_layer_processeventht) referenced from osal_sample.o(.constdata)
 <LI><a href="#[65]">OnRxDone()</a> from cot_mac.o(i._Z8OnRxDonev) referenced 2 times from cot_mac.o(.data)
 <LI><a href="#[64]">OnTxDone()</a> from cot_mac.o(i._Z8OnTxDonev) referenced 2 times from cot_mac.o(.data)
 <LI><a href="#[68]">OnRxError(IrqErrorCode_t)</a> from cot_mac.o(i._Z9OnRxError14IrqErrorCode_t) referenced 2 times from cot_mac.o(.data)
 <LI><a href="#[91]">SX1280::OnDioIrq()</a> from sx1280.o(i._ZN6SX12808OnDioIrqEv) referenced from sx1280-hal.o(.constdata)
 <LI><a href="#[9b]">SX1280Hal::ReadBuffer(unsigned char, unsigned char*, unsigned char)</a> from sx1280-hal.o(i._ZN9SX1280Hal10ReadBufferEhPhh) referenced from sx1280-hal.o(.constdata__ZTV9SX1280Hal)
 <LI><a href="#[95]">SX1280Hal::ReadCommand(RadioCommands_u, unsigned char*, unsigned short)</a> from sx1280-hal.o(i._ZN9SX1280Hal11ReadCommandE15RadioCommands_uPht) referenced from sx1280-hal.o(.constdata__ZTV9SX1280Hal)
 <LI><a href="#[9a]">SX1280Hal::WriteBuffer(unsigned char, unsigned char*, unsigned char)</a> from sx1280-hal.o(i._ZN9SX1280Hal11WriteBufferEhPhh) referenced from sx1280-hal.o(.constdata__ZTV9SX1280Hal)
 <LI><a href="#[99]">SX1280Hal::ReadRegister(unsigned short)</a> from sx1280-hal.o(i._ZN9SX1280Hal12ReadRegisterEt) referenced from sx1280-hal.o(.constdata__ZTV9SX1280Hal)
 <LI><a href="#[98]">SX1280Hal::ReadRegister(unsigned short, unsigned char*, unsigned short)</a> from sx1280-hal.o(i._ZN9SX1280Hal12ReadRegisterEtPht) referenced from sx1280-hal.o(.constdata__ZTV9SX1280Hal)
 <LI><a href="#[9d]">SX1280Hal::SetDirEnable()</a> from sx1280-hal.o(i._ZN9SX1280Hal12SetDirEnableEv) referenced from sx1280-hal.o(.constdata__ZTV9SX1280Hal)
 <LI><a href="#[94]">SX1280Hal::WriteCommand(RadioCommands_u, unsigned char*, unsigned short)</a> from sx1280-hal.o(i._ZN9SX1280Hal12WriteCommandE15RadioCommands_uPht) referenced from sx1280-hal.o(.constdata__ZTV9SX1280Hal)
 <LI><a href="#[9c]">SX1280Hal::SetDirDisable()</a> from sx1280-hal.o(i._ZN9SX1280Hal13SetDirDisableEv) referenced from sx1280-hal.o(.constdata__ZTV9SX1280Hal)
 <LI><a href="#[96]">SX1280Hal::WriteRegister(unsigned short, unsigned char*, unsigned short)</a> from sx1280-hal.o(i._ZN9SX1280Hal13WriteRegisterEtPht) referenced from sx1280-hal.o(.constdata__ZTV9SX1280Hal)
 <LI><a href="#[97]">SX1280Hal::WriteRegister(unsigned short, unsigned char)</a> from sx1280-hal.o(i._ZN9SX1280Hal13WriteRegisterEth) referenced from sx1280-hal.o(.constdata__ZTV9SX1280Hal)
 <LI><a href="#[93]">SX1280Hal::Reset()</a> from sx1280-hal.o(i._ZN9SX1280Hal5ResetEv) referenced from sx1280-hal.o(.constdata__ZTV9SX1280Hal)
 <LI><a href="#[9f]">SX1280Hal::Wakeup()</a> from sx1280-hal.o(i._ZN9SX1280Hal6WakeupEv) referenced from sx1280-hal.o(.constdata__ZTV9SX1280Hal)
 <LI><a href="#[9e]">SX1280Hal::IoIrqInit(void(SX1280::*)())</a> from sx1280-hal.o(i._ZN9SX1280Hal9IoIrqInitEM6SX1280FvvE) referenced from sx1280-hal.o(.constdata__ZTV9SX1280Hal)
 <LI><a href="#[86]">SX1280Hal::~SX1280Hal()</a> from sx1280-hal.o(i._ZN9SX1280HalD1Ev) referenced from sx1280-hal.o(.constdata__ZTV9SX1280Hal)
 <LI><a href="#[86]">SX1280Hal::~SX1280Hal()</a> from sx1280-hal.o(i._ZN9SX1280HalD1Ev) referenced from cot_mac.o(i.__sti___11_cot_mac_cpp_be55acdf)
 <LI><a href="#[92]">__cxa_pure_virtual</a> from pure_virt.o(i.__cxa_pure_virtual) referenced 13 times from sx1280-hal.o(.constdata__ZTV5Radio)
 <LI><a href="#[92]">__cxa_pure_virtual</a> from pure_virt.o(i.__cxa_pure_virtual) referenced 14 times from sx1280.o(.constdata__ZTV6SX1280)
 <LI><a href="#[a1]">__main</a> from __main.o(!!!main) referenced from startup_keil.o(RESET)
 <LI><a href="#[a0]">__sti___11_cot_mac_cpp_be55acdf</a> from cot_mac.o(i.__sti___11_cot_mac_cpp_be55acdf) referenced from cot_mac.o(.init_array)
 <LI><a href="#[82]">_printf_input_char</a> from _printf_char_common.o(.text) referenced from _printf_char_common.o(.text)
 <LI><a href="#[81]">_sputc</a> from _sputc.o(.text) referenced from noretval__2sprintf.o(.text)
 <LI><a href="#[7c]">am_adc_isr</a> from adc.o(i.am_adc_isr) referenced from startup_keil.o(RESET)
 <LI><a href="#[74]">am_brownout_isr</a> from startup_keil.o(RESET) referenced from startup_keil.o(RESET)
 <LI><a href="#[6e]">am_busfault_isr</a> from startup_keil.o(RESET) referenced from startup_keil.o(RESET)
 <LI><a href="#[76]">am_clkgen_isr</a> from rtc.o(i.am_clkgen_isr) referenced from startup_keil.o(RESET)
 <LI><a href="#[7e]">am_ctimer_isr</a> from hal_timers.o(i.am_ctimer_isr) referenced from startup_keil.o(RESET)
 <LI><a href="#[71]">am_debugmon_isr</a> from startup_keil.o(RESET) referenced from startup_keil.o(RESET)
 <LI><a href="#[6c]">am_fault_isr</a> from am_util_faultisr.o(.emb_text) referenced from startup_keil.o(RESET)
 <LI><a href="#[7d]">am_gpio_isr</a> from gpio.o(i.am_gpio_isr) referenced from startup_keil.o(RESET)
 <LI><a href="#[63]">am_hal_iom_sleeping_queue_flush</a> from am_hal_iom.o(i.am_hal_iom_sleeping_queue_flush) referenced 2 times from am_hal_iom.o(.data)
 <LI><a href="#[7a]">am_iomaster0_isr</a> from startup_keil.o(RESET) referenced from startup_keil.o(RESET)
 <LI><a href="#[7b]">am_iomaster1_isr</a> from startup_keil.o(RESET) referenced from startup_keil.o(RESET)
 <LI><a href="#[79]">am_ioslave_acc_isr</a> from startup_keil.o(RESET) referenced from startup_keil.o(RESET)
 <LI><a href="#[78]">am_ioslave_ios_isr</a> from startup_keil.o(RESET) referenced from startup_keil.o(RESET)
 <LI><a href="#[6d]">am_mpufault_isr</a> from startup_keil.o(RESET) referenced from startup_keil.o(RESET)
 <LI><a href="#[6b]">am_nmi_isr</a> from startup_keil.o(RESET) referenced from startup_keil.o(RESET)
 <LI><a href="#[72]">am_pendsv_isr</a> from startup_keil.o(RESET) referenced from startup_keil.o(RESET)
 <LI><a href="#[70]">am_svcall_isr</a> from startup_keil.o(RESET) referenced from startup_keil.o(RESET)
 <LI><a href="#[73]">am_systick_isr</a> from am_hal_systick.o(i.am_systick_isr) referenced from startup_keil.o(RESET)
 <LI><a href="#[7f]">am_uart_isr</a> from uart.o(i.am_uart_isr) referenced from startup_keil.o(RESET)
 <LI><a href="#[6f]">am_usagefault_isr</a> from startup_keil.o(RESET) referenced from startup_keil.o(RESET)
 <LI><a href="#[77]">am_vcomp_isr</a> from startup_keil.o(RESET) referenced from startup_keil.o(RESET)
 <LI><a href="#[75]">am_watchdog_isr</a> from startup_keil.o(RESET) referenced from startup_keil.o(RESET)
 <LI><a href="#[87]">cot_key1_isr</a> from cot_mt_key.o(i.cot_key1_isr) referenced from cot_mt_key.o(i.cot_mt_key_init)
 <LI><a href="#[88]">cot_key2_isr</a> from cot_mt_key.o(i.cot_key2_isr) referenced from cot_mt_key.o(i.cot_mt_key_init)
 <LI><a href="#[89]">cot_key3_isr</a> from cot_mt_key.o(i.cot_key3_isr) referenced from cot_mt_key.o(i.cot_mt_key_init)
 <LI><a href="#[8a]">cot_key4_isr</a> from cot_mt_key.o(i.cot_key4_isr) referenced from cot_mt_key.o(i.cot_mt_key_init)
 <LI><a href="#[8b]">cot_key5_isr</a> from cot_mt_key.o(i.cot_key5_isr) referenced from cot_mt_key.o(i.cot_mt_key_init)
 <LI><a href="#[8c]">cot_mt_key_callback</a> from cot_mt_key.o(i.cot_mt_key_callback) referenced 2 times from cot_mt_key.o(i.cot_mt_key_callback)
 <LI><a href="#[8c]">cot_mt_key_callback</a> from cot_mt_key.o(i.cot_mt_key_callback) referenced from cot_mt_key.o(i.cot_mt_key_init)
 <LI><a href="#[90]">cot_mt_process_event</a> from cot_mt_task.o(i.cot_mt_process_event) referenced from osal_sample.o(.constdata)
 <LI><a href="#[8d]">log_uart_print</a> from log.o(i.log_uart_print) referenced from log.o(i.log_init_module)
 <LI><a href="#[8f]">sample_app_processevent</a> from sample_ping_pong_app.o(i.sample_app_processevent) referenced from osal_sample.o(.constdata)
</UL>
<P>
<H3>
Global Symbols
</H3>
<P><STRONG><a name="[6a]"></a>Reset_Handler</STRONG> (Thumb, 20 bytes, Stack size 0 bytes, startup_keil.o(RESET))
<BR>[Address Reference Count : 1]<UL><LI> startup_keil.o(RESET)
</UL>
<P><STRONG><a name="[6b]"></a>am_nmi_isr</STRONG> (Thumb, 2 bytes, Stack size 0 bytes, startup_keil.o(RESET))
<BR><BR>[Calls]<UL><LI><a href="#[6b]">&gt;&gt;</a>&nbsp;&nbsp;&nbsp;am_nmi_isr
</UL>
<BR>[Called By]<UL><LI><a href="#[6b]">&gt;&gt;</a>&nbsp;&nbsp;&nbsp;am_nmi_isr
</UL>
<BR>[Address Reference Count : 1]<UL><LI> startup_keil.o(RESET)
</UL>
<P><STRONG><a name="[a2]"></a>am_memmanage_isr</STRONG> (Thumb, 2 bytes, Stack size 0 bytes, startup_keil.o(RESET), UNUSED, KEPT)
<BR><BR>[Calls]<UL><LI><a href="#[a2]">&gt;&gt;</a>&nbsp;&nbsp;&nbsp;am_memmanage_isr
</UL>
<BR>[Called By]<UL><LI><a href="#[a2]">&gt;&gt;</a>&nbsp;&nbsp;&nbsp;am_memmanage_isr
</UL>

<P><STRONG><a name="[6d]"></a>am_mpufault_isr</STRONG> (Thumb, 2 bytes, Stack size 0 bytes, startup_keil.o(RESET))
<BR><BR>[Calls]<UL><LI><a href="#[6d]">&gt;&gt;</a>&nbsp;&nbsp;&nbsp;am_mpufault_isr
</UL>
<BR>[Called By]<UL><LI><a href="#[6d]">&gt;&gt;</a>&nbsp;&nbsp;&nbsp;am_mpufault_isr
</UL>
<BR>[Address Reference Count : 1]<UL><LI> startup_keil.o(RESET)
</UL>
<P><STRONG><a name="[6e]"></a>am_busfault_isr</STRONG> (Thumb, 2 bytes, Stack size 0 bytes, startup_keil.o(RESET))
<BR><BR>[Calls]<UL><LI><a href="#[6e]">&gt;&gt;</a>&nbsp;&nbsp;&nbsp;am_busfault_isr
</UL>
<BR>[Called By]<UL><LI><a href="#[6e]">&gt;&gt;</a>&nbsp;&nbsp;&nbsp;am_busfault_isr
</UL>
<BR>[Address Reference Count : 1]<UL><LI> startup_keil.o(RESET)
</UL>
<P><STRONG><a name="[6f]"></a>am_usagefault_isr</STRONG> (Thumb, 2 bytes, Stack size 0 bytes, startup_keil.o(RESET))
<BR><BR>[Calls]<UL><LI><a href="#[6f]">&gt;&gt;</a>&nbsp;&nbsp;&nbsp;am_usagefault_isr
</UL>
<BR>[Called By]<UL><LI><a href="#[6f]">&gt;&gt;</a>&nbsp;&nbsp;&nbsp;am_usagefault_isr
</UL>
<BR>[Address Reference Count : 1]<UL><LI> startup_keil.o(RESET)
</UL>
<P><STRONG><a name="[74]"></a>am_brownout_isr</STRONG> (Thumb, 0 bytes, Stack size 0 bytes, startup_keil.o(RESET))
<BR><BR>[Calls]<UL><LI><a href="#[74]">&gt;&gt;</a>&nbsp;&nbsp;&nbsp;am_brownout_isr
</UL>
<BR>[Called By]<UL><LI><a href="#[74]">&gt;&gt;</a>&nbsp;&nbsp;&nbsp;am_brownout_isr
</UL>
<BR>[Address Reference Count : 1]<UL><LI> startup_keil.o(RESET)
</UL>
<P><STRONG><a name="[71]"></a>am_debugmon_isr</STRONG> (Thumb, 0 bytes, Stack size 0 bytes, startup_keil.o(RESET))
<BR>[Address Reference Count : 1]<UL><LI> startup_keil.o(RESET)
</UL>
<P><STRONG><a name="[7a]"></a>am_iomaster0_isr</STRONG> (Thumb, 0 bytes, Stack size 0 bytes, startup_keil.o(RESET))
<BR>[Address Reference Count : 1]<UL><LI> startup_keil.o(RESET)
</UL>
<P><STRONG><a name="[7b]"></a>am_iomaster1_isr</STRONG> (Thumb, 0 bytes, Stack size 0 bytes, startup_keil.o(RESET))
<BR>[Address Reference Count : 1]<UL><LI> startup_keil.o(RESET)
</UL>
<P><STRONG><a name="[79]"></a>am_ioslave_acc_isr</STRONG> (Thumb, 0 bytes, Stack size 0 bytes, startup_keil.o(RESET))
<BR>[Address Reference Count : 1]<UL><LI> startup_keil.o(RESET)
</UL>
<P><STRONG><a name="[78]"></a>am_ioslave_ios_isr</STRONG> (Thumb, 0 bytes, Stack size 0 bytes, startup_keil.o(RESET))
<BR>[Address Reference Count : 1]<UL><LI> startup_keil.o(RESET)
</UL>
<P><STRONG><a name="[72]"></a>am_pendsv_isr</STRONG> (Thumb, 0 bytes, Stack size 0 bytes, startup_keil.o(RESET))
<BR>[Address Reference Count : 1]<UL><LI> startup_keil.o(RESET)
</UL>
<P><STRONG><a name="[70]"></a>am_svcall_isr</STRONG> (Thumb, 0 bytes, Stack size 0 bytes, startup_keil.o(RESET))
<BR>[Address Reference Count : 1]<UL><LI> startup_keil.o(RESET)
</UL>
<P><STRONG><a name="[77]"></a>am_vcomp_isr</STRONG> (Thumb, 0 bytes, Stack size 0 bytes, startup_keil.o(RESET))
<BR>[Address Reference Count : 1]<UL><LI> startup_keil.o(RESET)
</UL>
<P><STRONG><a name="[75]"></a>am_watchdog_isr</STRONG> (Thumb, 0 bytes, Stack size 0 bytes, startup_keil.o(RESET))
<BR>[Address Reference Count : 1]<UL><LI> startup_keil.o(RESET)
</UL>
<P><STRONG><a name="[a1]"></a>__main</STRONG> (Thumb, 8 bytes, Stack size 0 bytes, __main.o(!!!main))
<BR><BR>[Calls]<UL><LI><a href="#[a5]">&gt;&gt;</a>&nbsp;&nbsp;&nbsp;__rt_entry
<LI><a href="#[a4]">&gt;&gt;</a>&nbsp;&nbsp;&nbsp;__scatterload
</UL>

<P><STRONG><a name="[a4]"></a>__scatterload</STRONG> (Thumb, 0 bytes, Stack size unknown bytes, __scatter.o(!!!scatter))
<BR><BR>[Called By]<UL><LI><a href="#[a1]">&gt;&gt;</a>&nbsp;&nbsp;&nbsp;__main
</UL>

<P><STRONG><a name="[a6]"></a>__scatterload_rt2</STRONG> (Thumb, 44 bytes, Stack size unknown bytes, __scatter.o(!!!scatter), UNUSED)
<BR><BR>[Calls]<UL><LI><a href="#[a5]">&gt;&gt;</a>&nbsp;&nbsp;&nbsp;__rt_entry
</UL>

<P><STRONG><a name="[293]"></a>__scatterload_rt2_thumb_only</STRONG> (Thumb, 0 bytes, Stack size unknown bytes, __scatter.o(!!!scatter), UNUSED)

<P><STRONG><a name="[294]"></a>__scatterload_null</STRONG> (Thumb, 0 bytes, Stack size unknown bytes, __scatter.o(!!!scatter), UNUSED)

<P><STRONG><a name="[295]"></a>__decompress</STRONG> (Thumb, 90 bytes, Stack size unknown bytes, __dczerorl2.o(!!dczerorl2), UNUSED)

<P><STRONG><a name="[296]"></a>__decompress1</STRONG> (Thumb, 0 bytes, Stack size unknown bytes, __dczerorl2.o(!!dczerorl2), UNUSED)

<P><STRONG><a name="[297]"></a>__scatterload_zeroinit</STRONG> (Thumb, 28 bytes, Stack size unknown bytes, __scatter_zi.o(!!handler_zi), UNUSED)

<P><STRONG><a name="[a7]"></a>_printf_f</STRONG> (Thumb, 0 bytes, Stack size unknown bytes, _printf_f.o(.ARM.Collect$$_printf_percent$$00000003))
<BR><BR>[Stack]<UL><LI>Max Depth = 320 + Unknown Stack Size
<LI>Call Chain = _printf_f &rArr; _printf_fp_dec &rArr; _printf_fp_dec_real &rArr; _fp_digits &rArr; _btod_etento &rArr; _btod_emul &rArr; _e2e
</UL>
<BR>[Calls]<UL><LI><a href="#[a8]">&gt;&gt;</a>&nbsp;&nbsp;&nbsp;_printf_fp_dec
</UL>

<P><STRONG><a name="[ca]"></a>_printf_percent</STRONG> (Thumb, 0 bytes, Stack size unknown bytes, _printf_percent.o(.ARM.Collect$$_printf_percent$$00000000))
<BR><BR>[Called By]<UL><LI><a href="#[c8]">&gt;&gt;</a>&nbsp;&nbsp;&nbsp;__printf
</UL>

<P><STRONG><a name="[a9]"></a>_printf_d</STRONG> (Thumb, 0 bytes, Stack size unknown bytes, _printf_d.o(.ARM.Collect$$_printf_percent$$00000009))
<BR><BR>[Stack]<UL><LI>Max Depth = 72 + Unknown Stack Size
<LI>Call Chain = _printf_d &rArr; _printf_int_dec &rArr; _printf_int_common &rArr; _printf_post_padding
</UL>
<BR>[Calls]<UL><LI><a href="#[aa]">&gt;&gt;</a>&nbsp;&nbsp;&nbsp;_printf_int_dec
</UL>

<P><STRONG><a name="[ab]"></a>_printf_x</STRONG> (Thumb, 0 bytes, Stack size unknown bytes, _printf_x.o(.ARM.Collect$$_printf_percent$$0000000C))
<BR><BR>[Stack]<UL><LI>Max Depth = 64 + Unknown Stack Size
<LI>Call Chain = _printf_x &rArr; _printf_int_hex &rArr; _printf_int_common &rArr; _printf_post_padding
</UL>
<BR>[Calls]<UL><LI><a href="#[ac]">&gt;&gt;</a>&nbsp;&nbsp;&nbsp;_printf_int_hex
</UL>

<P><STRONG><a name="[298]"></a>_printf_percent_end</STRONG> (Thumb, 0 bytes, Stack size unknown bytes, _printf_percent_end.o(.ARM.Collect$$_printf_percent$$00000017))

<P><STRONG><a name="[bb]"></a>__rt_lib_init</STRONG> (Thumb, 0 bytes, Stack size unknown bytes, libinit.o(.ARM.Collect$$libinit$$00000000))
<BR><BR>[Called By]<UL><LI><a href="#[ba]">&gt;&gt;</a>&nbsp;&nbsp;&nbsp;__rt_entry_li
</UL>

<P><STRONG><a name="[ad]"></a>__rt_lib_init_fp_1</STRONG> (Thumb, 0 bytes, Stack size unknown bytes, libinit2.o(.ARM.Collect$$libinit$$00000001))
<BR><BR>[Calls]<UL><LI><a href="#[ae]">&gt;&gt;</a>&nbsp;&nbsp;&nbsp;_fp_init
</UL>

<P><STRONG><a name="[af]"></a>__rt_lib_init_heap_2</STRONG> (Thumb, 0 bytes, Stack size unknown bytes, libinit2.o(.ARM.Collect$$libinit$$00000005))
<BR><BR>[Stack]<UL><LI>Max Depth = 64 + Unknown Stack Size
<LI>Call Chain = __rt_lib_init_heap_2 &rArr; _init_alloc &rArr; __rt_SIGRTMEM &rArr; __rt_SIGRTMEM_inner &rArr; __default_signal_display &rArr; _ttywrch
</UL>
<BR>[Calls]<UL><LI><a href="#[b0]">&gt;&gt;</a>&nbsp;&nbsp;&nbsp;_init_alloc
</UL>

<P><STRONG><a name="[299]"></a>__rt_lib_init_preinit_1</STRONG> (Thumb, 0 bytes, Stack size unknown bytes, libinit2.o(.ARM.Collect$$libinit$$00000004))

<P><STRONG><a name="[29a]"></a>__rt_lib_init_heap_1</STRONG> (Thumb, 0 bytes, Stack size unknown bytes, libinit2.o(.ARM.Collect$$libinit$$0000000A))

<P><STRONG><a name="[b1]"></a>__rt_lib_init_lc_common</STRONG> (Thumb, 0 bytes, Stack size unknown bytes, libinit2.o(.ARM.Collect$$libinit$$0000000F))
<BR><BR>[Calls]<UL><LI><a href="#[b2]">&gt;&gt;</a>&nbsp;&nbsp;&nbsp;__rt_locale
</UL>

<P><STRONG><a name="[29b]"></a>__rt_lib_init_rand_1</STRONG> (Thumb, 0 bytes, Stack size unknown bytes, libinit2.o(.ARM.Collect$$libinit$$0000000E))

<P><STRONG><a name="[29c]"></a>__rt_lib_init_user_alloc_1</STRONG> (Thumb, 0 bytes, Stack size unknown bytes, libinit2.o(.ARM.Collect$$libinit$$0000000C))

<P><STRONG><a name="[29d]"></a>__rt_lib_init_lc_collate_1</STRONG> (Thumb, 0 bytes, Stack size unknown bytes, libinit2.o(.ARM.Collect$$libinit$$00000011))

<P><STRONG><a name="[29e]"></a>__rt_lib_init_lc_ctype_1</STRONG> (Thumb, 0 bytes, Stack size unknown bytes, libinit2.o(.ARM.Collect$$libinit$$00000013))

<P><STRONG><a name="[29f]"></a>__rt_lib_init_lc_monetary_1</STRONG> (Thumb, 0 bytes, Stack size unknown bytes, libinit2.o(.ARM.Collect$$libinit$$00000015))

<P><STRONG><a name="[b3]"></a>__rt_lib_init_lc_numeric_2</STRONG> (Thumb, 0 bytes, Stack size unknown bytes, libinit2.o(.ARM.Collect$$libinit$$00000016))
<BR><BR>[Stack]<UL><LI>Max Depth = 8 + Unknown Stack Size
<LI>Call Chain = __rt_lib_init_lc_numeric_2 &rArr; _get_lc_numeric
</UL>
<BR>[Calls]<UL><LI><a href="#[b4]">&gt;&gt;</a>&nbsp;&nbsp;&nbsp;_get_lc_numeric
</UL>

<P><STRONG><a name="[2a0]"></a>__rt_lib_init_alloca_1</STRONG> (Thumb, 0 bytes, Stack size unknown bytes, libinit2.o(.ARM.Collect$$libinit$$0000002E))

<P><STRONG><a name="[2a1]"></a>__rt_lib_init_argv_1</STRONG> (Thumb, 0 bytes, Stack size unknown bytes, libinit2.o(.ARM.Collect$$libinit$$0000002C))

<P><STRONG><a name="[2a2]"></a>__rt_lib_init_atexit_1</STRONG> (Thumb, 0 bytes, Stack size unknown bytes, libinit2.o(.ARM.Collect$$libinit$$0000001B))

<P><STRONG><a name="[2a3]"></a>__rt_lib_init_clock_1</STRONG> (Thumb, 0 bytes, Stack size unknown bytes, libinit2.o(.ARM.Collect$$libinit$$00000021))

<P><STRONG><a name="[b5]"></a>__rt_lib_init_cpp_2</STRONG> (Thumb, 0 bytes, Stack size unknown bytes, libinit2.o(.ARM.Collect$$libinit$$00000031))
<BR><BR>[Stack]<UL><LI>Max Depth = 16 + Unknown Stack Size
<LI>Call Chain = __rt_lib_init_cpp_2 &rArr; __cpp_initialize__aeabi_
</UL>
<BR>[Calls]<UL><LI><a href="#[a3]">&gt;&gt;</a>&nbsp;&nbsp;&nbsp;__cpp_initialize__aeabi_
</UL>

<P><STRONG><a name="[2a4]"></a>__rt_lib_init_exceptions_1</STRONG> (Thumb, 0 bytes, Stack size unknown bytes, libinit2.o(.ARM.Collect$$libinit$$00000030))

<P><STRONG><a name="[2a5]"></a>__rt_lib_init_fp_trap_1</STRONG> (Thumb, 0 bytes, Stack size unknown bytes, libinit2.o(.ARM.Collect$$libinit$$0000001F))

<P><STRONG><a name="[2a6]"></a>__rt_lib_init_getenv_1</STRONG> (Thumb, 0 bytes, Stack size unknown bytes, libinit2.o(.ARM.Collect$$libinit$$00000023))

<P><STRONG><a name="[2a7]"></a>__rt_lib_init_lc_numeric_1</STRONG> (Thumb, 0 bytes, Stack size unknown bytes, libinit2.o(.ARM.Collect$$libinit$$00000017))

<P><STRONG><a name="[2a8]"></a>__rt_lib_init_lc_time_1</STRONG> (Thumb, 0 bytes, Stack size unknown bytes, libinit2.o(.ARM.Collect$$libinit$$00000019))

<P><STRONG><a name="[2a9]"></a>__rt_lib_init_signal_1</STRONG> (Thumb, 0 bytes, Stack size unknown bytes, libinit2.o(.ARM.Collect$$libinit$$0000001D))

<P><STRONG><a name="[2aa]"></a>__rt_lib_init_stdio_1</STRONG> (Thumb, 0 bytes, Stack size unknown bytes, libinit2.o(.ARM.Collect$$libinit$$00000025))

<P><STRONG><a name="[2ab]"></a>__rt_lib_init_cpp_1</STRONG> (Thumb, 0 bytes, Stack size unknown bytes, libinit2.o(.ARM.Collect$$libinit$$00000032))

<P><STRONG><a name="[2ac]"></a>__rt_lib_init_return</STRONG> (Thumb, 0 bytes, Stack size unknown bytes, libinit2.o(.ARM.Collect$$libinit$$00000033))

<P><STRONG><a name="[c0]"></a>__rt_lib_shutdown</STRONG> (Thumb, 0 bytes, Stack size unknown bytes, libshutdown.o(.ARM.Collect$$libshutdown$$00000000))
<BR><BR>[Called By]<UL><LI><a href="#[bf]">&gt;&gt;</a>&nbsp;&nbsp;&nbsp;__rt_exit_ls
</UL>

<P><STRONG><a name="[b6]"></a>__rt_lib_shutdown_cpp_1</STRONG> (Thumb, 0 bytes, Stack size unknown bytes, libshutdown2.o(.ARM.Collect$$libshutdown$$00000001))
<BR><BR>[Stack]<UL><LI>Max Depth = 40 + Unknown Stack Size
<LI>Call Chain = __rt_lib_shutdown_cpp_1 &rArr; __cxa_finalize &rArr; free
</UL>
<BR>[Calls]<UL><LI><a href="#[b7]">&gt;&gt;</a>&nbsp;&nbsp;&nbsp;__cxa_finalize
</UL>

<P><STRONG><a name="[2ad]"></a>__rt_lib_shutdown_fp_trap_1</STRONG> (Thumb, 0 bytes, Stack size unknown bytes, libshutdown2.o(.ARM.Collect$$libshutdown$$00000006))

<P><STRONG><a name="[2ae]"></a>__rt_lib_shutdown_heap_1</STRONG> (Thumb, 0 bytes, Stack size unknown bytes, libshutdown2.o(.ARM.Collect$$libshutdown$$0000000E))

<P><STRONG><a name="[2af]"></a>__rt_lib_shutdown_return</STRONG> (Thumb, 0 bytes, Stack size unknown bytes, libshutdown2.o(.ARM.Collect$$libshutdown$$0000000F))

<P><STRONG><a name="[2b0]"></a>__rt_lib_shutdown_signal_1</STRONG> (Thumb, 0 bytes, Stack size unknown bytes, libshutdown2.o(.ARM.Collect$$libshutdown$$00000009))

<P><STRONG><a name="[2b1]"></a>__rt_lib_shutdown_stdio_1</STRONG> (Thumb, 0 bytes, Stack size unknown bytes, libshutdown2.o(.ARM.Collect$$libshutdown$$00000003))

<P><STRONG><a name="[2b2]"></a>__rt_lib_shutdown_user_alloc_1</STRONG> (Thumb, 0 bytes, Stack size unknown bytes, libshutdown2.o(.ARM.Collect$$libshutdown$$0000000B))

<P><STRONG><a name="[a5]"></a>__rt_entry</STRONG> (Thumb, 0 bytes, Stack size unknown bytes, __rtentry.o(.ARM.Collect$$rtentry$$00000000))
<BR><BR>[Called By]<UL><LI><a href="#[a1]">&gt;&gt;</a>&nbsp;&nbsp;&nbsp;__main
<LI><a href="#[a6]">&gt;&gt;</a>&nbsp;&nbsp;&nbsp;__scatterload_rt2
</UL>

<P><STRONG><a name="[2b3]"></a>__rt_entry_presh_1</STRONG> (Thumb, 0 bytes, Stack size unknown bytes, __rtentry2.o(.ARM.Collect$$rtentry$$00000002))

<P><STRONG><a name="[b8]"></a>__rt_entry_sh</STRONG> (Thumb, 0 bytes, Stack size unknown bytes, __rtentry4.o(.ARM.Collect$$rtentry$$00000004))
<BR><BR>[Stack]<UL><LI>Max Depth = 8 + Unknown Stack Size
<LI>Call Chain = __rt_entry_sh &rArr; __user_setup_stackheap
</UL>
<BR>[Calls]<UL><LI><a href="#[b9]">&gt;&gt;</a>&nbsp;&nbsp;&nbsp;__user_setup_stackheap
</UL>

<P><STRONG><a name="[ba]"></a>__rt_entry_li</STRONG> (Thumb, 0 bytes, Stack size unknown bytes, __rtentry2.o(.ARM.Collect$$rtentry$$0000000A))
<BR><BR>[Calls]<UL><LI><a href="#[bb]">&gt;&gt;</a>&nbsp;&nbsp;&nbsp;__rt_lib_init
</UL>

<P><STRONG><a name="[2b4]"></a>__rt_entry_postsh_1</STRONG> (Thumb, 0 bytes, Stack size unknown bytes, __rtentry2.o(.ARM.Collect$$rtentry$$00000009))

<P><STRONG><a name="[bc]"></a>__rt_entry_main</STRONG> (Thumb, 0 bytes, Stack size unknown bytes, __rtentry2.o(.ARM.Collect$$rtentry$$0000000D))
<BR><BR>[Stack]<UL><LI>Max Depth = 5432 + Unknown Stack Size
<LI>Call Chain = __rt_entry_main &rArr; main &rArr; osal_init_system &rArr; osalInitTasks &rArr; phy_layer_init(unsigned char) &rArr; verify_sign() &rArr; EA_ucRSAPublicBlock &rArr; rsa_public &rArr; mpi_exp_mod &rArr; mpi_montg_calculrr &rArr; mpi_mod_mpi &rArr; mpi_div_mpi &rArr; mpi_add_mpi &rArr; mpi_add_abs &rArr; __aeabi_memcpy4
</UL>
<BR>[Calls]<UL><LI><a href="#[bd]">&gt;&gt;</a>&nbsp;&nbsp;&nbsp;main
<LI><a href="#[be]">&gt;&gt;</a>&nbsp;&nbsp;&nbsp;exit
</UL>

<P><STRONG><a name="[2b5]"></a>__rt_entry_postli_1</STRONG> (Thumb, 0 bytes, Stack size unknown bytes, __rtentry2.o(.ARM.Collect$$rtentry$$0000000C))

<P><STRONG><a name="[ee]"></a>__rt_exit</STRONG> (Thumb, 0 bytes, Stack size unknown bytes, rtexit.o(.ARM.Collect$$rtexit$$00000000))
<BR><BR>[Called By]<UL><LI><a href="#[be]">&gt;&gt;</a>&nbsp;&nbsp;&nbsp;exit
</UL>

<P><STRONG><a name="[bf]"></a>__rt_exit_ls</STRONG> (Thumb, 0 bytes, Stack size unknown bytes, rtexit2.o(.ARM.Collect$$rtexit$$00000003))
<BR><BR>[Calls]<UL><LI><a href="#[c0]">&gt;&gt;</a>&nbsp;&nbsp;&nbsp;__rt_lib_shutdown
</UL>

<P><STRONG><a name="[2b6]"></a>__rt_exit_prels_1</STRONG> (Thumb, 0 bytes, Stack size unknown bytes, rtexit2.o(.ARM.Collect$$rtexit$$00000002))

<P><STRONG><a name="[c1]"></a>__rt_exit_exit</STRONG> (Thumb, 0 bytes, Stack size unknown bytes, rtexit2.o(.ARM.Collect$$rtexit$$00000004))
<BR><BR>[Calls]<UL><LI><a href="#[c2]">&gt;&gt;</a>&nbsp;&nbsp;&nbsp;_sys_exit
</UL>

<P><STRONG><a name="[6c]"></a>am_fault_isr</STRONG> (Thumb, 12 bytes, Stack size 0 bytes, am_util_faultisr.o(.emb_text))
<BR><BR>[Stack]<UL><LI>Max Depth = 356<LI>Call Chain = am_fault_isr &rArr; am_util_faultisr_collect_data &rArr; log_printf &rArr; am_util_stdio_printf &rArr; am_util_stdio_vsprintf &rArr; ftoa &rArr; uint64_to_str &rArr; divu64_10
</UL>
<BR>[Calls]<UL><LI><a href="#[c3]">&gt;&gt;</a>&nbsp;&nbsp;&nbsp;am_util_faultisr_collect_data
</UL>
<BR>[Address Reference Count : 1]<UL><LI> startup_keil.o(RESET)
</UL>
<P><STRONG><a name="[1f3]"></a>getStackedReg</STRONG> (Thumb, 8 bytes, Stack size 0 bytes, am_util_faultisr.o(.emb_text))
<BR><BR>[Called By]<UL><LI><a href="#[c3]">&gt;&gt;</a>&nbsp;&nbsp;&nbsp;am_util_faultisr_collect_data
</UL>

<P><STRONG><a name="[c4]"></a>am_hal_flash_delay</STRONG> (Thumb, 6 bytes, Stack size 0 bytes, am_hal_flash.o(.emb_text))
<BR><BR>[Calls]<UL><LI><a href="#[c4]">&gt;&gt;</a>&nbsp;&nbsp;&nbsp;am_hal_flash_delay
</UL>
<BR>[Called By]<UL><LI><a href="#[11b]">&gt;&gt;</a>&nbsp;&nbsp;&nbsp;am_util_delay_ms
<LI><a href="#[c4]">&gt;&gt;</a>&nbsp;&nbsp;&nbsp;am_hal_flash_delay
<LI><a href="#[109]">&gt;&gt;</a>&nbsp;&nbsp;&nbsp;am_util_delay_us
</UL>

<P><STRONG><a name="[234]"></a>am_hal_interrupt_master_enable</STRONG> (Thumb, 8 bytes, Stack size 0 bytes, am_hal_interrupt.o(.emb_text))
<BR><BR>[Called By]<UL><LI><a href="#[193]">&gt;&gt;</a>&nbsp;&nbsp;&nbsp;osal_stop_timerEx
<LI><a href="#[13a]">&gt;&gt;</a>&nbsp;&nbsp;&nbsp;osal_start_timerEx
<LI><a href="#[13b]">&gt;&gt;</a>&nbsp;&nbsp;&nbsp;osal_set_event
<LI><a href="#[264]">&gt;&gt;</a>&nbsp;&nbsp;&nbsp;osal_pwrmgr_task_state
<LI><a href="#[18f]">&gt;&gt;</a>&nbsp;&nbsp;&nbsp;osal_msg_receive
<LI><a href="#[237]">&gt;&gt;</a>&nbsp;&nbsp;&nbsp;osal_start_system
<LI><a href="#[bd]">&gt;&gt;</a>&nbsp;&nbsp;&nbsp;main
<LI><a href="#[252]">&gt;&gt;</a>&nbsp;&nbsp;&nbsp;osal_mem_alloc
<LI><a href="#[262]">&gt;&gt;</a>&nbsp;&nbsp;&nbsp;osal_pwrmgr_powerconserve
<LI><a href="#[25f]">&gt;&gt;</a>&nbsp;&nbsp;&nbsp;osal_mem_kick
<LI><a href="#[25c]">&gt;&gt;</a>&nbsp;&nbsp;&nbsp;osal_mem_free
<LI><a href="#[259]">&gt;&gt;</a>&nbsp;&nbsp;&nbsp;osalTimerUpdate
<LI><a href="#[261]">&gt;&gt;</a>&nbsp;&nbsp;&nbsp;osal_msg_extract
<LI><a href="#[260]">&gt;&gt;</a>&nbsp;&nbsp;&nbsp;osal_msg_enqueue
<LI><a href="#[192]">&gt;&gt;</a>&nbsp;&nbsp;&nbsp;osal_clear_event
<LI><a href="#[11c]">&gt;&gt;</a>&nbsp;&nbsp;&nbsp;rtc0_enable
</UL>

<P><STRONG><a name="[1dc]"></a>am_hal_interrupt_master_disable</STRONG> (Thumb, 8 bytes, Stack size 0 bytes, am_hal_interrupt.o(.emb_text))
<BR><BR>[Called By]<UL><LI><a href="#[193]">&gt;&gt;</a>&nbsp;&nbsp;&nbsp;osal_stop_timerEx
<LI><a href="#[13a]">&gt;&gt;</a>&nbsp;&nbsp;&nbsp;osal_start_timerEx
<LI><a href="#[13b]">&gt;&gt;</a>&nbsp;&nbsp;&nbsp;osal_set_event
<LI><a href="#[264]">&gt;&gt;</a>&nbsp;&nbsp;&nbsp;osal_pwrmgr_task_state
<LI><a href="#[18f]">&gt;&gt;</a>&nbsp;&nbsp;&nbsp;osal_msg_receive
<LI><a href="#[237]">&gt;&gt;</a>&nbsp;&nbsp;&nbsp;osal_start_system
<LI><a href="#[252]">&gt;&gt;</a>&nbsp;&nbsp;&nbsp;osal_mem_alloc
<LI><a href="#[262]">&gt;&gt;</a>&nbsp;&nbsp;&nbsp;osal_pwrmgr_powerconserve
<LI><a href="#[25f]">&gt;&gt;</a>&nbsp;&nbsp;&nbsp;osal_mem_kick
<LI><a href="#[25c]">&gt;&gt;</a>&nbsp;&nbsp;&nbsp;osal_mem_free
<LI><a href="#[259]">&gt;&gt;</a>&nbsp;&nbsp;&nbsp;osalTimerUpdate
<LI><a href="#[261]">&gt;&gt;</a>&nbsp;&nbsp;&nbsp;osal_msg_extract
<LI><a href="#[260]">&gt;&gt;</a>&nbsp;&nbsp;&nbsp;osal_msg_enqueue
<LI><a href="#[192]">&gt;&gt;</a>&nbsp;&nbsp;&nbsp;osal_clear_event
<LI><a href="#[1de]">&gt;&gt;</a>&nbsp;&nbsp;&nbsp;am_hal_queue_item_add
<LI><a href="#[63]">&gt;&gt;</a>&nbsp;&nbsp;&nbsp;am_hal_iom_sleeping_queue_flush
<LI><a href="#[1e0]">&gt;&gt;</a>&nbsp;&nbsp;&nbsp;am_hal_iom_queue_spi_write
<LI><a href="#[1db]">&gt;&gt;</a>&nbsp;&nbsp;&nbsp;am_hal_iom_queue_spi_read
</UL>

<P><STRONG><a name="[1df]"></a>am_hal_interrupt_master_set</STRONG> (Thumb, 6 bytes, Stack size 0 bytes, am_hal_interrupt.o(.emb_text))
<BR><BR>[Called By]<UL><LI><a href="#[1de]">&gt;&gt;</a>&nbsp;&nbsp;&nbsp;am_hal_queue_item_add
<LI><a href="#[63]">&gt;&gt;</a>&nbsp;&nbsp;&nbsp;am_hal_iom_sleeping_queue_flush
<LI><a href="#[1e0]">&gt;&gt;</a>&nbsp;&nbsp;&nbsp;am_hal_iom_queue_spi_write
<LI><a href="#[1db]">&gt;&gt;</a>&nbsp;&nbsp;&nbsp;am_hal_iom_queue_spi_read
</UL>

<P><STRONG><a name="[24b]"></a>mpi_mul_hlp</STRONG> (Thumb, 118 bytes, Stack size 0 bytes, bignum.o(.emb_text))
<BR><BR>[Called By]<UL><LI><a href="#[243]">&gt;&gt;</a>&nbsp;&nbsp;&nbsp;mpi_mul_int
<LI><a href="#[248]">&gt;&gt;</a>&nbsp;&nbsp;&nbsp;mpi_montmul
</UL>

<P><STRONG><a name="[ed]"></a>__user_initial_stackheap</STRONG> (Thumb, 10 bytes, Stack size 0 bytes, startup_keil.o(.text))
<BR><BR>[Called By]<UL><LI><a href="#[b9]">&gt;&gt;</a>&nbsp;&nbsp;&nbsp;__user_setup_stackheap
</UL>

<P><STRONG><a name="[2b7]"></a>_maybe_terminate_alloc</STRONG> (Thumb, 0 bytes, Stack size 0 bytes, maybetermalloc1.o(.emb_text), UNUSED)

<P><STRONG><a name="[21a]"></a>__aeabi_llsl</STRONG> (Thumb, 0 bytes, Stack size 0 bytes, llshl.o(.text))
<BR><BR>[Called By]<UL><LI><a href="#[219]">&gt;&gt;</a>&nbsp;&nbsp;&nbsp;cot_ranging
</UL>

<P><STRONG><a name="[2b8]"></a>_ll_shift_l</STRONG> (Thumb, 38 bytes, Stack size 0 bytes, llshl.o(.text), UNUSED)

<P><STRONG><a name="[c5]"></a>__2sprintf</STRONG> (Thumb, 34 bytes, Stack size 32 bytes, noretval__2sprintf.o(.text))
<BR><BR>[Stack]<UL><LI>Max Depth = 128 + Unknown Stack Size
<LI>Call Chain = __2sprintf &rArr; _printf_char_common &rArr; __printf
</UL>
<BR>[Calls]<UL><LI><a href="#[81]">&gt;&gt;</a>&nbsp;&nbsp;&nbsp;_sputc
<LI><a href="#[c6]">&gt;&gt;</a>&nbsp;&nbsp;&nbsp;_printf_char_common
</UL>
<BR>[Called By]<UL><LI><a href="#[8f]">&gt;&gt;</a>&nbsp;&nbsp;&nbsp;sample_app_processevent
<LI><a href="#[135]">&gt;&gt;</a>&nbsp;&nbsp;&nbsp;LoRaMAC_IDHashProgram()
<LI><a href="#[141]">&gt;&gt;</a>&nbsp;&nbsp;&nbsp;CheckDistance(ModulationParams_t*)
</UL>

<P><STRONG><a name="[d9]"></a>_printf_pre_padding</STRONG> (Thumb, 44 bytes, Stack size 16 bytes, _printf_pad.o(.text))
<BR><BR>[Stack]<UL><LI>Max Depth = 16<LI>Call Chain = _printf_pre_padding
</UL>
<BR>[Called By]<UL><LI><a href="#[e3]">&gt;&gt;</a>&nbsp;&nbsp;&nbsp;_printf_fp_infnan
<LI><a href="#[e1]">&gt;&gt;</a>&nbsp;&nbsp;&nbsp;_printf_fp_dec_real
<LI><a href="#[c7]">&gt;&gt;</a>&nbsp;&nbsp;&nbsp;_printf_int_common
</UL>

<P><STRONG><a name="[da]"></a>_printf_post_padding</STRONG> (Thumb, 34 bytes, Stack size 16 bytes, _printf_pad.o(.text))
<BR><BR>[Stack]<UL><LI>Max Depth = 16<LI>Call Chain = _printf_post_padding
</UL>
<BR>[Called By]<UL><LI><a href="#[e3]">&gt;&gt;</a>&nbsp;&nbsp;&nbsp;_printf_fp_infnan
<LI><a href="#[e1]">&gt;&gt;</a>&nbsp;&nbsp;&nbsp;_printf_fp_dec_real
<LI><a href="#[c7]">&gt;&gt;</a>&nbsp;&nbsp;&nbsp;_printf_int_common
</UL>

<P><STRONG><a name="[aa]"></a>_printf_int_dec</STRONG> (Thumb, 104 bytes, Stack size 24 bytes, _printf_dec.o(.text))
<BR><BR>[Stack]<UL><LI>Max Depth = 72<LI>Call Chain = _printf_int_dec &rArr; _printf_int_common &rArr; _printf_post_padding
</UL>
<BR>[Calls]<UL><LI><a href="#[c7]">&gt;&gt;</a>&nbsp;&nbsp;&nbsp;_printf_int_common
</UL>
<BR>[Called By]<UL><LI><a href="#[a9]">&gt;&gt;</a>&nbsp;&nbsp;&nbsp;_printf_d
</UL>

<P><STRONG><a name="[ac]"></a>_printf_int_hex</STRONG> (Thumb, 84 bytes, Stack size 16 bytes, _printf_hex_int.o(.text))
<BR><BR>[Stack]<UL><LI>Max Depth = 64<LI>Call Chain = _printf_int_hex &rArr; _printf_int_common &rArr; _printf_post_padding
</UL>
<BR>[Calls]<UL><LI><a href="#[c7]">&gt;&gt;</a>&nbsp;&nbsp;&nbsp;_printf_int_common
</UL>
<BR>[Called By]<UL><LI><a href="#[ab]">&gt;&gt;</a>&nbsp;&nbsp;&nbsp;_printf_x
</UL>

<P><STRONG><a name="[2b9]"></a>_printf_longlong_hex</STRONG> (Thumb, 0 bytes, Stack size 16 bytes, _printf_hex_int.o(.text), UNUSED)

<P><STRONG><a name="[c8]"></a>__printf</STRONG> (Thumb, 270 bytes, Stack size 32 bytes, __printf_wp.o(.text))
<BR><BR>[Stack]<UL><LI>Max Depth = 32 + Unknown Stack Size
<LI>Call Chain = __printf
</UL>
<BR>[Calls]<UL><LI><a href="#[ca]">&gt;&gt;</a>&nbsp;&nbsp;&nbsp;_printf_percent
<LI><a href="#[c9]">&gt;&gt;</a>&nbsp;&nbsp;&nbsp;_is_digit
</UL>
<BR>[Called By]<UL><LI><a href="#[c6]">&gt;&gt;</a>&nbsp;&nbsp;&nbsp;_printf_char_common
</UL>

<P><STRONG><a name="[140]"></a>memcmp</STRONG> (Thumb, 88 bytes, Stack size 8 bytes, memcmp.o(.text))
<BR><BR>[Stack]<UL><LI>Max Depth = 8<LI>Call Chain = memcmp
</UL>
<BR>[Called By]<UL><LI><a href="#[13c]">&gt;&gt;</a>&nbsp;&nbsp;&nbsp;verify_sign()
</UL>

<P><STRONG><a name="[f6]"></a>strncmp</STRONG> (Thumb, 150 bytes, Stack size 16 bytes, strncmp.o(.text))
<BR><BR>[Stack]<UL><LI>Max Depth = 16<LI>Call Chain = strncmp
</UL>
<BR>[Called By]<UL><LI><a href="#[1f]">&gt;&gt;</a>&nbsp;&nbsp;&nbsp;SX1280_GPIO_Write
<LI><a href="#[1d]">&gt;&gt;</a>&nbsp;&nbsp;&nbsp;SX1280_GPIO_Release
<LI><a href="#[1e]">&gt;&gt;</a>&nbsp;&nbsp;&nbsp;SX1280_GPIO_Read
<LI><a href="#[1c]">&gt;&gt;</a>&nbsp;&nbsp;&nbsp;SX1280_GPIO_Open
<LI><a href="#[22]">&gt;&gt;</a>&nbsp;&nbsp;&nbsp;SX1280_GPIO_IRQ_Register
<LI><a href="#[4b]">&gt;&gt;</a>&nbsp;&nbsp;&nbsp;LED3_GPIO_Write
<LI><a href="#[4a]">&gt;&gt;</a>&nbsp;&nbsp;&nbsp;LED3_GPIO_Release
<LI><a href="#[49]">&gt;&gt;</a>&nbsp;&nbsp;&nbsp;LED3_GPIO_Open
<LI><a href="#[4c]">&gt;&gt;</a>&nbsp;&nbsp;&nbsp;LED3_GPIO_Ioctl
<LI><a href="#[47]">&gt;&gt;</a>&nbsp;&nbsp;&nbsp;LED2_GPIO_Write
<LI><a href="#[46]">&gt;&gt;</a>&nbsp;&nbsp;&nbsp;LED2_GPIO_Release
<LI><a href="#[45]">&gt;&gt;</a>&nbsp;&nbsp;&nbsp;LED2_GPIO_Open
<LI><a href="#[48]">&gt;&gt;</a>&nbsp;&nbsp;&nbsp;LED2_GPIO_Ioctl
<LI><a href="#[43]">&gt;&gt;</a>&nbsp;&nbsp;&nbsp;LED1_GPIO_Write
<LI><a href="#[42]">&gt;&gt;</a>&nbsp;&nbsp;&nbsp;LED1_GPIO_Release
<LI><a href="#[41]">&gt;&gt;</a>&nbsp;&nbsp;&nbsp;LED1_GPIO_Open
<LI><a href="#[44]">&gt;&gt;</a>&nbsp;&nbsp;&nbsp;LED1_GPIO_Ioctl
<LI><a href="#[3c]">&gt;&gt;</a>&nbsp;&nbsp;&nbsp;KEY5_GPIO_Release
<LI><a href="#[3d]">&gt;&gt;</a>&nbsp;&nbsp;&nbsp;KEY5_GPIO_Read
<LI><a href="#[3b]">&gt;&gt;</a>&nbsp;&nbsp;&nbsp;KEY5_GPIO_Open
<LI><a href="#[3f]">&gt;&gt;</a>&nbsp;&nbsp;&nbsp;KEY5_GPIO_Ioctl
<LI><a href="#[40]">&gt;&gt;</a>&nbsp;&nbsp;&nbsp;KEY5_GPIO_IRQ_Register
<LI><a href="#[36]">&gt;&gt;</a>&nbsp;&nbsp;&nbsp;KEY4_GPIO_Release
<LI><a href="#[37]">&gt;&gt;</a>&nbsp;&nbsp;&nbsp;KEY4_GPIO_Read
<LI><a href="#[35]">&gt;&gt;</a>&nbsp;&nbsp;&nbsp;KEY4_GPIO_Open
<LI><a href="#[39]">&gt;&gt;</a>&nbsp;&nbsp;&nbsp;KEY4_GPIO_Ioctl
<LI><a href="#[3a]">&gt;&gt;</a>&nbsp;&nbsp;&nbsp;KEY4_GPIO_IRQ_Register
<LI><a href="#[30]">&gt;&gt;</a>&nbsp;&nbsp;&nbsp;KEY3_GPIO_Release
<LI><a href="#[31]">&gt;&gt;</a>&nbsp;&nbsp;&nbsp;KEY3_GPIO_Read
<LI><a href="#[2f]">&gt;&gt;</a>&nbsp;&nbsp;&nbsp;KEY3_GPIO_Open
<LI><a href="#[33]">&gt;&gt;</a>&nbsp;&nbsp;&nbsp;KEY3_GPIO_Ioctl
<LI><a href="#[34]">&gt;&gt;</a>&nbsp;&nbsp;&nbsp;KEY3_GPIO_IRQ_Register
<LI><a href="#[2a]">&gt;&gt;</a>&nbsp;&nbsp;&nbsp;KEY2_GPIO_Release
<LI><a href="#[2b]">&gt;&gt;</a>&nbsp;&nbsp;&nbsp;KEY2_GPIO_Read
<LI><a href="#[29]">&gt;&gt;</a>&nbsp;&nbsp;&nbsp;KEY2_GPIO_Open
<LI><a href="#[2d]">&gt;&gt;</a>&nbsp;&nbsp;&nbsp;KEY2_GPIO_Ioctl
<LI><a href="#[2e]">&gt;&gt;</a>&nbsp;&nbsp;&nbsp;KEY2_GPIO_IRQ_Register
<LI><a href="#[24]">&gt;&gt;</a>&nbsp;&nbsp;&nbsp;KEY1_GPIO_Release
<LI><a href="#[25]">&gt;&gt;</a>&nbsp;&nbsp;&nbsp;KEY1_GPIO_Read
<LI><a href="#[23]">&gt;&gt;</a>&nbsp;&nbsp;&nbsp;KEY1_GPIO_Open
<LI><a href="#[27]">&gt;&gt;</a>&nbsp;&nbsp;&nbsp;KEY1_GPIO_Ioctl
<LI><a href="#[28]">&gt;&gt;</a>&nbsp;&nbsp;&nbsp;KEY1_GPIO_IRQ_Register
<LI><a href="#[19]">&gt;&gt;</a>&nbsp;&nbsp;&nbsp;SPI_Write
<LI><a href="#[17]">&gt;&gt;</a>&nbsp;&nbsp;&nbsp;SPI_Release
<LI><a href="#[18]">&gt;&gt;</a>&nbsp;&nbsp;&nbsp;SPI_Read
<LI><a href="#[16]">&gt;&gt;</a>&nbsp;&nbsp;&nbsp;SPI_Open
<LI><a href="#[1a]">&gt;&gt;</a>&nbsp;&nbsp;&nbsp;SPI_Lseek
<LI><a href="#[1b]">&gt;&gt;</a>&nbsp;&nbsp;&nbsp;SPI_Ioctl
<LI><a href="#[14]">&gt;&gt;</a>&nbsp;&nbsp;&nbsp;FLASH_Write
<LI><a href="#[13]">&gt;&gt;</a>&nbsp;&nbsp;&nbsp;FLASH_Read
<LI><a href="#[12]">&gt;&gt;</a>&nbsp;&nbsp;&nbsp;FLASH_Release
<LI><a href="#[11]">&gt;&gt;</a>&nbsp;&nbsp;&nbsp;FLASH_Open
<LI><a href="#[f]">&gt;&gt;</a>&nbsp;&nbsp;&nbsp;USART_Write
<LI><a href="#[d]">&gt;&gt;</a>&nbsp;&nbsp;&nbsp;USART_Release
<LI><a href="#[e]">&gt;&gt;</a>&nbsp;&nbsp;&nbsp;USART_Read
<LI><a href="#[c]">&gt;&gt;</a>&nbsp;&nbsp;&nbsp;USART_Open
<LI><a href="#[10]">&gt;&gt;</a>&nbsp;&nbsp;&nbsp;USART_Ioctl
<LI><a href="#[60]">&gt;&gt;</a>&nbsp;&nbsp;&nbsp;SPI1_Write
<LI><a href="#[5e]">&gt;&gt;</a>&nbsp;&nbsp;&nbsp;SPI1_Release
<LI><a href="#[5f]">&gt;&gt;</a>&nbsp;&nbsp;&nbsp;SPI1_Read
<LI><a href="#[5d]">&gt;&gt;</a>&nbsp;&nbsp;&nbsp;SPI1_Open
<LI><a href="#[61]">&gt;&gt;</a>&nbsp;&nbsp;&nbsp;SPI1_Lseek
<LI><a href="#[62]">&gt;&gt;</a>&nbsp;&nbsp;&nbsp;SPI1_Ioctl
<LI><a href="#[5b]">&gt;&gt;</a>&nbsp;&nbsp;&nbsp;IIC0_Write
<LI><a href="#[59]">&gt;&gt;</a>&nbsp;&nbsp;&nbsp;IIC0_Release
<LI><a href="#[5a]">&gt;&gt;</a>&nbsp;&nbsp;&nbsp;IIC0_Read
<LI><a href="#[58]">&gt;&gt;</a>&nbsp;&nbsp;&nbsp;IIC0_Open
<LI><a href="#[5c]">&gt;&gt;</a>&nbsp;&nbsp;&nbsp;IIC0_Ioctl
<LI><a href="#[54]">&gt;&gt;</a>&nbsp;&nbsp;&nbsp;ADC_Release
<LI><a href="#[55]">&gt;&gt;</a>&nbsp;&nbsp;&nbsp;ADC_Read
<LI><a href="#[53]">&gt;&gt;</a>&nbsp;&nbsp;&nbsp;ADC_Open
<LI><a href="#[56]">&gt;&gt;</a>&nbsp;&nbsp;&nbsp;ADC_Lseek
<LI><a href="#[57]">&gt;&gt;</a>&nbsp;&nbsp;&nbsp;ADC_Ioctl
<LI><a href="#[50]">&gt;&gt;</a>&nbsp;&nbsp;&nbsp;RTC0_Write
<LI><a href="#[4e]">&gt;&gt;</a>&nbsp;&nbsp;&nbsp;RTC0_Release
<LI><a href="#[4f]">&gt;&gt;</a>&nbsp;&nbsp;&nbsp;RTC0_Read
<LI><a href="#[4d]">&gt;&gt;</a>&nbsp;&nbsp;&nbsp;RTC0_Open
<LI><a href="#[51]">&gt;&gt;</a>&nbsp;&nbsp;&nbsp;RTC0_Lseek
<LI><a href="#[52]">&gt;&gt;</a>&nbsp;&nbsp;&nbsp;RTC0_Ioctl
</UL>

<P><STRONG><a name="[123]"></a>__aeabi_memcpy</STRONG> (Thumb, 0 bytes, Stack size 0 bytes, rt_memcpy_v6.o(.text))
<BR><BR>[Called By]<UL><LI><a href="#[214]">&gt;&gt;</a>&nbsp;&nbsp;&nbsp;cot_mt_uart_transport_out
<LI><a href="#[212]">&gt;&gt;</a>&nbsp;&nbsp;&nbsp;cot_mt_uart_data_process
<LI><a href="#[213]">&gt;&gt;</a>&nbsp;&nbsp;&nbsp;cot_mt_process_incoming_command
<LI><a href="#[19d]">&gt;&gt;</a>&nbsp;&nbsp;&nbsp;mac_layer_system_message_process(cot_mac_msg_t*)
<LI><a href="#[8f]">&gt;&gt;</a>&nbsp;&nbsp;&nbsp;sample_app_processevent
<LI><a href="#[14c]">&gt;&gt;</a>&nbsp;&nbsp;&nbsp;DataFlashMcuReadBuffer(unsigned short, unsigned char*, unsigned short)
<LI><a href="#[13c]">&gt;&gt;</a>&nbsp;&nbsp;&nbsp;verify_sign()
<LI><a href="#[194]">&gt;&gt;</a>&nbsp;&nbsp;&nbsp;radio_ram_data_format_to_cot_phy_payload(unsigned char*, unsigned, cot_phy_payload_t*, unsigned short*)
<LI><a href="#[171]">&gt;&gt;</a>&nbsp;&nbsp;&nbsp;cot_phy_payload_format_to_radio_ram_data(cot_phy_payload_t*, unsigned short, unsigned char*, unsigned*)
<LI><a href="#[199]">&gt;&gt;</a>&nbsp;&nbsp;&nbsp;cot_mac_msg_format_to_cot_phy_payload(unsigned char*, unsigned short, unsigned, unsigned, unsigned char, cot_phy_payload_t*, unsigned*)
<LI><a href="#[122]">&gt;&gt;</a>&nbsp;&nbsp;&nbsp;SHA256Update
<LI><a href="#[187]">&gt;&gt;</a>&nbsp;&nbsp;&nbsp;send_mac_msg_to_app_layer(cot_phy_payload_t*, unsigned short)
</UL>

<P><STRONG><a name="[cb]"></a>__rt_memcpy</STRONG> (Thumb, 138 bytes, Stack size 0 bytes, rt_memcpy_v6.o(.text), UNUSED)
<BR><BR>[Calls]<UL><LI><a href="#[cc]">&gt;&gt;</a>&nbsp;&nbsp;&nbsp;__aeabi_memcpy4
</UL>

<P><STRONG><a name="[2ba]"></a>_memcpy_lastbytes</STRONG> (Thumb, 0 bytes, Stack size unknown bytes, rt_memcpy_v6.o(.text), UNUSED)

<P><STRONG><a name="[cc]"></a>__aeabi_memcpy4</STRONG> (Thumb, 0 bytes, Stack size 8 bytes, rt_memcpy_w.o(.text))
<BR><BR>[Stack]<UL><LI>Max Depth = 8<LI>Call Chain = __aeabi_memcpy4
</UL>
<BR>[Called By]<UL><LI><a href="#[8f]">&gt;&gt;</a>&nbsp;&nbsp;&nbsp;sample_app_processevent
<LI><a href="#[14f]">&gt;&gt;</a>&nbsp;&nbsp;&nbsp;DataFlashSetDefaultSettings(unsigned char*, ConfigData_t*)
<LI><a href="#[190]">&gt;&gt;</a>&nbsp;&nbsp;&nbsp;cot_mac_layer_system_msg_process(cot_mac_msg_t*)
<LI><a href="#[244]">&gt;&gt;</a>&nbsp;&nbsp;&nbsp;mpi_exp_mod
<LI><a href="#[170]">&gt;&gt;</a>&nbsp;&nbsp;&nbsp;send_mac_ack_msg(unsigned)
<LI><a href="#[cb]">&gt;&gt;</a>&nbsp;&nbsp;&nbsp;__rt_memcpy
<LI><a href="#[23b]">&gt;&gt;</a>&nbsp;&nbsp;&nbsp;mpi_sub_abs
<LI><a href="#[243]">&gt;&gt;</a>&nbsp;&nbsp;&nbsp;mpi_mul_int
<LI><a href="#[23e]">&gt;&gt;</a>&nbsp;&nbsp;&nbsp;mpi_div_mpi
<LI><a href="#[238]">&gt;&gt;</a>&nbsp;&nbsp;&nbsp;mpi_add_abs
<LI><a href="#[248]">&gt;&gt;</a>&nbsp;&nbsp;&nbsp;mpi_montmul
</UL>

<P><STRONG><a name="[2bb]"></a>__aeabi_memcpy8</STRONG> (Thumb, 0 bytes, Stack size 8 bytes, rt_memcpy_w.o(.text), UNUSED)

<P><STRONG><a name="[2bc]"></a>__rt_memcpy_w</STRONG> (Thumb, 100 bytes, Stack size 8 bytes, rt_memcpy_w.o(.text), UNUSED)

<P><STRONG><a name="[2bd]"></a>_memcpy_lastbytes_aligned</STRONG> (Thumb, 0 bytes, Stack size unknown bytes, rt_memcpy_w.o(.text), UNUSED)

<P><STRONG><a name="[cd]"></a>memset</STRONG> (Thumb, 22 bytes, Stack size 8 bytes, memset.o(.text))
<BR><BR>[Stack]<UL><LI>Max Depth = 8 + Unknown Stack Size
<LI>Call Chain = memset
</UL>
<BR>[Calls]<UL><LI><a href="#[ce]">&gt;&gt;</a>&nbsp;&nbsp;&nbsp;_memset
</UL>
<BR>[Called By]<UL><LI><a href="#[254]">&gt;&gt;</a>&nbsp;&nbsp;&nbsp;osal_memset
</UL>

<P><STRONG><a name="[cf]"></a>__aeabi_memset</STRONG> (Thumb, 16 bytes, Stack size 0 bytes, aeabi_memset.o(.text))
<BR><BR>[Calls]<UL><LI><a href="#[ce]">&gt;&gt;</a>&nbsp;&nbsp;&nbsp;_memset
</UL>
<BR>[Called By]<UL><LI><a href="#[201]">&gt;&gt;</a>&nbsp;&nbsp;&nbsp;base64Decode
</UL>

<P><STRONG><a name="[13e]"></a>__aeabi_memclr</STRONG> (Thumb, 0 bytes, Stack size 0 bytes, rt_memclr.o(.text))
<BR><BR>[Called By]<UL><LI><a href="#[214]">&gt;&gt;</a>&nbsp;&nbsp;&nbsp;cot_mt_uart_transport_out
<LI><a href="#[212]">&gt;&gt;</a>&nbsp;&nbsp;&nbsp;cot_mt_uart_data_process
<LI><a href="#[13c]">&gt;&gt;</a>&nbsp;&nbsp;&nbsp;verify_sign()
</UL>

<P><STRONG><a name="[d0]"></a>__rt_memclr</STRONG> (Thumb, 68 bytes, Stack size 0 bytes, rt_memclr.o(.text), UNUSED)
<BR><BR>[Calls]<UL><LI><a href="#[d1]">&gt;&gt;</a>&nbsp;&nbsp;&nbsp;_memset_w
</UL>

<P><STRONG><a name="[ce]"></a>_memset</STRONG> (Thumb, 0 bytes, Stack size unknown bytes, rt_memclr.o(.text))
<BR><BR>[Called By]<UL><LI><a href="#[cf]">&gt;&gt;</a>&nbsp;&nbsp;&nbsp;__aeabi_memset
<LI><a href="#[cd]">&gt;&gt;</a>&nbsp;&nbsp;&nbsp;memset
</UL>

<P><STRONG><a name="[12a]"></a>__aeabi_memclr4</STRONG> (Thumb, 0 bytes, Stack size 4 bytes, rt_memclr_w.o(.text))
<BR><BR>[Stack]<UL><LI>Max Depth = 4<LI>Call Chain = __aeabi_memclr4
</UL>
<BR>[Called By]<UL><LI><a href="#[214]">&gt;&gt;</a>&nbsp;&nbsp;&nbsp;cot_mt_uart_transport_out
<LI><a href="#[212]">&gt;&gt;</a>&nbsp;&nbsp;&nbsp;cot_mt_uart_data_process
<LI><a href="#[219]">&gt;&gt;</a>&nbsp;&nbsp;&nbsp;cot_ranging
<LI><a href="#[14b]">&gt;&gt;</a>&nbsp;&nbsp;&nbsp;DataFlashInit(ConfigData_t*)
<LI><a href="#[19d]">&gt;&gt;</a>&nbsp;&nbsp;&nbsp;mac_layer_system_message_process(cot_mac_msg_t*)
<LI><a href="#[8f]">&gt;&gt;</a>&nbsp;&nbsp;&nbsp;sample_app_processevent
<LI><a href="#[c3]">&gt;&gt;</a>&nbsp;&nbsp;&nbsp;am_util_faultisr_collect_data
<LI><a href="#[19]">&gt;&gt;</a>&nbsp;&nbsp;&nbsp;SPI_Write
<LI><a href="#[18]">&gt;&gt;</a>&nbsp;&nbsp;&nbsp;SPI_Read
<LI><a href="#[190]">&gt;&gt;</a>&nbsp;&nbsp;&nbsp;cot_mac_layer_system_msg_process(cot_mac_msg_t*)
<LI><a href="#[13c]">&gt;&gt;</a>&nbsp;&nbsp;&nbsp;verify_sign()
<LI><a href="#[244]">&gt;&gt;</a>&nbsp;&nbsp;&nbsp;mpi_exp_mod
<LI><a href="#[fd]">&gt;&gt;</a>&nbsp;&nbsp;&nbsp;rsa_public
<LI><a href="#[141]">&gt;&gt;</a>&nbsp;&nbsp;&nbsp;CheckDistance(ModulationParams_t*)
<LI><a href="#[170]">&gt;&gt;</a>&nbsp;&nbsp;&nbsp;send_mac_ack_msg(unsigned)
<LI><a href="#[23b]">&gt;&gt;</a>&nbsp;&nbsp;&nbsp;mpi_sub_abs
<LI><a href="#[243]">&gt;&gt;</a>&nbsp;&nbsp;&nbsp;mpi_mul_int
<LI><a href="#[23e]">&gt;&gt;</a>&nbsp;&nbsp;&nbsp;mpi_div_mpi
<LI><a href="#[238]">&gt;&gt;</a>&nbsp;&nbsp;&nbsp;mpi_add_abs
<LI><a href="#[248]">&gt;&gt;</a>&nbsp;&nbsp;&nbsp;mpi_montmul
</UL>

<P><STRONG><a name="[2be]"></a>__aeabi_memclr8</STRONG> (Thumb, 0 bytes, Stack size 4 bytes, rt_memclr_w.o(.text), UNUSED)

<P><STRONG><a name="[2bf]"></a>__rt_memclr_w</STRONG> (Thumb, 78 bytes, Stack size 4 bytes, rt_memclr_w.o(.text), UNUSED)

<P><STRONG><a name="[d1]"></a>_memset_w</STRONG> (Thumb, 0 bytes, Stack size unknown bytes, rt_memclr_w.o(.text), UNUSED)
<BR><BR>[Called By]<UL><LI><a href="#[d0]">&gt;&gt;</a>&nbsp;&nbsp;&nbsp;__rt_memclr
</UL>

<P><STRONG><a name="[24f]"></a>strcmp</STRONG> (Thumb, 128 bytes, Stack size 0 bytes, strcmpv7m.o(.text))
<BR><BR>[Called By]<UL><LI><a href="#[112]">&gt;&gt;</a>&nbsp;&nbsp;&nbsp;open
<LI><a href="#[b4]">&gt;&gt;</a>&nbsp;&nbsp;&nbsp;_get_lc_numeric
</UL>

<P><STRONG><a name="[2c0]"></a>__use_two_region_memory</STRONG> (Thumb, 2 bytes, Stack size 0 bytes, heapauxi.o(.text), UNUSED)

<P><STRONG><a name="[9]"></a>__rt_heap_escrow</STRONG> (Thumb, 2 bytes, Stack size 0 bytes, heapauxi.o(.text), UNUSED)

<P><STRONG><a name="[8]"></a>__rt_heap_expand</STRONG> (Thumb, 2 bytes, Stack size 0 bytes, heapauxi.o(.text), UNUSED)

<P><STRONG><a name="[a3]"></a>__cpp_initialize__aeabi_</STRONG> (Thumb, 26 bytes, Stack size 16 bytes, init_aeabi.o(.text))
<BR><BR>[Stack]<UL><LI>Max Depth = 16<LI>Call Chain = __cpp_initialize__aeabi_
</UL>
<BR>[Called By]<UL><LI><a href="#[b5]">&gt;&gt;</a>&nbsp;&nbsp;&nbsp;__rt_lib_init_cpp_2
</UL>

<P><STRONG><a name="[1b4]"></a>__rt_ddtor_pointer_addr</STRONG> (Thumb, 8 bytes, Stack size 0 bytes, rt_ddtor_pointer_addr_intlibspace.o(.text))
<BR><BR>[Called By]<UL><LI><a href="#[b7]">&gt;&gt;</a>&nbsp;&nbsp;&nbsp;__cxa_finalize
<LI><a href="#[1b3]">&gt;&gt;</a>&nbsp;&nbsp;&nbsp;__aeabi_atexit
</UL>

<P><STRONG><a name="[d2]"></a>malloc</STRONG> (Thumb, 94 bytes, Stack size 16 bytes, h1_alloc.o(.text))
<BR><BR>[Stack]<UL><LI>Max Depth = 48<LI>Call Chain = malloc &rArr; __Heap_Full &rArr; __Heap_ProvideMemory &rArr; free
</UL>
<BR>[Calls]<UL><LI><a href="#[d4]">&gt;&gt;</a>&nbsp;&nbsp;&nbsp;__Heap_Full
<LI><a href="#[d3]">&gt;&gt;</a>&nbsp;&nbsp;&nbsp;__rt_heap_descriptor
</UL>
<BR>[Called By]<UL><LI><a href="#[1b3]">&gt;&gt;</a>&nbsp;&nbsp;&nbsp;__aeabi_atexit
</UL>

<P><STRONG><a name="[d5]"></a>free</STRONG> (Thumb, 78 bytes, Stack size 16 bytes, h1_free.o(.text))
<BR><BR>[Stack]<UL><LI>Max Depth = 16<LI>Call Chain = free
</UL>
<BR>[Calls]<UL><LI><a href="#[d3]">&gt;&gt;</a>&nbsp;&nbsp;&nbsp;__rt_heap_descriptor
</UL>
<BR>[Called By]<UL><LI><a href="#[b7]">&gt;&gt;</a>&nbsp;&nbsp;&nbsp;__cxa_finalize
<LI><a href="#[e7]">&gt;&gt;</a>&nbsp;&nbsp;&nbsp;__Heap_ProvideMemory
</UL>

<P><STRONG><a name="[d6]"></a>__read_errno</STRONG> (Thumb, 10 bytes, Stack size 8 bytes, _rserrno.o(.text), UNUSED)
<BR><BR>[Calls]<UL><LI><a href="#[d7]">&gt;&gt;</a>&nbsp;&nbsp;&nbsp;__aeabi_errno_addr
</UL>

<P><STRONG><a name="[d8]"></a>__set_errno</STRONG> (Thumb, 12 bytes, Stack size 8 bytes, _rserrno.o(.text))
<BR><BR>[Stack]<UL><LI>Max Depth = 8<LI>Call Chain = __set_errno
</UL>
<BR>[Calls]<UL><LI><a href="#[d7]">&gt;&gt;</a>&nbsp;&nbsp;&nbsp;__aeabi_errno_addr
</UL>
<BR>[Called By]<UL><LI><a href="#[1b9]">&gt;&gt;</a>&nbsp;&nbsp;&nbsp;sqrt
<LI><a href="#[18c]">&gt;&gt;</a>&nbsp;&nbsp;&nbsp;__hardfp_pow
</UL>

<P><STRONG><a name="[c7]"></a>_printf_int_common</STRONG> (Thumb, 178 bytes, Stack size 32 bytes, _printf_intcommon.o(.text))
<BR><BR>[Stack]<UL><LI>Max Depth = 48<LI>Call Chain = _printf_int_common &rArr; _printf_post_padding
</UL>
<BR>[Calls]<UL><LI><a href="#[da]">&gt;&gt;</a>&nbsp;&nbsp;&nbsp;_printf_post_padding
<LI><a href="#[d9]">&gt;&gt;</a>&nbsp;&nbsp;&nbsp;_printf_pre_padding
</UL>
<BR>[Called By]<UL><LI><a href="#[ac]">&gt;&gt;</a>&nbsp;&nbsp;&nbsp;_printf_int_hex
<LI><a href="#[aa]">&gt;&gt;</a>&nbsp;&nbsp;&nbsp;_printf_int_dec
</UL>

<P><STRONG><a name="[2c1]"></a>__lib_sel_fp_printf</STRONG> (Thumb, 2 bytes, Stack size 0 bytes, _printf_fp_dec.o(.text), UNUSED)

<P><STRONG><a name="[e1]"></a>_printf_fp_dec_real</STRONG> (Thumb, 620 bytes, Stack size 104 bytes, _printf_fp_dec.o(.text))
<BR><BR>[Stack]<UL><LI>Max Depth = 320<LI>Call Chain = _printf_fp_dec_real &rArr; _fp_digits &rArr; _btod_etento &rArr; _btod_emul &rArr; _e2e
</UL>
<BR>[Calls]<UL><LI><a href="#[da]">&gt;&gt;</a>&nbsp;&nbsp;&nbsp;_printf_post_padding
<LI><a href="#[d9]">&gt;&gt;</a>&nbsp;&nbsp;&nbsp;_printf_pre_padding
<LI><a href="#[e3]">&gt;&gt;</a>&nbsp;&nbsp;&nbsp;_printf_fp_infnan
<LI><a href="#[b2]">&gt;&gt;</a>&nbsp;&nbsp;&nbsp;__rt_locale
<LI><a href="#[e2]">&gt;&gt;</a>&nbsp;&nbsp;&nbsp;__ARM_fpclassify
<LI><a href="#[db]">&gt;&gt;</a>&nbsp;&nbsp;&nbsp;_fp_digits
</UL>
<BR>[Called By]<UL><LI><a href="#[a8]">&gt;&gt;</a>&nbsp;&nbsp;&nbsp;_printf_fp_dec
</UL>

<P><STRONG><a name="[c6]"></a>_printf_char_common</STRONG> (Thumb, 32 bytes, Stack size 64 bytes, _printf_char_common.o(.text))
<BR><BR>[Stack]<UL><LI>Max Depth = 96 + Unknown Stack Size
<LI>Call Chain = _printf_char_common &rArr; __printf
</UL>
<BR>[Calls]<UL><LI><a href="#[c8]">&gt;&gt;</a>&nbsp;&nbsp;&nbsp;__printf
</UL>
<BR>[Called By]<UL><LI><a href="#[c5]">&gt;&gt;</a>&nbsp;&nbsp;&nbsp;__2sprintf
</UL>

<P><STRONG><a name="[81]"></a>_sputc</STRONG> (Thumb, 10 bytes, Stack size 0 bytes, _sputc.o(.text))
<BR><BR>[Called By]<UL><LI><a href="#[c5]">&gt;&gt;</a>&nbsp;&nbsp;&nbsp;__2sprintf
</UL>
<BR>[Address Reference Count : 1]<UL><LI> noretval__2sprintf.o(.text)
</UL>
<P><STRONG><a name="[e4]"></a>__rt_SIGPVFN</STRONG> (Thumb, 14 bytes, Stack size 8 bytes, defsig_pvfn_outer.o(.text))
<BR><BR>[Stack]<UL><LI>Max Depth = 40<LI>Call Chain = __rt_SIGPVFN &rArr; __rt_SIGPVFN_inner &rArr; __default_signal_display &rArr; _ttywrch
</UL>
<BR>[Calls]<UL><LI><a href="#[e5]">&gt;&gt;</a>&nbsp;&nbsp;&nbsp;__rt_SIGPVFN_inner
<LI><a href="#[e6]">&gt;&gt;</a>&nbsp;&nbsp;&nbsp;__sig_exit
</UL>
<BR>[Called By]<UL><LI><a href="#[92]">&gt;&gt;</a>&nbsp;&nbsp;&nbsp;__cxa_pure_virtual
</UL>

<P><STRONG><a name="[2c2]"></a>__user_libspace</STRONG> (Thumb, 8 bytes, Stack size 0 bytes, libspace.o(.text), UNUSED)

<P><STRONG><a name="[ec]"></a>__user_perproc_libspace</STRONG> (Thumb, 0 bytes, Stack size 0 bytes, libspace.o(.text))
<BR><BR>[Called By]<UL><LI><a href="#[b9]">&gt;&gt;</a>&nbsp;&nbsp;&nbsp;__user_setup_stackheap
</UL>

<P><STRONG><a name="[2c3]"></a>__user_perthread_libspace</STRONG> (Thumb, 0 bytes, Stack size 0 bytes, libspace.o(.text), UNUSED)

<P><STRONG><a name="[d3]"></a>__rt_heap_descriptor</STRONG> (Thumb, 8 bytes, Stack size 0 bytes, rt_heap_descriptor_intlibspace.o(.text))
<BR><BR>[Called By]<UL><LI><a href="#[b0]">&gt;&gt;</a>&nbsp;&nbsp;&nbsp;_init_alloc
<LI><a href="#[d5]">&gt;&gt;</a>&nbsp;&nbsp;&nbsp;free
<LI><a href="#[d2]">&gt;&gt;</a>&nbsp;&nbsp;&nbsp;malloc
</UL>

<P><STRONG><a name="[b2]"></a>__rt_locale</STRONG> (Thumb, 8 bytes, Stack size 0 bytes, rt_locale_intlibspace.o(.text))
<BR><BR>[Called By]<UL><LI><a href="#[b1]">&gt;&gt;</a>&nbsp;&nbsp;&nbsp;__rt_lib_init_lc_common
<LI><a href="#[e1]">&gt;&gt;</a>&nbsp;&nbsp;&nbsp;_printf_fp_dec_real
</UL>

<P><STRONG><a name="[d7]"></a>__aeabi_errno_addr</STRONG> (Thumb, 8 bytes, Stack size 0 bytes, rt_errno_addr_intlibspace.o(.text))
<BR><BR>[Called By]<UL><LI><a href="#[d8]">&gt;&gt;</a>&nbsp;&nbsp;&nbsp;__set_errno
<LI><a href="#[d6]">&gt;&gt;</a>&nbsp;&nbsp;&nbsp;__read_errno
</UL>

<P><STRONG><a name="[2c4]"></a>__errno$intlibspace</STRONG> (Thumb, 0 bytes, Stack size 0 bytes, rt_errno_addr_intlibspace.o(.text), UNUSED)

<P><STRONG><a name="[2c5]"></a>__rt_errno_addr$intlibspace</STRONG> (Thumb, 0 bytes, Stack size 0 bytes, rt_errno_addr_intlibspace.o(.text), UNUSED)

<P><STRONG><a name="[2c6]"></a>__use_no_heap</STRONG> (Thumb, 2 bytes, Stack size 0 bytes, hguard.o(.text), UNUSED)

<P><STRONG><a name="[2c7]"></a>__heap$guard</STRONG> (Thumb, 2 bytes, Stack size 0 bytes, hguard.o(.text), UNUSED)

<P><STRONG><a name="[5]"></a>_terminate_user_alloc</STRONG> (Thumb, 2 bytes, Stack size 0 bytes, init_alloc.o(.text), UNUSED)

<P><STRONG><a name="[4]"></a>_init_user_alloc</STRONG> (Thumb, 2 bytes, Stack size 0 bytes, init_alloc.o(.text), UNUSED)

<P><STRONG><a name="[d4]"></a>__Heap_Full</STRONG> (Thumb, 34 bytes, Stack size 16 bytes, init_alloc.o(.text))
<BR><BR>[Stack]<UL><LI>Max Depth = 32<LI>Call Chain = __Heap_Full &rArr; __Heap_ProvideMemory &rArr; free
</UL>
<BR>[Calls]<UL><LI><a href="#[e7]">&gt;&gt;</a>&nbsp;&nbsp;&nbsp;__Heap_ProvideMemory
</UL>
<BR>[Called By]<UL><LI><a href="#[d2]">&gt;&gt;</a>&nbsp;&nbsp;&nbsp;malloc
</UL>

<P><STRONG><a name="[e8]"></a>__Heap_Broken</STRONG> (Thumb, 6 bytes, Stack size 0 bytes, init_alloc.o(.text), UNUSED)
<BR><BR>[Calls]<UL><LI><a href="#[e9]">&gt;&gt;</a>&nbsp;&nbsp;&nbsp;__rt_SIGRTMEM
</UL>

<P><STRONG><a name="[b0]"></a>_init_alloc</STRONG> (Thumb, 94 bytes, Stack size 24 bytes, init_alloc.o(.text))
<BR><BR>[Stack]<UL><LI>Max Depth = 64<LI>Call Chain = _init_alloc &rArr; __rt_SIGRTMEM &rArr; __rt_SIGRTMEM_inner &rArr; __default_signal_display &rArr; _ttywrch
</UL>
<BR>[Calls]<UL><LI><a href="#[ea]">&gt;&gt;</a>&nbsp;&nbsp;&nbsp;__Heap_Initialize
<LI><a href="#[d3]">&gt;&gt;</a>&nbsp;&nbsp;&nbsp;__rt_heap_descriptor
<LI><a href="#[e9]">&gt;&gt;</a>&nbsp;&nbsp;&nbsp;__rt_SIGRTMEM
<LI><a href="#[e7]">&gt;&gt;</a>&nbsp;&nbsp;&nbsp;__Heap_ProvideMemory
</UL>
<BR>[Called By]<UL><LI><a href="#[af]">&gt;&gt;</a>&nbsp;&nbsp;&nbsp;__rt_lib_init_heap_2
</UL>

<P><STRONG><a name="[ea]"></a>__Heap_Initialize</STRONG> (Thumb, 10 bytes, Stack size 0 bytes, h1_init.o(.text))
<BR><BR>[Called By]<UL><LI><a href="#[b0]">&gt;&gt;</a>&nbsp;&nbsp;&nbsp;_init_alloc
</UL>

<P><STRONG><a name="[a]"></a>__Heap_DescSize</STRONG> (Thumb, 4 bytes, Stack size 0 bytes, h1_init.o(.text), UNUSED)

<P><STRONG><a name="[e0]"></a>_ll_udiv10</STRONG> (Thumb, 138 bytes, Stack size 12 bytes, lludiv10.o(.text))
<BR><BR>[Stack]<UL><LI>Max Depth = 12<LI>Call Chain = _ll_udiv10
</UL>
<BR>[Called By]<UL><LI><a href="#[db]">&gt;&gt;</a>&nbsp;&nbsp;&nbsp;_fp_digits
</UL>

<P><STRONG><a name="[e3]"></a>_printf_fp_infnan</STRONG> (Thumb, 112 bytes, Stack size 24 bytes, _printf_fp_infnan.o(.text))
<BR><BR>[Stack]<UL><LI>Max Depth = 40<LI>Call Chain = _printf_fp_infnan &rArr; _printf_post_padding
</UL>
<BR>[Calls]<UL><LI><a href="#[da]">&gt;&gt;</a>&nbsp;&nbsp;&nbsp;_printf_post_padding
<LI><a href="#[d9]">&gt;&gt;</a>&nbsp;&nbsp;&nbsp;_printf_pre_padding
</UL>
<BR>[Called By]<UL><LI><a href="#[e1]">&gt;&gt;</a>&nbsp;&nbsp;&nbsp;_printf_fp_dec_real
</UL>

<P><STRONG><a name="[dc]"></a>_btod_etento</STRONG> (Thumb, 216 bytes, Stack size 72 bytes, bigflt0.o(.text))
<BR><BR>[Stack]<UL><LI>Max Depth = 120<LI>Call Chain = _btod_etento &rArr; _btod_emul &rArr; _e2e
</UL>
<BR>[Calls]<UL><LI><a href="#[df]">&gt;&gt;</a>&nbsp;&nbsp;&nbsp;_btod_emul
<LI><a href="#[de]">&gt;&gt;</a>&nbsp;&nbsp;&nbsp;_btod_ediv
</UL>
<BR>[Called By]<UL><LI><a href="#[db]">&gt;&gt;</a>&nbsp;&nbsp;&nbsp;_fp_digits
</UL>

<P><STRONG><a name="[e6]"></a>__sig_exit</STRONG> (Thumb, 10 bytes, Stack size 0 bytes, defsig_exit.o(.text))
<BR><BR>[Calls]<UL><LI><a href="#[c2]">&gt;&gt;</a>&nbsp;&nbsp;&nbsp;_sys_exit
</UL>
<BR>[Called By]<UL><LI><a href="#[e4]">&gt;&gt;</a>&nbsp;&nbsp;&nbsp;__rt_SIGPVFN
<LI><a href="#[e9]">&gt;&gt;</a>&nbsp;&nbsp;&nbsp;__rt_SIGRTMEM
</UL>

<P><STRONG><a name="[e5]"></a>__rt_SIGPVFN_inner</STRONG> (Thumb, 14 bytes, Stack size 8 bytes, defsig_pvfn_inner.o(.text))
<BR><BR>[Stack]<UL><LI>Max Depth = 32<LI>Call Chain = __rt_SIGPVFN_inner &rArr; __default_signal_display &rArr; _ttywrch
</UL>
<BR>[Calls]<UL><LI><a href="#[eb]">&gt;&gt;</a>&nbsp;&nbsp;&nbsp;__default_signal_display
</UL>
<BR>[Called By]<UL><LI><a href="#[e4]">&gt;&gt;</a>&nbsp;&nbsp;&nbsp;__rt_SIGPVFN
</UL>

<P><STRONG><a name="[c2]"></a>_sys_exit</STRONG> (Thumb, 8 bytes, Stack size 0 bytes, sys_exit.o(.text))
<BR><BR>[Called By]<UL><LI><a href="#[e6]">&gt;&gt;</a>&nbsp;&nbsp;&nbsp;__sig_exit
<LI><a href="#[c1]">&gt;&gt;</a>&nbsp;&nbsp;&nbsp;__rt_exit_exit
</UL>

<P><STRONG><a name="[b9]"></a>__user_setup_stackheap</STRONG> (Thumb, 74 bytes, Stack size 8 bytes, sys_stackheap_outer.o(.text))
<BR><BR>[Stack]<UL><LI>Max Depth = 8<LI>Call Chain = __user_setup_stackheap
</UL>
<BR>[Calls]<UL><LI><a href="#[ed]">&gt;&gt;</a>&nbsp;&nbsp;&nbsp;__user_initial_stackheap
<LI><a href="#[ec]">&gt;&gt;</a>&nbsp;&nbsp;&nbsp;__user_perproc_libspace
</UL>
<BR>[Called By]<UL><LI><a href="#[b8]">&gt;&gt;</a>&nbsp;&nbsp;&nbsp;__rt_entry_sh
</UL>

<P><STRONG><a name="[e7]"></a>__Heap_ProvideMemory</STRONG> (Thumb, 52 bytes, Stack size 0 bytes, h1_extend.o(.text))
<BR><BR>[Stack]<UL><LI>Max Depth = 16<LI>Call Chain = __Heap_ProvideMemory &rArr; free
</UL>
<BR>[Calls]<UL><LI><a href="#[d5]">&gt;&gt;</a>&nbsp;&nbsp;&nbsp;free
</UL>
<BR>[Called By]<UL><LI><a href="#[b0]">&gt;&gt;</a>&nbsp;&nbsp;&nbsp;_init_alloc
<LI><a href="#[d4]">&gt;&gt;</a>&nbsp;&nbsp;&nbsp;__Heap_Full
</UL>

<P><STRONG><a name="[be]"></a>exit</STRONG> (Thumb, 12 bytes, Stack size 0 bytes, exit.o(.text))
<BR><BR>[Calls]<UL><LI><a href="#[ee]">&gt;&gt;</a>&nbsp;&nbsp;&nbsp;__rt_exit
</UL>
<BR>[Called By]<UL><LI><a href="#[bc]">&gt;&gt;</a>&nbsp;&nbsp;&nbsp;__rt_entry_main
</UL>

<P><STRONG><a name="[eb]"></a>__default_signal_display</STRONG> (Thumb, 50 bytes, Stack size 16 bytes, defsig_general.o(.text))
<BR><BR>[Stack]<UL><LI>Max Depth = 24<LI>Call Chain = __default_signal_display &rArr; _ttywrch
</UL>
<BR>[Calls]<UL><LI><a href="#[ef]">&gt;&gt;</a>&nbsp;&nbsp;&nbsp;_ttywrch
</UL>
<BR>[Called By]<UL><LI><a href="#[e5]">&gt;&gt;</a>&nbsp;&nbsp;&nbsp;__rt_SIGPVFN_inner
<LI><a href="#[f0]">&gt;&gt;</a>&nbsp;&nbsp;&nbsp;__rt_SIGRTMEM_inner
</UL>

<P><STRONG><a name="[e9]"></a>__rt_SIGRTMEM</STRONG> (Thumb, 14 bytes, Stack size 8 bytes, defsig_rtmem_outer.o(.text))
<BR><BR>[Stack]<UL><LI>Max Depth = 40<LI>Call Chain = __rt_SIGRTMEM &rArr; __rt_SIGRTMEM_inner &rArr; __default_signal_display &rArr; _ttywrch
</UL>
<BR>[Calls]<UL><LI><a href="#[e6]">&gt;&gt;</a>&nbsp;&nbsp;&nbsp;__sig_exit
<LI><a href="#[f0]">&gt;&gt;</a>&nbsp;&nbsp;&nbsp;__rt_SIGRTMEM_inner
</UL>
<BR>[Called By]<UL><LI><a href="#[b0]">&gt;&gt;</a>&nbsp;&nbsp;&nbsp;_init_alloc
<LI><a href="#[e8]">&gt;&gt;</a>&nbsp;&nbsp;&nbsp;__Heap_Broken
</UL>

<P><STRONG><a name="[ef]"></a>_ttywrch</STRONG> (Thumb, 14 bytes, Stack size 8 bytes, sys_wrch.o(.text))
<BR><BR>[Stack]<UL><LI>Max Depth = 8<LI>Call Chain = _ttywrch
</UL>
<BR>[Called By]<UL><LI><a href="#[eb]">&gt;&gt;</a>&nbsp;&nbsp;&nbsp;__default_signal_display
</UL>

<P><STRONG><a name="[2c8]"></a>__I$use$semihosting</STRONG> (Thumb, 0 bytes, Stack size 0 bytes, use_no_semi.o(.text), UNUSED)

<P><STRONG><a name="[2c9]"></a>__use_no_semihosting_swi</STRONG> (Thumb, 2 bytes, Stack size 0 bytes, use_no_semi.o(.text), UNUSED)

<P><STRONG><a name="[2ca]"></a>__semihosting_library_function</STRONG> (Thumb, 0 bytes, Stack size unknown bytes, indicate_semi.o(.text), UNUSED)

<P><STRONG><a name="[f0]"></a>__rt_SIGRTMEM_inner</STRONG> (Thumb, 22 bytes, Stack size 8 bytes, defsig_rtmem_inner.o(.text))
<BR><BR>[Stack]<UL><LI>Max Depth = 32<LI>Call Chain = __rt_SIGRTMEM_inner &rArr; __default_signal_display &rArr; _ttywrch
</UL>
<BR>[Calls]<UL><LI><a href="#[eb]">&gt;&gt;</a>&nbsp;&nbsp;&nbsp;__default_signal_display
</UL>
<BR>[Called By]<UL><LI><a href="#[e9]">&gt;&gt;</a>&nbsp;&nbsp;&nbsp;__rt_SIGRTMEM
</UL>

<P><STRONG><a name="[dd]"></a>_btod_d2e</STRONG> (Thumb, 62 bytes, Stack size 0 bytes, btod.o(CL$$btod_d2e))
<BR><BR>[Calls]<UL><LI><a href="#[f1]">&gt;&gt;</a>&nbsp;&nbsp;&nbsp;_d2e_norm_op1
</UL>
<BR>[Called By]<UL><LI><a href="#[db]">&gt;&gt;</a>&nbsp;&nbsp;&nbsp;_fp_digits
</UL>

<P><STRONG><a name="[f2]"></a>_d2e_denorm_low</STRONG> (Thumb, 70 bytes, Stack size 0 bytes, btod.o(CL$$btod_d2e_denorm_low))
<BR><BR>[Called By]<UL><LI><a href="#[f1]">&gt;&gt;</a>&nbsp;&nbsp;&nbsp;_d2e_norm_op1
</UL>

<P><STRONG><a name="[f1]"></a>_d2e_norm_op1</STRONG> (Thumb, 96 bytes, Stack size 0 bytes, btod.o(CL$$btod_d2e_norm_op1))
<BR><BR>[Calls]<UL><LI><a href="#[f2]">&gt;&gt;</a>&nbsp;&nbsp;&nbsp;_d2e_denorm_low
</UL>
<BR>[Called By]<UL><LI><a href="#[dd]">&gt;&gt;</a>&nbsp;&nbsp;&nbsp;_btod_d2e
</UL>

<P><STRONG><a name="[f3]"></a>__btod_div_common</STRONG> (Thumb, 696 bytes, Stack size 24 bytes, btod.o(CL$$btod_div_common))
<BR><BR>[Stack]<UL><LI>Max Depth = 24<LI>Call Chain = __btod_div_common
</UL>
<BR>[Called By]<UL><LI><a href="#[de]">&gt;&gt;</a>&nbsp;&nbsp;&nbsp;_btod_ediv
</UL>

<P><STRONG><a name="[f4]"></a>_e2e</STRONG> (Thumb, 198 bytes, Stack size 24 bytes, btod.o(CL$$btod_e2e))
<BR><BR>[Stack]<UL><LI>Max Depth = 24<LI>Call Chain = _e2e
</UL>
<BR>[Called By]<UL><LI><a href="#[df]">&gt;&gt;</a>&nbsp;&nbsp;&nbsp;_btod_emul
<LI><a href="#[de]">&gt;&gt;</a>&nbsp;&nbsp;&nbsp;_btod_ediv
</UL>

<P><STRONG><a name="[de]"></a>_btod_ediv</STRONG> (Thumb, 40 bytes, Stack size 24 bytes, btod.o(CL$$btod_ediv))
<BR><BR>[Stack]<UL><LI>Max Depth = 48<LI>Call Chain = _btod_ediv &rArr; _e2e
</UL>
<BR>[Calls]<UL><LI><a href="#[f4]">&gt;&gt;</a>&nbsp;&nbsp;&nbsp;_e2e
<LI><a href="#[f3]">&gt;&gt;</a>&nbsp;&nbsp;&nbsp;__btod_div_common
</UL>
<BR>[Called By]<UL><LI><a href="#[dc]">&gt;&gt;</a>&nbsp;&nbsp;&nbsp;_btod_etento
<LI><a href="#[db]">&gt;&gt;</a>&nbsp;&nbsp;&nbsp;_fp_digits
</UL>

<P><STRONG><a name="[df]"></a>_btod_emul</STRONG> (Thumb, 40 bytes, Stack size 24 bytes, btod.o(CL$$btod_emul))
<BR><BR>[Stack]<UL><LI>Max Depth = 48<LI>Call Chain = _btod_emul &rArr; _e2e
</UL>
<BR>[Calls]<UL><LI><a href="#[f5]">&gt;&gt;</a>&nbsp;&nbsp;&nbsp;__btod_mult_common
<LI><a href="#[f4]">&gt;&gt;</a>&nbsp;&nbsp;&nbsp;_e2e
</UL>
<BR>[Called By]<UL><LI><a href="#[dc]">&gt;&gt;</a>&nbsp;&nbsp;&nbsp;_btod_etento
<LI><a href="#[db]">&gt;&gt;</a>&nbsp;&nbsp;&nbsp;_fp_digits
</UL>

<P><STRONG><a name="[f5]"></a>__btod_mult_common</STRONG> (Thumb, 580 bytes, Stack size 16 bytes, btod.o(CL$$btod_mult_common))
<BR><BR>[Stack]<UL><LI>Max Depth = 16<LI>Call Chain = __btod_mult_common
</UL>
<BR>[Called By]<UL><LI><a href="#[df]">&gt;&gt;</a>&nbsp;&nbsp;&nbsp;_btod_emul
</UL>

<P><STRONG><a name="[fc]"></a>EA_ucRSAPublicBlock</STRONG> (Thumb, 112 bytes, Stack size 32 bytes, rsa.o(i.EA_ucRSAPublicBlock))
<BR><BR>[Stack]<UL><LI>Max Depth = 5200<LI>Call Chain = EA_ucRSAPublicBlock &rArr; rsa_public &rArr; mpi_exp_mod &rArr; mpi_montg_calculrr &rArr; mpi_mod_mpi &rArr; mpi_div_mpi &rArr; mpi_add_mpi &rArr; mpi_add_abs &rArr; __aeabi_memcpy4
</UL>
<BR>[Calls]<UL><LI><a href="#[fd]">&gt;&gt;</a>&nbsp;&nbsp;&nbsp;rsa_public
</UL>
<BR>[Called By]<UL><LI><a href="#[13c]">&gt;&gt;</a>&nbsp;&nbsp;&nbsp;verify_sign()
</UL>

<P><STRONG><a name="[fe]"></a>FLASH_InitModule</STRONG> (Thumb, 12 bytes, Stack size 8 bytes, flash.o(i.FLASH_InitModule))
<BR><BR>[Stack]<UL><LI>Max Depth = 8<LI>Call Chain = FLASH_InitModule
</UL>
<BR>[Calls]<UL><LI><a href="#[ff]">&gt;&gt;</a>&nbsp;&nbsp;&nbsp;register_dev
</UL>
<BR>[Called By]<UL><LI><a href="#[bd]">&gt;&gt;</a>&nbsp;&nbsp;&nbsp;main
</UL>

<P><STRONG><a name="[15]"></a>FLASH_Lseek</STRONG> (Thumb, 34 bytes, Stack size 0 bytes, flash.o(i.FLASH_Lseek))
<BR>[Address Reference Count : 1]<UL><LI> flash.o(.data)
</UL>
<P><STRONG><a name="[13]"></a>FLASH_Read</STRONG> (Thumb, 82 bytes, Stack size 32 bytes, flash.o(i.FLASH_Read))
<BR><BR>[Stack]<UL><LI>Max Depth = 48<LI>Call Chain = FLASH_Read &rArr; strncmp
</UL>
<BR>[Calls]<UL><LI><a href="#[f6]">&gt;&gt;</a>&nbsp;&nbsp;&nbsp;strncmp
</UL>
<BR>[Address Reference Count : 1]<UL><LI> flash.o(.data)
</UL>
<P><STRONG><a name="[14]"></a>FLASH_Write</STRONG> (Thumb, 206 bytes, Stack size 40 bytes, flash.o(i.FLASH_Write))
<BR><BR>[Stack]<UL><LI>Max Depth = 64<LI>Call Chain = FLASH_Write &rArr; am_hal_flash_program_main
</UL>
<BR>[Calls]<UL><LI><a href="#[101]">&gt;&gt;</a>&nbsp;&nbsp;&nbsp;am_hal_flash_program_main
<LI><a href="#[100]">&gt;&gt;</a>&nbsp;&nbsp;&nbsp;am_hal_flash_page_erase
<LI><a href="#[f6]">&gt;&gt;</a>&nbsp;&nbsp;&nbsp;strncmp
</UL>
<BR>[Address Reference Count : 1]<UL><LI> flash.o(.data)
</UL>
<P><STRONG><a name="[102]"></a>I2C_WriteByte</STRONG> (Thumb, 30 bytes, Stack size 24 bytes, cot_mt_oled.o(i.I2C_WriteByte))
<BR><BR>[Stack]<UL><LI>Max Depth = 48<LI>Call Chain = I2C_WriteByte &rArr; write
</UL>
<BR>[Calls]<UL><LI><a href="#[103]">&gt;&gt;</a>&nbsp;&nbsp;&nbsp;write
</UL>
<BR>[Called By]<UL><LI><a href="#[115]">&gt;&gt;</a>&nbsp;&nbsp;&nbsp;WriteDat
<LI><a href="#[117]">&gt;&gt;</a>&nbsp;&nbsp;&nbsp;WriteCmd
</UL>

<P><STRONG><a name="[10f]"></a>OLED_CLS</STRONG> (Thumb, 10 bytes, Stack size 8 bytes, cot_mt_oled.o(i.OLED_CLS))
<BR><BR>[Stack]<UL><LI>Max Depth = 96<LI>Call Chain = OLED_CLS &rArr; OLED_Fill &rArr; WriteDat &rArr; I2C_WriteByte &rArr; write
</UL>
<BR>[Calls]<UL><LI><a href="#[110]">&gt;&gt;</a>&nbsp;&nbsp;&nbsp;OLED_Fill
</UL>
<BR>[Called By]<UL><LI><a href="#[20f]">&gt;&gt;</a>&nbsp;&nbsp;&nbsp;cot_mt_oled_init
</UL>

<P><STRONG><a name="[111]"></a>OLED_DrawBMP</STRONG> (Thumb, 160 bytes, Stack size 40 bytes, cot_mt_oled.o(i.OLED_DrawBMP))
<BR><BR>[Stack]<UL><LI>Max Depth = 120<LI>Call Chain = OLED_DrawBMP &rArr; OLED_SetPos &rArr; WriteCmd &rArr; I2C_WriteByte &rArr; write
</UL>
<BR>[Calls]<UL><LI><a href="#[112]">&gt;&gt;</a>&nbsp;&nbsp;&nbsp;open
<LI><a href="#[113]">&gt;&gt;</a>&nbsp;&nbsp;&nbsp;ioctl
<LI><a href="#[116]">&gt;&gt;</a>&nbsp;&nbsp;&nbsp;close
<LI><a href="#[115]">&gt;&gt;</a>&nbsp;&nbsp;&nbsp;WriteDat
<LI><a href="#[114]">&gt;&gt;</a>&nbsp;&nbsp;&nbsp;OLED_SetPos
</UL>
<BR>[Called By]<UL><LI><a href="#[20f]">&gt;&gt;</a>&nbsp;&nbsp;&nbsp;cot_mt_oled_init
</UL>

<P><STRONG><a name="[110]"></a>OLED_Fill</STRONG> (Thumb, 106 bytes, Stack size 24 bytes, cot_mt_oled.o(i.OLED_Fill))
<BR><BR>[Stack]<UL><LI>Max Depth = 88<LI>Call Chain = OLED_Fill &rArr; WriteDat &rArr; I2C_WriteByte &rArr; write
</UL>
<BR>[Calls]<UL><LI><a href="#[112]">&gt;&gt;</a>&nbsp;&nbsp;&nbsp;open
<LI><a href="#[113]">&gt;&gt;</a>&nbsp;&nbsp;&nbsp;ioctl
<LI><a href="#[116]">&gt;&gt;</a>&nbsp;&nbsp;&nbsp;close
<LI><a href="#[115]">&gt;&gt;</a>&nbsp;&nbsp;&nbsp;WriteDat
<LI><a href="#[117]">&gt;&gt;</a>&nbsp;&nbsp;&nbsp;WriteCmd
</UL>
<BR>[Called By]<UL><LI><a href="#[10f]">&gt;&gt;</a>&nbsp;&nbsp;&nbsp;OLED_CLS
</UL>

<P><STRONG><a name="[114]"></a>OLED_SetPos</STRONG> (Thumb, 48 bytes, Stack size 16 bytes, cot_mt_oled.o(i.OLED_SetPos))
<BR><BR>[Stack]<UL><LI>Max Depth = 80<LI>Call Chain = OLED_SetPos &rArr; WriteCmd &rArr; I2C_WriteByte &rArr; write
</UL>
<BR>[Calls]<UL><LI><a href="#[117]">&gt;&gt;</a>&nbsp;&nbsp;&nbsp;WriteCmd
</UL>
<BR>[Called By]<UL><LI><a href="#[118]">&gt;&gt;</a>&nbsp;&nbsp;&nbsp;OLED_ShowStr8x16
<LI><a href="#[111]">&gt;&gt;</a>&nbsp;&nbsp;&nbsp;OLED_DrawBMP
</UL>

<P><STRONG><a name="[119]"></a>OLED_ShowShiny</STRONG> (Thumb, 8 bytes, Stack size 0 bytes, cot_mt_oled.o(i.OLED_ShowShiny))
<BR><BR>[Called By]<UL><LI><a href="#[118]">&gt;&gt;</a>&nbsp;&nbsp;&nbsp;OLED_ShowStr8x16
</UL>

<P><STRONG><a name="[118]"></a>OLED_ShowStr8x16</STRONG> (Thumb, 262 bytes, Stack size 48 bytes, cot_mt_oled.o(i.OLED_ShowStr8x16))
<BR><BR>[Stack]<UL><LI>Max Depth = 128<LI>Call Chain = OLED_ShowStr8x16 &rArr; OLED_SetPos &rArr; WriteCmd &rArr; I2C_WriteByte &rArr; write
</UL>
<BR>[Calls]<UL><LI><a href="#[112]">&gt;&gt;</a>&nbsp;&nbsp;&nbsp;open
<LI><a href="#[113]">&gt;&gt;</a>&nbsp;&nbsp;&nbsp;ioctl
<LI><a href="#[116]">&gt;&gt;</a>&nbsp;&nbsp;&nbsp;close
<LI><a href="#[115]">&gt;&gt;</a>&nbsp;&nbsp;&nbsp;WriteDat
<LI><a href="#[119]">&gt;&gt;</a>&nbsp;&nbsp;&nbsp;OLED_ShowShiny
<LI><a href="#[114]">&gt;&gt;</a>&nbsp;&nbsp;&nbsp;OLED_SetPos
</UL>
[...]
</UL>
<P><STRONG><a name="[61]"></a>SPI1_Lseek</STRONG> (Thumb, 38 bytes, Stack size 16 bytes, spi1.o(i.SPI1_Lseek))
<BR><BR>[Stack]<UL><LI>Max Depth = 32<LI>Call Chain = SPI1_Lseek &rArr; strncmp
</UL>
<BR>[Calls]<UL><LI><a href="#[f6]">&gt;&gt;</a>&nbsp;&nbsp;&nbsp;strncmp
</UL>
<BR>[Address Reference Count : 1]<UL><LI> spi1.o(.data)
</UL>
<P><STRONG><a name="[5d]"></a>SPI1_Open</STRONG> (Thumb, 38 bytes, Stack size 16 bytes, spi1.o(i.SPI1_Open))
<BR><BR>[Stack]<UL><LI>Max Depth = 32<LI>Call Chain = SPI1_Open &rArr; strncmp
</UL>
<BR>[Calls]<UL><LI><a href="#[f6]">&gt;&gt;</a>&nbsp;&nbsp;&nbsp;strncmp
</UL>
<BR>[Address Reference Count : 1]<UL><LI> spi1.o(.data)
</UL>
<P><STRONG><a name="[5f]"></a>SPI1_Read</STRONG> (Thumb, 208 bytes, Stack size 192 bytes, spi1.o(i.SPI1_Read))
<BR><BR>[Stack]<UL><LI>Max Depth = 364<LI>Call Chain = SPI1_Read &rArr; am_hal_iom_spi_read &rArr; am_hal_iom_queue_spi_read &rArr; am_hal_iom_spi_read_nb &rArr; am_hal_iom_spi_cmd_run &rArr; internal_am_hal_iom_spi_cmd_construct
</UL>
<BR>[Calls]<UL><LI><a href="#[126]">&gt;&gt;</a>&nbsp;&nbsp;&nbsp;am_hal_iom_spi_read
<LI><a href="#[f6]">&gt;&gt;</a>&nbsp;&nbsp;&nbsp;strncmp
</UL>
<BR>[Address Reference Count : 1]<UL><LI> spi1.o(.data)
</UL>
<P><STRONG><a name="[5e]"></a>SPI1_Release</STRONG> (Thumb, 38 bytes, Stack size 8 bytes, spi1.o(i.SPI1_Release))
<BR><BR>[Stack]<UL><LI>Max Depth = 24<LI>Call Chain = SPI1_Release &rArr; strncmp
</UL>
<BR>[Calls]<UL><LI><a href="#[f6]">&gt;&gt;</a>&nbsp;&nbsp;&nbsp;strncmp
</UL>
<BR>[Address Reference Count : 1]<UL><LI> spi1.o(.data)
</UL>
<P><STRONG><a name="[60]"></a>SPI1_Write</STRONG> (Thumb, 202 bytes, Stack size 160 bytes, spi1.o(i.SPI1_Write))
<BR><BR>[Stack]<UL><LI>Max Depth = 340<LI>Call Chain = SPI1_Write &rArr; am_hal_iom_spi_write &rArr; am_hal_iom_queue_spi_write &rArr; am_hal_iom_spi_write_nb &rArr; am_hal_iom_spi_cmd_run &rArr; internal_am_hal_iom_spi_cmd_construct
</UL>
<BR>[Calls]<UL><LI><a href="#[127]">&gt;&gt;</a>&nbsp;&nbsp;&nbsp;am_hal_iom_spi_write
<LI><a href="#[f6]">&gt;&gt;</a>&nbsp;&nbsp;&nbsp;strncmp
</UL>
<BR>[Address Reference Count : 1]<UL><LI> spi1.o(.data)
</UL>
<P><STRONG><a name="[204]"></a>configure_pins1</STRONG> (Thumb, 216 bytes, Stack size 8 bytes, spi1.o(i.configure_pins1))
<BR><BR>[Stack]<UL><LI>Max Depth = 24<LI>Call Chain = configure_pins1 &rArr; am_hal_iom_config
</UL>
<BR>[Calls]<UL><LI><a href="#[203]">&gt;&gt;</a>&nbsp;&nbsp;&nbsp;am_hal_iom_enable
<LI><a href="#[1d4]">&gt;&gt;</a>&nbsp;&nbsp;&nbsp;am_hal_iom_config
</UL>
<BR>[Called By]<UL><LI><a href="#[22b]">&gt;&gt;</a>&nbsp;&nbsp;&nbsp;init_config_spi1
</UL>

<P><STRONG><a name="[22b]"></a>init_config_spi1</STRONG> (Thumb, 14 bytes, Stack size 8 bytes, spi1.o(i.init_config_spi1))
<BR><BR>[Stack]<UL><LI>Max Depth = 32<LI>Call Chain = init_config_spi1 &rArr; configure_pins1 &rArr; am_hal_iom_config
</UL>
<BR>[Calls]<UL><LI><a href="#[ff]">&gt;&gt;</a>&nbsp;&nbsp;&nbsp;register_dev
<LI><a href="#[204]">&gt;&gt;</a>&nbsp;&nbsp;&nbsp;configure_pins1
</UL>
<BR>[Called By]<UL><LI><a href="#[232]">&gt;&gt;</a>&nbsp;&nbsp;&nbsp;spi1_init_module
</UL>

<P><STRONG><a name="[125]"></a>spi1_disable</STRONG> (Thumb, 12 bytes, Stack size 8 bytes, spi1.o(i.spi1_disable))
<BR><BR>[Stack]<UL><LI>Max Depth = 12<LI>Call Chain = spi1_disable &rArr; am_hal_iom_disable
</UL>
<BR>[Calls]<UL><LI><a href="#[1d5]">&gt;&gt;</a>&nbsp;&nbsp;&nbsp;am_hal_iom_disable
</UL>
<BR>[Called By]<UL><LI><a href="#[62]">&gt;&gt;</a>&nbsp;&nbsp;&nbsp;SPI1_Ioctl
</UL>

<P><STRONG><a name="[1e4]"></a>internal_am_hal_iom_spi_cmd_construct</STRONG> (Thumb, 36 bytes, Stack size 12 bytes, am_hal_iom.o(i.internal_am_hal_iom_spi_cmd_construct))
<BR><BR>[Stack]<UL><LI>Max Depth = 12<LI>Call Chain = internal_am_hal_iom_spi_cmd_construct
</UL>
<BR>[Called By]<UL><LI><a href="#[1e3]">&gt;&gt;</a>&nbsp;&nbsp;&nbsp;am_hal_iom_spi_cmd_run
</UL>

<P><STRONG><a name="[1e9]"></a>bcd_to_dec</STRONG> (Thumb, 20 bytes, Stack size 0 bytes, am_hal_rtc.o(i.bcd_to_dec))
<BR><BR>[Called By]<UL><LI><a href="#[11e]">&gt;&gt;</a>&nbsp;&nbsp;&nbsp;am_hal_rtc_time_get
</UL>

<P><STRONG><a name="[1e8]"></a>dec_to_bcd</STRONG> (Thumb, 26 bytes, Stack size 0 bytes, am_hal_rtc.o(i.dec_to_bcd))
<BR><BR>[Called By]<UL><LI><a href="#[11f]">&gt;&gt;</a>&nbsp;&nbsp;&nbsp;am_hal_rtc_time_set
<LI><a href="#[1e7]">&gt;&gt;</a>&nbsp;&nbsp;&nbsp;am_hal_rtc_alarm_set
</UL>

<P><STRONG><a name="[268]"></a>am_hal_uart_ring_buffer_space_left</STRONG> (Thumb, 10 bytes, Stack size 0 bytes, am_hal_uart.o(i.am_hal_uart_ring_buffer_space_left))
<BR><BR>[Called By]<UL><LI><a href="#[1eb]">&gt;&gt;</a>&nbsp;&nbsp;&nbsp;ring_buffer_write
</UL>

<P><STRONG><a name="[1ed]"></a>config_baudrate</STRONG> (Thumb, 56 bytes, Stack size 24 bytes, am_hal_uart.o(i.config_baudrate))
<BR><BR>[Stack]<UL><LI>Max Depth = 24<LI>Call Chain = config_baudrate
</UL>
<BR>[Called By]<UL><LI><a href="#[12d]">&gt;&gt;</a>&nbsp;&nbsp;&nbsp;am_hal_uart_config
</UL>

<P><STRONG><a name="[1ef]"></a>ring_buffer_init</STRONG> (Thumb, 14 bytes, Stack size 0 bytes, am_hal_uart.o(i.ring_buffer_init))
<BR><BR>[Called By]<UL><LI><a href="#[1ee]">&gt;&gt;</a>&nbsp;&nbsp;&nbsp;am_hal_uart_init_buffered
</UL>

<P><STRONG><a name="[1ea]"></a>ring_buffer_read</STRONG> (Thumb, 66 bytes, Stack size 20 bytes, am_hal_uart.o(i.ring_buffer_read))
<BR><BR>[Stack]<UL><LI>Max Depth = 20<LI>Call Chain = ring_buffer_read
</UL>
<BR>[Called By]<UL><LI><a href="#[1f0]">&gt;&gt;</a>&nbsp;&nbsp;&nbsp;am_hal_uart_service_buffered
<LI><a href="#[132]">&gt;&gt;</a>&nbsp;&nbsp;&nbsp;am_hal_uart_char_receive_buffered
</UL>

<P><STRONG><a name="[1eb]"></a>ring_buffer_write</STRONG> (Thumb, 76 bytes, Stack size 24 bytes, am_hal_uart.o(i.ring_buffer_write))
<BR><BR>[Stack]<UL><LI>Max Depth = 24<LI>Call Chain = ring_buffer_write
</UL>
<BR>[Calls]<UL><LI><a href="#[268]">&gt;&gt;</a>&nbsp;&nbsp;&nbsp;am_hal_uart_ring_buffer_space_left
</UL>
<BR>[Called By]<UL><LI><a href="#[1f0]">&gt;&gt;</a>&nbsp;&nbsp;&nbsp;am_hal_uart_service_buffered
<LI><a href="#[133]">&gt;&gt;</a>&nbsp;&nbsp;&nbsp;am_hal_uart_char_transmit_buffered
</UL>

<P><STRONG><a name="[136]"></a>set_ack_rx()</STRONG> (Thumb, 86 bytes, Stack size 16 bytes, cot_mac.o(i._Z10set_ack_rxv))
<BR><BR>[Stack]<UL><LI>Max Depth = 88<LI>Call Chain = set_ack_rx() &rArr; osal_start_timerEx &rArr; osalAddTimer &rArr; osal_mem_alloc
</UL>
<BR>[Calls]<UL><LI><a href="#[13a]">&gt;&gt;</a>&nbsp;&nbsp;&nbsp;osal_start_timerEx
<LI><a href="#[138]">&gt;&gt;</a>&nbsp;&nbsp;&nbsp;SX1280::SetRx(TickTime_s)
<LI><a href="#[139]">&gt;&gt;</a>&nbsp;&nbsp;&nbsp;SX1280::SetDioIrqParams(unsigned short, unsigned short, unsigned short, unsigned short)
<LI><a href="#[137]">&gt;&gt;</a>&nbsp;&nbsp;&nbsp;get_symbols_of_ack_in_lr24(RadioLoRaSpreadingFactors_t, RadioLoRaBandwidths_t)
</UL>
<BR>[Called By]<UL><LI><a href="#[8e]">&gt;&gt;</a>&nbsp;&nbsp;&nbsp;cot_mac_layer_processevent(unsigned char, unsigned short)
</UL>

<P><STRONG><a name="[13c]"></a>verify_sign()</STRONG> (Thumb, 136 bytes, Stack size 208 bytes, cot_mac.o(i._Z11verify_signv))
<BR><BR>[Stack]<UL><LI>Max Depth = 5408 + Unknown Stack Size
<LI>Call Chain = verify_sign() &rArr; EA_ucRSAPublicBlock &rArr; rsa_public &rArr; mpi_exp_mod &rArr; mpi_montg_calculrr &rArr; mpi_mod_mpi &rArr; mpi_div_mpi &rArr; mpi_add_mpi &rArr; mpi_add_abs &rArr; __aeabi_memcpy4
</UL>
<BR>[Calls]<UL><LI><a href="#[134]">&gt;&gt;</a>&nbsp;&nbsp;&nbsp;get_dev_id()
<LI><a href="#[122]">&gt;&gt;</a>&nbsp;&nbsp;&nbsp;SHA256Update
<LI><a href="#[13d]">&gt;&gt;</a>&nbsp;&nbsp;&nbsp;SHA256Init
<LI><a href="#[120]">&gt;&gt;</a>&nbsp;&nbsp;&nbsp;SHA256Final
<LI><a href="#[fc]">&gt;&gt;</a>&nbsp;&nbsp;&nbsp;EA_ucRSAPublicBlock
<LI><a href="#[13f]">&gt;&gt;</a>&nbsp;&nbsp;&nbsp;ReadDataOtp(unsigned char*, unsigned, unsigned)
<LI><a href="#[12a]">&gt;&gt;</a>&nbsp;&nbsp;&nbsp;__aeabi_memclr4
<LI><a href="#[13e]">&gt;&gt;</a>&nbsp;&nbsp;&nbsp;__aeabi_memclr
<LI><a href="#[123]">&gt;&gt;</a>&nbsp;&nbsp;&nbsp;__aeabi_memcpy
<LI><a href="#[140]">&gt;&gt;</a>&nbsp;&nbsp;&nbsp;memcmp
</UL>
<BR>[Called By]<UL><LI><a href="#[151]">&gt;&gt;</a>&nbsp;&nbsp;&nbsp;phy_layer_init(unsigned char)
</UL>

<P><STRONG><a name="[154]"></a>get_time_on_air(unsigned char, ModulationParams_t, PacketParams_t)</STRONG> (Thumb, 1818 bytes, Stack size 136 bytes, cot_mac.o(i._Z15get_time_on_airh18ModulationParams_t14PacketParams_t))
<BR><BR>[Stack]<UL><LI>Max Depth = 192<LI>Call Chain = get_time_on_air(unsigned char, ModulationParams_t, PacketParams_t) &rArr; __hardfp_floor &rArr; __aeabi_cdrcmple
</UL>
<BR>[Calls]<UL><LI><a href="#[159]">&gt;&gt;</a>&nbsp;&nbsp;&nbsp;std::ceil(float)
<LI><a href="#[157]">&gt;&gt;</a>&nbsp;&nbsp;&nbsp;__hardfp_floor
<LI><a href="#[156]">&gt;&gt;</a>&nbsp;&nbsp;&nbsp;__hardfp_ceil
<LI><a href="#[146]">&gt;&gt;</a>&nbsp;&nbsp;&nbsp;__aeabi_cdrcmple
<LI><a href="#[143]">&gt;&gt;</a>&nbsp;&nbsp;&nbsp;__aeabi_dmul
<LI><a href="#[155]">&gt;&gt;</a>&nbsp;&nbsp;&nbsp;__aeabi_ui2d
<LI><a href="#[142]">&gt;&gt;</a>&nbsp;&nbsp;&nbsp;__aeabi_i2d
<LI><a href="#[158]">&gt;&gt;</a>&nbsp;&nbsp;&nbsp;__aeabi_d2uiz
<LI><a href="#[144]">&gt;&gt;</a>&nbsp;&nbsp;&nbsp;__aeabi_ddiv
<LI><a href="#[148]">&gt;&gt;</a>&nbsp;&nbsp;&nbsp;__aeabi_dadd
</UL>
<BR>[Called By]<UL><LI><a href="#[190]">&gt;&gt;</a>&nbsp;&nbsp;&nbsp;cot_mac_layer_system_msg_process(cot_mac_msg_t*)
<LI><a href="#[170]">&gt;&gt;</a>&nbsp;&nbsp;&nbsp;send_mac_ack_msg(unsigned)
</UL>

<P><STRONG><a name="[15a]"></a>init_parameters(PHYParamSettings_t*)</STRONG> (Thumb, 176 bytes, Stack size 24 bytes, cot_mac.o(i._Z15init_parametersP18PHYParamSettings_t))
<BR><BR>[Stack]<UL><LI>Max Depth = 336<LI>Call Chain = init_parameters(PHYParamSettings_t*) &rArr; SX1280::SetRfFrequency(unsigned) &rArr; __hardfp_pow &rArr; sqrt &rArr; _dsqrt &rArr; __fpl_dnaninf
</UL>
<BR>[Calls]<UL><LI><a href="#[15c]">&gt;&gt;</a>&nbsp;&nbsp;&nbsp;irq_handler_register
<LI><a href="#[15d]">&gt;&gt;</a>&nbsp;&nbsp;&nbsp;SX1280::Init()
<LI><a href="#[162]">&gt;&gt;</a>&nbsp;&nbsp;&nbsp;SX1280::SetBufferBaseAddresses(unsigned char, unsigned char)
<LI><a href="#[163]">&gt;&gt;</a>&nbsp;&nbsp;&nbsp;SX1280::SetModulationParams(ModulationParams_t*)
<LI><a href="#[15e]">&gt;&gt;</a>&nbsp;&nbsp;&nbsp;SX1280::SetRegulatorMode(RadioRegulatorModes_t)
<LI><a href="#[167]">&gt;&gt;</a>&nbsp;&nbsp;&nbsp;SX1280::SetCrcPolynomial(unsigned short)
<LI><a href="#[164]">&gt;&gt;</a>&nbsp;&nbsp;&nbsp;SX1280::SetPacketParams(PacketParams_t*)
<LI><a href="#[161]">&gt;&gt;</a>&nbsp;&nbsp;&nbsp;SX1280::SetRfFrequency(unsigned)
<LI><a href="#[160]">&gt;&gt;</a>&nbsp;&nbsp;&nbsp;SX1280::SetPacketType(RadioPacketTypes_t)
<LI><a href="#[168]">&gt;&gt;</a>&nbsp;&nbsp;&nbsp;SX1280::SetTxParams(signed char, RadioRampTimes_t)
<LI><a href="#[165]">&gt;&gt;</a>&nbsp;&nbsp;&nbsp;SX1280::SetSyncWord(unsigned char, unsigned char*)
<LI><a href="#[15f]">&gt;&gt;</a>&nbsp;&nbsp;&nbsp;SX1280::SetStandby(RadioStandbyModes_t)
<LI><a href="#[166]">&gt;&gt;</a>&nbsp;&nbsp;&nbsp;SX1280::SetCrcSeed(unsigned char*)
<LI><a href="#[15b]">&gt;&gt;</a>&nbsp;&nbsp;&nbsp;ParametersSettings(PHYParamSettings_t*)
</UL>
<BR>[Called By]<UL><LI><a href="#[190]">&gt;&gt;</a>&nbsp;&nbsp;&nbsp;cot_mac_layer_system_msg_process(cot_mac_msg_t*)
</UL>

<P><STRONG><a name="[173]"></a>send_app_event_cmd(unsigned char)</STRONG> (Thumb, 50 bytes, Stack size 16 bytes, cot_mac.o(i._Z18send_app_event_cmdh))
<BR><BR>[Stack]<UL><LI>Max Depth = 64<LI>Call Chain = send_app_event_cmd(unsigned char) &rArr; osal_msg_send &rArr; osal_msg_deallocate &rArr; osal_mem_free
</UL>
<BR>[Calls]<UL><LI><a href="#[175]">&gt;&gt;</a>&nbsp;&nbsp;&nbsp;osal_msg_send
<LI><a href="#[174]">&gt;&gt;</a>&nbsp;&nbsp;&nbsp;osal_msg_allocate
</UL>
<BR>[Called By]<UL><LI><a href="#[8e]">&gt;&gt;</a>&nbsp;&nbsp;&nbsp;cot_mac_layer_processevent(unsigned char, unsigned short)
</UL>

<P><STRONG><a name="[186]"></a>set_ModulationParameters(PHYParamSettings_t*)</STRONG> (Thumb, 16 bytes, Stack size 8 bytes, cot_mac.o(i._Z24set_ModulationParametersP18PHYParamSettings_t))
<BR><BR>[Stack]<UL><LI>Max Depth = 328<LI>Call Chain = set_ModulationParameters(PHYParamSettings_t*) &rArr; set_workparameters() &rArr; SX1280::SetRfFrequency(unsigned) &rArr; __hardfp_pow &rArr; sqrt &rArr; _dsqrt &rArr; __fpl_dnaninf
</UL>
<BR>[Calls]<UL><LI><a href="#[176]">&gt;&gt;</a>&nbsp;&nbsp;&nbsp;set_workparameters()
<LI><a href="#[15b]">&gt;&gt;</a>&nbsp;&nbsp;&nbsp;ParametersSettings(PHYParamSettings_t*)
</UL>
<BR>[Called By]<UL><LI><a href="#[190]">&gt;&gt;</a>&nbsp;&nbsp;&nbsp;cot_mac_layer_system_msg_process(cot_mac_msg_t*)
</UL>

<P><STRONG><a name="[190]"></a>cot_mac_layer_system_msg_process(cot_mac_msg_t*)</STRONG> (Thumb, 578 bytes, Stack size 304 bytes, cot_mac.o(i._Z32cot_mac_layer_system_msg_processP13cot_mac_msg_t))
<BR><BR>[Stack]<UL><LI>Max Depth = 680<LI>Call Chain = cot_mac_layer_system_msg_process(cot_mac_msg_t*) &rArr; send_pkg_by_backoffPeriod(unsigned char*, unsigned, ModulationParams_t*, PacketParams_t*, unsigned short, TickTime_s) &rArr; __hardfp_pow &rArr; sqrt &rArr; _dsqrt &rArr; __fpl_dnaninf
</UL>
<BR>[Calls]<UL><LI><a href="#[13a]">&gt;&gt;</a>&nbsp;&nbsp;&nbsp;osal_start_timerEx
<LI><a href="#[13b]">&gt;&gt;</a>&nbsp;&nbsp;&nbsp;osal_set_event
<LI><a href="#[191]">&gt;&gt;</a>&nbsp;&nbsp;&nbsp;osal_msg_deallocate
<LI><a href="#[174]">&gt;&gt;</a>&nbsp;&nbsp;&nbsp;osal_msg_allocate
<LI><a href="#[196]">&gt;&gt;</a>&nbsp;&nbsp;&nbsp;osal_mutex_create
<LI><a href="#[186]">&gt;&gt;</a>&nbsp;&nbsp;&nbsp;set_ModulationParameters(PHYParamSettings_t*)
<LI><a href="#[15a]">&gt;&gt;</a>&nbsp;&nbsp;&nbsp;init_parameters(PHYParamSettings_t*)
<LI><a href="#[154]">&gt;&gt;</a>&nbsp;&nbsp;&nbsp;get_time_on_air(unsigned char, ModulationParams_t, PacketParams_t)
<LI><a href="#[19c]">&gt;&gt;</a>&nbsp;&nbsp;&nbsp;SX1280Hal::HalSleep()
<LI><a href="#[19b]">&gt;&gt;</a>&nbsp;&nbsp;&nbsp;SX1280::SetSleep(SleepParams_t)
<LI><a href="#[138]">&gt;&gt;</a>&nbsp;&nbsp;&nbsp;SX1280::SetRx(TickTime_s)
<LI><a href="#[139]">&gt;&gt;</a>&nbsp;&nbsp;&nbsp;SX1280::SetDioIrqParams(unsigned short, unsigned short, unsigned short, unsigned short)
<LI><a href="#[19a]">&gt;&gt;</a>&nbsp;&nbsp;&nbsp;SX1280::SetSaveContext()
<LI><a href="#[171]">&gt;&gt;</a>&nbsp;&nbsp;&nbsp;cot_phy_payload_format_to_radio_ram_data(cot_phy_payload_t*, unsigned short, unsigned char*, unsigned*)
<LI><a href="#[197]">&gt;&gt;</a>&nbsp;&nbsp;&nbsp;cot_mac_protocol_parse_callback_register(signed char(*)(), void(*)(unsigned char*, unsigned, PacketParams_t*, unsigned short, TickTime_s))
<LI><a href="#[199]">&gt;&gt;</a>&nbsp;&nbsp;&nbsp;cot_mac_msg_format_to_cot_phy_payload(unsigned char*, unsigned short, unsigned, unsigned, unsigned char, cot_phy_payload_t*, unsigned*)
<LI><a href="#[188]">&gt;&gt;</a>&nbsp;&nbsp;&nbsp;send_pkg_by_backoffPeriod(unsigned char*, unsigned, ModulationParams_t*, PacketParams_t*, unsigned short, TickTime_s)
<LI><a href="#[198]">&gt;&gt;</a>&nbsp;&nbsp;&nbsp;set_rssi_water_leve(short)
<LI><a href="#[195]">&gt;&gt;</a>&nbsp;&nbsp;&nbsp;SetRcMode()
<LI><a href="#[12a]">&gt;&gt;</a>&nbsp;&nbsp;&nbsp;__aeabi_memclr4
<LI><a href="#[cc]">&gt;&gt;</a>&nbsp;&nbsp;&nbsp;__aeabi_memcpy4
</UL>
<BR>[Called By]<UL><LI><a href="#[8e]">&gt;&gt;</a>&nbsp;&nbsp;&nbsp;cot_mac_layer_processevent(unsigned char, unsigned short)
</UL>

<P><STRONG><a name="[a0]"></a>__sti___11_cot_mac_cpp_be55acdf</STRONG> (Thumb, 22 bytes, Stack size 8 bytes, cot_mac.o(i.__sti___11_cot_mac_cpp_be55acdf))
<BR><BR>[Stack]<UL><LI>Max Depth = 80<LI>Call Chain = __sti___11_cot_mac_cpp_be55acdf &rArr; __aeabi_atexit &rArr; malloc &rArr; __Heap_Full &rArr; __Heap_ProvideMemory &rArr; free
</UL>
<BR>[Calls]<UL><LI><a href="#[1b0]">&gt;&gt;</a>&nbsp;&nbsp;&nbsp;SX1280Hal::SX1280Hal(RadioCallbacks_t*)
<LI><a href="#[1b3]">&gt;&gt;</a>&nbsp;&nbsp;&nbsp;__aeabi_atexit
</UL>
<BR>[Address Reference Count : 1]<UL><LI> cot_mac.o(.init_array)
</UL>
<P><STRONG><a name="[124]"></a>SHA256Guts</STRONG> (Thumb, 574 bytes, Stack size 72 bytes, sha256.o(i.SHA256Guts))
<BR><BR>[Stack]<UL><LI>Max Depth = 72<LI>Call Chain = SHA256Guts
</UL>
<BR>[Called By]<UL><LI><a href="#[122]">&gt;&gt;</a>&nbsp;&nbsp;&nbsp;SHA256Update
</UL>

<P><STRONG><a name="[246]"></a>mpi_montg_calculrr</STRONG> (Thumb, 776 bytes, Stack size 24 bytes, bignum.o(i.mpi_montg_calculrr))
<BR><BR>[Stack]<UL><LI>Max Depth = 1576<LI>Call Chain = mpi_montg_calculrr &rArr; mpi_mod_mpi &rArr; mpi_div_mpi &rArr; mpi_add_mpi &rArr; mpi_add_abs &rArr; __aeabi_memcpy4
</UL>
<BR>[Calls]<UL><LI><a href="#[247]">&gt;&gt;</a>&nbsp;&nbsp;&nbsp;mpi_mod_mpi
<LI><a href="#[240]">&gt;&gt;</a>&nbsp;&nbsp;&nbsp;mpi_shift_l
<LI><a href="#[24a]">&gt;&gt;</a>&nbsp;&nbsp;&nbsp;mpi_lset
</UL>
<BR>[Called By]<UL><LI><a href="#[244]">&gt;&gt;</a>&nbsp;&nbsp;&nbsp;mpi_exp_mod
</UL>

<P><STRONG><a name="[245]"></a>mpi_montg_init</STRONG> (Thumb, 60 bytes, Stack size 8 bytes, bignum.o(i.mpi_montg_init))
<BR><BR>[Stack]<UL><LI>Max Depth = 8<LI>Call Chain = mpi_montg_init
</UL>
<BR>[Called By]<UL><LI><a href="#[244]">&gt;&gt;</a>&nbsp;&nbsp;&nbsp;mpi_exp_mod
</UL>

<P><STRONG><a name="[248]"></a>mpi_montmul</STRONG> (Thumb, 5844 bytes, Stack size 584 bytes, bignum.o(i.mpi_montmul))
<BR><BR>[Stack]<UL><LI>Max Depth = 604<LI>Call Chain = mpi_montmul &rArr; mpi_sub_hlp
</UL>
<BR>[Calls]<UL><LI><a href="#[12a]">&gt;&gt;</a>&nbsp;&nbsp;&nbsp;__aeabi_memclr4
<LI><a href="#[cc]">&gt;&gt;</a>&nbsp;&nbsp;&nbsp;__aeabi_memcpy4
<LI><a href="#[23a]">&gt;&gt;</a>&nbsp;&nbsp;&nbsp;mpi_cmp_abs
<LI><a href="#[24b]">&gt;&gt;</a>&nbsp;&nbsp;&nbsp;mpi_mul_hlp
<LI><a href="#[24c]">&gt;&gt;</a>&nbsp;&nbsp;&nbsp;mpi_sub_hlp
</UL>
<BR>[Called By]<UL><LI><a href="#[244]">&gt;&gt;</a>&nbsp;&nbsp;&nbsp;mpi_exp_mod
<LI><a href="#[249]">&gt;&gt;</a>&nbsp;&nbsp;&nbsp;mpi_montred
</UL>

<P><STRONG><a name="[249]"></a>mpi_montred</STRONG> (Thumb, 42 bytes, Stack size 32 bytes, bignum.o(i.mpi_montred))
<BR><BR>[Stack]<UL><LI>Max Depth = 636<LI>Call Chain = mpi_montred &rArr; mpi_montmul &rArr; mpi_sub_hlp
</UL>
<BR>[Calls]<UL><LI><a href="#[248]">&gt;&gt;</a>&nbsp;&nbsp;&nbsp;mpi_montmul
</UL>
<BR>[Called By]<UL><LI><a href="#[244]">&gt;&gt;</a>&nbsp;&nbsp;&nbsp;mpi_exp_mod
</UL>

<P><STRONG><a name="[24c]"></a>mpi_sub_hlp</STRONG> (Thumb, 100 bytes, Stack size 20 bytes, bignum.o(i.mpi_sub_hlp))
<BR><BR>[Stack]<UL><LI>Max Depth = 20<LI>Call Chain = mpi_sub_hlp
</UL>
<BR>[Called By]<UL><LI><a href="#[23b]">&gt;&gt;</a>&nbsp;&nbsp;&nbsp;mpi_sub_abs
<LI><a href="#[248]">&gt;&gt;</a>&nbsp;&nbsp;&nbsp;mpi_montmul
</UL>

<P><STRONG><a name="[290]"></a>_dadd1</STRONG> (Thumb, 0 bytes, Stack size unknown bytes, daddsub_clz.o(x$fpl$dadd), UNUSED)
<BR><BR>[Called By]<UL><LI><a href="#[291]">&gt;&gt;</a>&nbsp;&nbsp;&nbsp;_dsub
<LI><a href="#[28f]">&gt;&gt;</a>&nbsp;&nbsp;&nbsp;_drsb
</UL>

<P><STRONG><a name="[283]"></a>_dsub1</STRONG> (Thumb, 0 bytes, Stack size unknown bytes, daddsub_clz.o(x$fpl$dsub), UNUSED)
<BR><BR>[Called By]<UL><LI><a href="#[28f]">&gt;&gt;</a>&nbsp;&nbsp;&nbsp;_drsb
<LI><a href="#[282]">&gt;&gt;</a>&nbsp;&nbsp;&nbsp;_dadd
</UL>

<P><STRONG><a name="[db]"></a>_fp_digits</STRONG> (Thumb, 428 bytes, Stack size 96 bytes, _printf_fp_dec.o(.text))
<BR><BR>[Stack]<UL><LI>Max Depth = 216<LI>Call Chain = _fp_digits &rArr; _btod_etento &rArr; _btod_emul &rArr; _e2e
</UL>
<BR>[Calls]<UL><LI><a href="#[df]">&gt;&gt;</a>&nbsp;&nbsp;&nbsp;_btod_emul
<LI><a href="#[de]">&gt;&gt;</a>&nbsp;&nbsp;&nbsp;_btod_ediv
<LI><a href="#[dd]">&gt;&gt;</a>&nbsp;&nbsp;&nbsp;_btod_d2e
<LI><a href="#[dc]">&gt;&gt;</a>&nbsp;&nbsp;&nbsp;_btod_etento
<LI><a href="#[e0]">&gt;&gt;</a>&nbsp;&nbsp;&nbsp;_ll_udiv10
</UL>
<BR>[Called By]<UL><LI><a href="#[e1]">&gt;&gt;</a>&nbsp;&nbsp;&nbsp;_printf_fp_dec_real
</UL>

<P><STRONG><a name="[82]"></a>_printf_input_char</STRONG> (Thumb, 10 bytes, Stack size 0 bytes, _printf_char_common.o(.text))
<BR>[Address Reference Count : 1]<UL><LI> _printf_char_common.o(.text)
</UL><P>
<H3>
Undefined Global Symbols
</H3><HR></body></html>
