Component: ARM Compiler 5.05 update 1 (build 106) Tool: armlink [4d0efa]

==============================================================================

Section Cross References

    startup_keil.o(STACK) refers (Special) to heapauxi.o(.text) for __use_two_region_memory
    startup_keil.o(HEAP) refers (Special) to heapauxi.o(.text) for __use_two_region_memory
    startup_keil.o(RESET) refers (Special) to heapauxi.o(.text) for __use_two_region_memory
    startup_keil.o(RESET) refers to startup_keil.o(STACK) for StackMem
    startup_keil.o(RESET) refers to am_util_faultisr.o(.emb_text) for am_fault_isr
    startup_keil.o(RESET) refers to am_hal_systick.o(i.am_systick_isr) for am_systick_isr
    startup_keil.o(RESET) refers to rtc.o(i.am_clkgen_isr) for am_clkgen_isr
    startup_keil.o(RESET) refers to adc.o(i.am_adc_isr) for am_adc_isr
    startup_keil.o(RESET) refers to gpio.o(i.am_gpio_isr) for am_gpio_isr
    startup_keil.o(RESET) refers to hal_timers.o(i.am_ctimer_isr) for am_ctimer_isr
    startup_keil.o(RESET) refers to uart.o(i.am_uart_isr) for am_uart_isr
    startup_keil.o(RESET) refers to __main.o(!!!main) for __main
    startup_keil.o(.text) refers (Special) to heapauxi.o(.text) for __use_two_region_memory
    startup_keil.o(.text) refers to startup_keil.o(HEAP) for HeapMem
    startup_keil.o(.text) refers to startup_keil.o(STACK) for StackMem
    osal_sample.o(i.osalInitTasks) refers to osal_memory.o(i.osal_mem_alloc) for osal_mem_alloc
    osal_sample.o(i.osalInitTasks) refers to osal.o(i.osal_memset) for osal_memset
    osal_sample.o(i.osalInitTasks) refers to cot_mac.o(i._Z14phy_layer_inith) for phy_layer_init(unsigned char)
    osal_sample.o(i.osalInitTasks) refers to sample_multiple_anchor_app.o(i.sample_app_init) for sample_app_init
    osal_sample.o(i.osalInitTasks) refers to cot_mt_task.o(i.mt_task_init) for mt_task_init
    osal_sample.o(i.osalInitTasks) refers to osal_sample.o(.data) for tasksEvents
    osal_sample.o(.ARM.exidx) refers to osal_sample.o(i.osalInitTasks) for i.osalInitTasks
    osal_sample.o(.constdata) refers to cot_mac.o(i._Z26cot_mac_layer_processeventht) for cot_mac_layer_processevent(unsigned char, unsigned short)
    osal_sample.o(.constdata) refers to sample_multiple_anchor_app.o(i.sample_app_processevent) for sample_app_processevent
    osal_sample.o(.constdata) refers to cot_mt_task.o(i.cot_mt_process_event) for cot_mt_process_event
    sample_main.o(i.main) refers to am_hal_clkgen.o(i.am_hal_clkgen_sysclk_select) for am_hal_clkgen_sysclk_select
    sample_main.o(i.main) refers to am_bsp.o(i.am_bsp_low_power_init) for am_bsp_low_power_init
    sample_main.o(i.main) refers to spi.o(i.spi_init_module) for spi_init_module
    sample_main.o(i.main) refers to gpio.o(i.gpio_init_module) for gpio_init_module
    sample_main.o(i.main) refers to flash.o(i.FLASH_InitModule) for FLASH_InitModule
    sample_main.o(i.main) refers to uart.o(i.uart_init_module) for uart_init_module
    sample_main.o(i.main) refers to log.o(i.log_init_module) for log_init_module
    sample_main.o(i.main) refers to am_hal_interrupt.o(.emb_text) for am_hal_interrupt_master_enable
    sample_main.o(i.main) refers to osal.o(i.osal_init_system) for osal_init_system
    sample_main.o(i.main) refers to osal_pwrmgr.o(i.osal_pwrmgr_device) for osal_pwrmgr_device
    sample_main.o(i.main) refers to osal.o(i.osal_start_system) for osal_start_system
    sample_main.o(.ARM.exidx) refers to sample_main.o(i.main) for i.main
    sample_multiple_anchor_app.o(i._Z20slave_broadcast_dataj) refers to aeabi_memset.o(.text) for __aeabi_memset
    sample_multiple_anchor_app.o(i._Z20slave_broadcast_dataj) refers to sample_multiple_anchor_app.o(.data) for s_cot_sample_msg_tx
    sample_multiple_anchor_app.o(i._Z20slave_handshake_dataj) refers to aeabi_memset.o(.text) for __aeabi_memset
    sample_multiple_anchor_app.o(i._Z20slave_handshake_dataj) refers to sample_multiple_anchor_app.o(.data) for s_cot_sample_msg_tx
    sample_multiple_anchor_app.o(i._Z21cot_sample_msg_handleP13cot_mac_msg_t) refers to sample_multiple_anchor_app.o(i.get_sample_task_id) for get_sample_task_id
    sample_multiple_anchor_app.o(i._Z21cot_sample_msg_handleP13cot_mac_msg_t) refers to osal_time.o(i.osal_stop_timerEx) for osal_stop_timerEx
    sample_multiple_anchor_app.o(i._Z21cot_sample_msg_handleP13cot_mac_msg_t) refers to osal.o(i.osal_set_event) for osal_set_event
    sample_multiple_anchor_app.o(i._Z21cot_sample_msg_handleP13cot_mac_msg_t) refers to sample_multiple_anchor_app.o(.bss) for g_device_id
    sample_multiple_anchor_app.o(i._Z21cot_sample_msg_handleP13cot_mac_msg_t) refers to sample_multiple_anchor_app.o(.data) for g_device_id_count
    sample_multiple_anchor_app.o(i._Z21master_broadcast_datav) refers to aeabi_memset.o(.text) for __aeabi_memset
    sample_multiple_anchor_app.o(i._Z21master_broadcast_datav) refers to sample_multiple_anchor_app.o(.data) for g_LocationRunStates
[...]
    g_pkg_type                               0x10000019   Data           1  sample_multiple_anchor_app.o(.data)
    g_start_rng_flag                         0x1000001c   Data           1  sample_multiple_anchor_app.o(.data)
    g_pMsg                                   0x10000028   Data           4  cot_mt_uart.o(.data)
    base64char                               0x1000002c   Data           4  base64.o(.data)
    osal_qHead                               0x10000044   Data           4  osal.o(.data)
    system_reset                             0x10000048   Data           1  osal.o(.data)
    timerHead                                0x10000064   Data           4  osal_time.o(.data)
    pwrmgr_attribute                         0x1000006c   Data           8  osal_pwrmgr.o(.data)
    g_pfnCharPrint                           0x10000074   Data           4  am_util_stdio.o(.data)
    g_osal_tick                              0x1000007c   Data           4  hal_timers.o(.data)
    g_sTimer0                                0x10000080   Data          12  hal_timers.o(.data)
    g_sUartConfig                            0x1000008c   Data          20  uart.o(.data)
    usart_ops                                0x100000a0   Data          28  uart.o(.data)
    file_uart1                               0x100000bc   Data          20  uart.o(.data)
    flash_ops                                0x100000d0   Data          28  flash.o(.data)
    file_flash                               0x100000ec   Data          20  flash.o(.data)
    g_spi_config                             0x10000104   Data          12  spi.o(.data)
    g_spi_device                             0x10000110   Data          12  spi.o(.data)
    spi_ops                                  0x1000011c   Data          28  spi.o(.data)
    file_spi                                 0x10000138   Data          20  spi.o(.data)
    sx1280_gpio_ops                          0x1000014c   Data          28  gpio.o(.data)
    file_sx1280                              0x10000168   Data          20  gpio.o(.data)
    key1_gpio_ops                            0x1000017c   Data          28  gpio.o(.data)
    file_key1                                0x10000198   Data          20  gpio.o(.data)
    key2_gpio_ops                            0x100001ac   Data          28  gpio.o(.data)
    file_key2                                0x100001c8   Data          20  gpio.o(.data)
    key3_gpio_ops                            0x100001dc   Data          28  gpio.o(.data)
    file_key3                                0x100001f8   Data          20  gpio.o(.data)
    key4_gpio_ops                            0x1000020c   Data          28  gpio.o(.data)
    file_key4                                0x10000228   Data          20  gpio.o(.data)
    key5_gpio_ops                            0x1000023c   Data          28  gpio.o(.data)
    file_key5                                0x10000258   Data          20  gpio.o(.data)
    led1_gpio_ops                            0x1000026c   Data          28  gpio.o(.data)
    file_led1                                0x10000288   Data          20  gpio.o(.data)
    led2_gpio_ops                            0x1000029c   Data          28  gpio.o(.data)
    file_led2                                0x100002b8   Data          20  gpio.o(.data)
    led3_gpio_ops                            0x100002cc   Data          28  gpio.o(.data)
    file_led3                                0x100002e8   Data          20  gpio.o(.data)
    g_ui16ADCEXT_code                        0x100002fc   Data           6  adc.o(.data)
    g_ui16ADCTEMP_code                       0x10000302   Data           2  adc.o(.data)
    fTemp                                    0x10000304   Data           4  adc.o(.data)
    fVoltage                                 0x10000308   Data           4  adc.o(.data)
    fOffset                                  0x1000030c   Data           4  adc.o(.data)
    g_sADC_CfgA                              0x10000310   Data          32  adc.o(.data)
    adc_ops                                  0x10000330   Data          28  adc.o(.data)
    file_adc                                 0x1000034c   Data          20  adc.o(.data)
    g_am_hal_flash                           0x10000360   Data          32  am_hal_flash.o(.data)
    SRAM_load_ui32                           0x10000380   Data           8  am_hal_flash.o(.data)
    g_ui32Mod0Interface                      0x10000388   Data           4  am_hal_iom.o(.data)
    g_ui32Mod1Interface                      0x1000038c   Data           4  am_hal_iom.o(.data)
    g_iom_error_status                       0x10000390   Data           4  am_hal_iom.o(.data)
    g_bIomBusy                               0x10000394   Data           2  am_hal_iom.o(.data)
    am_hal_iom_queue_flush                   0x10000398   Data           4  am_hal_iom.o(.data)
    g_tick                                   0x1000039c   Data           4  am_hal_systick.o(.data)
    timer_tick                               0x100003a0   Data           4  am_hal_systick.o(.data)
    g_system_tick                            0x100003a4   Data           4  am_hal_systick.o(.data)
    g_sample_task_id                         0x100003a8   Data           1  cot_mac.o(.data)
    PacketStatus                             0x100003a9   Data           5  cot_mac.o(.data)
    s_mac_mutex                              0x100003b0   Data           4  cot_mac.o(.data)
    s_phy_layer_task_id                      0x100003b6   Data           1  cot_mac.o(.data)
    Callbacks                                0x100003b8   Data          36  cot_mac.o(.data)
    t0                                       0x100003e0   Data           8  cot_ranging.o(.data)
    t1                                       0x100003e8   Data           8  cot_ranging.o(.data)
    t2                                       0x100003f0   Data           8  cot_ranging.o(.data)
    t3                                       0x100003f8   Data           8  cot_ranging.o(.data)
    t4                                       0x10000400   Data           8  cot_ranging.o(.data)
    t5                                       0x10000408   Data           8  cot_ranging.o(.data)
    t6                                       0x10000410   Data           8  cot_ranging.o(.data)
    t7                                       0x10000418   Data           8  cot_ranging.o(.data)
    g_RangingInternalState                   0x10000420   Data           1  cot_ranging.o(.data)
    g_RngRun_states                          0x10000421   Data           1  cot_ranging.o(.data)
    g_RngTimeroutFlag                        0x10000422   Data           1  cot_ranging.o(.data)
    BufferSize                               0x10000426   Data           1  cot_ranging.o(.data)
    SendNext                                 0x10000427   Data           1  cot_ranging.o(.data)
    ANT_SW                                   0x10000428   Data           1  cot_ranging.o(.data)
    RngResultIndex                           0x1000042c   Data           4  cot_ranging.o(.data)
    CntPacketTx                              0x10000430   Data           1  cot_ranging.o(.data)
    CntPacketRxOK                            0x10000431   Data           1  cot_ranging.o(.data)
    CntPacketRxKOSlave                       0x10000432   Data           1  cot_ranging.o(.data)
    CntPacketRxKOMaster                      0x10000434   Data           2  cot_ranging.o(.data)
    get_chain_power                          0x10000438   Data           4  cot_mac_protocol_parse.o(.data)
    send_mac_paylod                          0x1000043c   Data           4  cot_mac_protocol_parse.o(.data)
    g_device_id                              0x10000510   Data          40  sample_multiple_anchor_app.o(.bss)
    g_uart_rx_fifo                           0x10001a80   Data        1040  uart.o(.bss)
    g_uart_tx_fifo                           0x10001e90   Data        1040  uart.o(.bss)
    am_hal_gpio_ppfnHandlers                 0x100022ac   Data         256  am_hal_gpio.o(.bss)
    g_psIOMBuffers                           0x100023ac   Data          40  am_hal_iom.o(.bss)
    g_psIOMQueue                             0x100023d4   Data          48  am_hal_iom.o(.bss)
    g_sTxBuffer                              0x10002404   Data          20  am_hal_uart.o(.bss)
    g_sRxBuffer                              0x10002418   Data          20  am_hal_uart.o(.bss)
    PacketParams                             0x1000242c   Data          24  cot_mac.o(.bss)
    ModulationParams                         0x10002444   Data          81  cot_mac.o(.bss)
    Radio                                    0x10002698   Data          68  cot_mac.o(.bss)
    Buffer                                   0x100026e0   Data         255  cot_ranging.o(.bss)
    RawRngResults                            0x100027e0   Data         720  cot_ranging.o(.bss)
    RssiRng                                  0x10002ab0   Data         720  cot_ranging.o(.bss)
    __libspace_start                         0x10002eec   Data          96  libspace.o(.bss)
    __temporary_stack_top$libspace           0x10002f4c   Data           0  libspace.o(.bss)



==============================================================================

Memory Map of the image

  Image Entry point : 0x00000099

  Load Region LR_1 (Base: 0x00000000, Size: 0x00014074, Max: 0xffffffff, ABSOLUTE, COMPRESSED[0x00013e1c])

    Execution Region FLASH (Base: 0x00000000, Size: 0x00013c30, Max: 0x00080000, ABSOLUTE)

    Base Addr    Size         Type   Attr      Idx    E Section Name        Object

    0x00000000   0x00000098   Code   RO            3    RESET               startup_keil.o
    0x00000098   0x00000008   Code   RO         7228  * !!!main             c_w.l(__main.o)
    0x000000a0   0x00000034   Code   RO         7873    !!!scatter          c_w.l(__scatter.o)
    0x000000d4   0x0000005a   Code   RO         7871    !!dczerorl2         c_w.l(__dczerorl2.o)
    0x0000012e   0x00000002   PAD
    0x00000130   0x0000001c   Code   RO         7875    !!handler_zi        c_w.l(__scatter_zi.o)
    0x0000014c   0x00000000   Code   RO         7202    .ARM.Collect$$_printf_percent$$00000000  c_w.l(_printf_percent.o)
    0x0000014c   0x00000006   Code   RO         7201    .ARM.Collect$$_printf_percent$$00000003  c_w.l(_printf_f.o)
    0x00000152   0x00000006   Code   RO         7200    .ARM.Collect$$_printf_percent$$00000009  c_w.l(_printf_d.o)
    0x00000158   0x00000006   Code   RO         7199    .ARM.Collect$$_printf_percent$$0000000C  c_w.l(_printf_x.o)
    0x0000015e   0x00000004   Code   RO         7531    .ARM.Collect$$_printf_percent$$00000017  c_w.l(_printf_percent_end.o)
    0x00000162   0x00000002   Code   RO         7816    .ARM.Collect$$libinit$$00000000  c_w.l(libinit.o)
    0x00000164   0x00000004   Code   RO         7536    .ARM.Collect$$libinit$$00000001  c_w.l(libinit2.o)
    0x00000168   0x00000000   Code   RO         7539    .ARM.Collect$$libinit$$00000004  c_w.l(libinit2.o)
    0x00000168   0x00000008   Code   RO         7540    .ARM.Collect$$libinit$$00000005  c_w.l(libinit2.o)
    0x00000170   0x00000000   Code   RO         7542    .ARM.Collect$$libinit$$0000000A  c_w.l(libinit2.o)
    0x00000170   0x00000000   Code   RO         7544    .ARM.Collect$$libinit$$0000000C  c_w.l(libinit2.o)
    0x00000170   0x00000000   Code   RO         7546    .ARM.Collect$$libinit$$0000000E  c_w.l(libinit2.o)
    0x00000170   0x00000006   Code   RO         7547    .ARM.Collect$$libinit$$0000000F  c_w.l(libinit2.o)
    0x00000176   0x00000000   Code   RO         7549    .ARM.Collect$$libinit$$00000011  c_w.l(libinit2.o)
    0x00000176   0x00000000   Code   RO         7551    .ARM.Collect$$libinit$$00000013  c_w.l(libinit2.o)
    0x00000176   0x00000000   Code   RO         7553    .ARM.Collect$$libinit$$00000015  c_w.l(libinit2.o)
    0x00000176   0x0000000a   Code   RO         7554    .ARM.Collect$$libinit$$00000016  c_w.l(libinit2.o)
    0x00000180   0x00000000   Code   RO         7555    .ARM.Collect$$libinit$$00000017  c_w.l(libinit2.o)
    0x00000180   0x00000000   Code   RO         7557    .ARM.Collect$$libinit$$00000019  c_w.l(libinit2.o)
    0x00000180   0x00000000   Code   RO         7559    .ARM.Collect$$libinit$$0000001B  c_w.l(libinit2.o)
    0x00000180   0x00000000   Code   RO         7561    .ARM.Collect$$libinit$$0000001D  c_w.l(libinit2.o)
    0x00000180   0x00000000   Code   RO         7563    .ARM.Collect$$libinit$$0000001F  c_w.l(libinit2.o)
    0x00000180   0x00000000   Code   RO         7565    .ARM.Collect$$libinit$$00000021  c_w.l(libinit2.o)
    0x00000180   0x00000000   Code   RO         7567    .ARM.Collect$$libinit$$00000023  c_w.l(libinit2.o)
    0x00000180   0x00000000   Code   RO         7569    .ARM.Collect$$libinit$$00000025  c_w.l(libinit2.o)
    0x00000180   0x00000000   Code   RO         7573    .ARM.Collect$$libinit$$0000002C  c_w.l(libinit2.o)
    0x00000180   0x00000000   Code   RO         7575    .ARM.Collect$$libinit$$0000002E  c_w.l(libinit2.o)
    0x00000180   0x00000000   Code   RO         7577    .ARM.Collect$$libinit$$00000030  c_w.l(libinit2.o)
    0x00000180   0x00000004   Code   RO         7578    .ARM.Collect$$libinit$$00000031  c_w.l(libinit2.o)
    0x00000184   0x00000000   Code   RO         7579    .ARM.Collect$$libinit$$00000032  c_w.l(libinit2.o)
    0x00000184   0x00000002   Code   RO         7580    .ARM.Collect$$libinit$$00000033  c_w.l(libinit2.o)
    0x00000186   0x00000002   Code   RO         7868    .ARM.Collect$$libshutdown$$00000000  c_w.l(libshutdown.o)
    0x00000188   0x00000006   Code   RO         7581    .ARM.Collect$$libshutdown$$00000001  c_w.l(libshutdown2.o)
    0x0000018e   0x00000000   Code   RO         7583    .ARM.Collect$$libshutdown$$00000003  c_w.l(libshutdown2.o)
    0x0000018e   0x00000000   Code   RO         7586    .ARM.Collect$$libshutdown$$00000006  c_w.l(libshutdown2.o)
    0x0000018e   0x00000000   Code   RO         7589    .ARM.Collect$$libshutdown$$00000009  c_w.l(libshutdown2.o)
    0x0000018e   0x00000000   Code   RO         7591    .ARM.Collect$$libshutdown$$0000000B  c_w.l(libshutdown2.o)
    0x0000018e   0x00000000   Code   RO         7594    .ARM.Collect$$libshutdown$$0000000E  c_w.l(libshutdown2.o)
    0x0000018e   0x00000002   Code   RO         7595    .ARM.Collect$$libshutdown$$0000000F  c_w.l(libshutdown2.o)
    0x00000190   0x00000000   Code   RO         7449    .ARM.Collect$$rtentry$$00000000  c_w.l(__rtentry.o)
    0x00000190   0x00000000   Code   RO         7655    .ARM.Collect$$rtentry$$00000002  c_w.l(__rtentry2.o)
    0x00000190   0x00000006   Code   RO         7667    .ARM.Collect$$rtentry$$00000004  c_w.l(__rtentry4.o)
    0x00000196   0x00000000   Code   RO         7657    .ARM.Collect$$rtentry$$00000009  c_w.l(__rtentry2.o)
    0x00000196   0x00000004   Code   RO         7658    .ARM.Collect$$rtentry$$0000000A  c_w.l(__rtentry2.o)
    0x0000019a   0x00000000   Code   RO         7660    .ARM.Collect$$rtentry$$0000000C  c_w.l(__rtentry2.o)
    0x0000019a   0x00000008   Code   RO         7661    .ARM.Collect$$rtentry$$0000000D  c_w.l(__rtentry2.o)
    0x000001a2   0x00000002   Code   RO         7827    .ARM.Collect$$rtexit$$00000000  c_w.l(rtexit.o)
    0x000001a4   0x00000000   Code   RO         7844    .ARM.Collect$$rtexit$$00000002  c_w.l(rtexit2.o)
    0x000001a4   0x00000004   Code   RO         7845    .ARM.Collect$$rtexit$$00000003  c_w.l(rtexit2.o)
    0x000001a8   0x00000006   Code   RO         7846    .ARM.Collect$$rtexit$$00000004  c_w.l(rtexit2.o)
    0x000001ae   0x00000002   PAD
    0x000001b0   0x00000014   Code   RO         2005    .emb_text           am_util_faultisr.o
    0x000001c4   0x00000006   Code   RO         3843    .emb_text           am_hal_flash.o
    0x000001ca   0x00000002   PAD
    0x000001cc   0x00000016   Code   RO         4059    .emb_text           am_hal_interrupt.o
    0x000001e2   0x00000002   PAD
    0x000001e4   0x00000076   Code   RO         6900    .emb_text           algorithm lib.lib(bignum.o)
    0x0000025a   0x00000002   PAD
    0x0000025c   0x00000000   Code   RO         7782    .emb_text           c_w.l(maybetermalloc1.o)
    0x0000025c   0x0000001c   Code   RO            4    .text               startup_keil.o
    0x00000278   0x00000026   Code   RO         7146    .text               c_w.l(llshl.o)
    0x0000029e   0x00000002   PAD
    0x000002a0   0x00000028   Code   RO         7150    .text               c_w.l(noretval__2sprintf.o)
    0x000002c8   0x0000004e   Code   RO         7154    .text               c_w.l(_printf_pad.o)
    0x00000316   0x00000002   PAD
    0x00000318   0x00000078   Code   RO         7156    .text               c_w.l(_printf_dec.o)
    0x00000390   0x00000058   Code   RO         7161    .text               c_w.l(_printf_hex_int.o)
    0x000003e8   0x0000010e   Code   RO         7187    .text               c_w.l(__printf_wp.o)
    0x000004f6   0x00000058   Code   RO         7206    .text               c_w.l(memcmp.o)
    0x0000054e   0x0000003e   Code   RO         7208    .text               c_w.l(strlen.o)
    0x0000058c   0x00000096   Code   RO         7210    .text               c_w.l(strncmp.o)
    0x00000622   0x0000008a   Code   RO         7212    .text               c_w.l(rt_memcpy_v6.o)
    0x000006ac   0x00000064   Code   RO         7214    .text               c_w.l(rt_memcpy_w.o)
    0x00000710   0x00000016   Code   RO         7216    .text               c_w.l(memset.o)
    0x00000726   0x00000010   Code   RO         7218    .text               c_w.l(aeabi_memset.o)
    0x00000736   0x00000044   Code   RO         7220    .text               c_w.l(rt_memclr.o)
    0x0000077a   0x0000004e   Code   RO         7222    .text               c_w.l(rt_memclr_w.o)
    0x000007c8   0x00000080   Code   RO         7224    .text               c_w.l(strcmpv7m.o)
    0x00000848   0x00000006   Code   RO         7226    .text               c_w.l(heapauxi.o)
    0x0000084e   0x00000002   PAD
    0x00000850   0x00000024   Code   RO         7233    .text               c_w.l(init_aeabi.o)
    0x00000874   0x00000008   Code   RO         7457    .text               c_w.l(rt_ddtor_pointer_addr_intlibspace.o)
    0x0000087c   0x0000005e   Code   RO         7463    .text               c_w.l(h1_alloc.o)
    0x000008da   0x0000004e   Code   RO         7465    .text               c_w.l(h1_free.o)
    0x00000928   0x00000016   Code   RO         7521    .text               c_w.l(_rserrno.o)
    0x0000093e   0x000000b2   Code   RO         7523    .text               c_w.l(_printf_intcommon.o)
    0x000009f0   0x0000041a   Code   RO         7525    .text               c_w.l(_printf_fp_dec.o)
    0x00000e0a   0x00000002   PAD
    0x00000e0c   0x00000030   Code   RO         7527    .text               c_w.l(_printf_char_common.o)
    0x00000e3c   0x0000000a   Code   RO         7529    .text               c_w.l(_sputc.o)
    0x00000e46   0x0000000e   Code   RO         7532    .text               c_w.l(defsig_pvfn_outer.o)
    0x00000e54   0x00000008   Code   RO         7649    .text               c_w.l(libspace.o)
    0x00000e5c   0x00000008   Code   RO         7676    .text               c_w.l(rt_heap_descriptor_intlibspace.o)
    0x00000e64   0x00000008   Code   RO         7681    .text               c_w.l(rt_locale_intlibspace.o)
    0x00000e6c   0x00000008   Code   RO         7686    .text               c_w.l(rt_errno_addr_intlibspace.o)
    0x00000e74   0x00000004   Code   RO         7688    .text               c_w.l(hguard.o)
    0x00000e78   0x0000008a   Code   RO         7690    .text               c_w.l(init_alloc.o)
    0x00000f02   0x0000000e   Code   RO         7694    .text               c_w.l(h1_init.o)
    0x00000f10   0x0000008a   Code   RO         7708    .text               c_w.l(lludiv10.o)
    0x00000f9a   0x00000002   PAD
    0x00000f9c   0x00000080   Code   RO         7710    .text               c_w.l(_printf_fp_infnan.o)
    0x0000101c   0x000000dc   Code   RO         7714    .text               c_w.l(bigflt0.o)
    0x000010f8   0x0000000a   Code   RO         7742    .text               c_w.l(defsig_exit.o)
    0x00001102   0x00000002   PAD
    0x00001104   0x00000030   Code   RO         7744    .text               c_w.l(defsig_pvfn_inner.o)
    0x00001134   0x0000000c   Code   RO         7771    .text               c_w.l(sys_exit.o)
    0x00001140   0x0000004a   Code   RO         7773    .text               c_w.l(sys_stackheap_outer.o)
    0x0000118a   0x00000034   Code   RO         7784    .text               c_w.l(h1_extend.o)
    0x000011be   0x0000000c   Code   RO         7788    .text               c_w.l(exit.o)
    0x000011ca   0x00000032   Code   RO         7794    .text               c_w.l(defsig_general.o)
    0x000011fc   0x0000000e   Code   RO         7800    .text               c_w.l(defsig_rtmem_outer.o)
    0x0000120a   0x0000000e   Code   RO         7822    .text               c_w.l(sys_wrch.o)
    0x00001218   0x00000002   Code   RO         7824    .text               c_w.l(use_no_semi.o)
    0x0000121a   0x00000000   Code   RO         7826    .text               c_w.l(indicate_semi.o)
    0x0000121a   0x00000002   PAD
    0x0000121c   0x00000050   Code   RO         7837    .text               c_w.l(defsig_rtmem_inner.o)
    0x0000126c   0x0000003e   Code   RO         7717    CL$$btod_d2e        c_w.l(btod.o)
    0x000012aa   0x00000046   Code   RO         7719    CL$$btod_d2e_denorm_low  c_w.l(btod.o)
    0x000012f0   0x00000060   Code   RO         7718    CL$$btod_d2e_norm_op1  c_w.l(btod.o)
    0x00001350   0x00000338   Code   RO         7727    CL$$btod_div_common  c_w.l(btod.o)
    0x00001688   0x000000c6   Code   RO         7724    CL$$btod_e2e        c_w.l(btod.o)
    0x0000174e   0x00000028   Code   RO         7721    CL$$btod_ediv       c_w.l(btod.o)
    0x00001776   0x00000028   Code   RO         7720    CL$$btod_emul       c_w.l(btod.o)
    0x0000179e   0x00000244   Code   RO         7726    CL$$btod_mult_common  c_w.l(btod.o)
    0x000019e2   0x00000002   PAD
    0x000019e4   0x00000060   Code   RO         3186    i.ADC_Ioctl         adc.o
    0x00001a44   0x00000040   Code   RO         3187    i.ADC_Lseek         adc.o
    0x00001a84   0x00000030   Code   RO         3188    i.ADC_Open          adc.o
    0x00001ab4   0x00000080   Code   RO         3189    i.ADC_Read          adc.o
    0x00001b34   0x00000030   Code   RO         3190    i.ADC_Release       adc.o
    0x00001b64   0x00000070   Code   RO         6006    i.EA_ucRSAPublicBlock  algorithm lib.lib(rsa.o)
    0x00001bd4   0x00000010   Code   RO         2680    i.FLASH_InitModule  flash.o
    0x00001be4   0x00000022   Code   RO         2681    i.FLASH_Lseek       flash.o
    0x00001c06   0x00000002   PAD
    0x00001c08   0x00000030   Code   RO         2682    i.FLASH_Open        flash.o
    0x00001c38   0x0000005c   Code   RO         2683    i.FLASH_Read        flash.o
    0x00001c94   0x00000038   Code   RO         2684    i.FLASH_Release     flash.o
    0x00001ccc   0x000000dc   Code   RO         2685    i.FLASH_Write       flash.o
    0x00001da8   0x00000044   Code   RO         2791    i.KEY1_GPIO_IRQ_Register  gpio.o
    0x00001dec   0x000000d4   Code   RO         2792    i.KEY1_GPIO_Ioctl   gpio.o
    0x00001ec0   0x00000010   Code   RO         2793    i.KEY1_GPIO_Lseek   gpio.o
    0x00001ed0   0x00000030   Code   RO         2794    i.KEY1_GPIO_Open    gpio.o
    0x00001f00   0x00000054   Code   RO         2795    i.KEY1_GPIO_Read    gpio.o
    0x00001f54   0x00000030   Code   RO         2796    i.KEY1_GPIO_Release  gpio.o
    0x00001f84   0x00000044   Code   RO         2797    i.KEY2_GPIO_IRQ_Register  gpio.o
    0x00001fc8   0x000000d8   Code   RO         2798    i.KEY2_GPIO_Ioctl   gpio.o
    0x000020a0   0x00000010   Code   RO         2799    i.KEY2_GPIO_Lseek   gpio.o
    0x000020b0   0x00000030   Code   RO         2800    i.KEY2_GPIO_Open    gpio.o
    0x000020e0   0x00000054   Code   RO         2801    i.KEY2_GPIO_Read    gpio.o
    0x00002134   0x00000030   Code   RO         2802    i.KEY2_GPIO_Release  gpio.o
    0x00002164   0x00000044   Code   RO         2803    i.KEY3_GPIO_IRQ_Register  gpio.o
    0x000021a8   0x000000d0   Code   RO         2804    i.KEY3_GPIO_Ioctl   gpio.o
    0x00002278   0x00000010   Code   RO         2805    i.KEY3_GPIO_Lseek   gpio.o
    0x00002288   0x00000030   Code   RO         2806    i.KEY3_GPIO_Open    gpio.o
    0x000022b8   0x00000054   Code   RO         2807    i.KEY3_GPIO_Read    gpio.o
    0x0000230c   0x00000030   Code   RO         2808    i.KEY3_GPIO_Release  gpio.o
    0x0000233c   0x00000040   Code   RO         2809    i.KEY4_GPIO_IRQ_Register  gpio.o
    0x0000237c   0x000000d4   Code   RO         2810    i.KEY4_GPIO_Ioctl   gpio.o
    0x00002450   0x00000010   Code   RO         2811    i.KEY4_GPIO_Lseek   gpio.o
    0x00002460   0x00000030   Code   RO         2812    i.KEY4_GPIO_Open    gpio.o
    0x00002490   0x00000054   Code   RO         2813    i.KEY4_GPIO_Read    gpio.o
    0x000024e4   0x00000030   Code   RO         2814    i.KEY4_GPIO_Release  gpio.o
    0x00002514   0x00000044   Code   RO         2815    i.KEY5_GPIO_IRQ_Register  gpio.o
    0x00002558   0x000000d4   Code   RO         2816    i.KEY5_GPIO_Ioctl   gpio.o
    0x0000262c   0x00000010   Code   RO         2817    i.KEY5_GPIO_Lseek   gpio.o
    0x0000263c   0x00000030   Code   RO         2818    i.KEY5_GPIO_Open    gpio.o
    0x0000266c   0x00000054   Code   RO         2819    i.KEY5_GPIO_Read    gpio.o
    0x000026c0   0x00000030   Code   RO         2820    i.KEY5_GPIO_Release  gpio.o
    0x000026f0   0x0000009c   Code   RO         2821    i.LED1_GPIO_Ioctl   gpio.o
    0x0000278c   0x00000030   Code   RO         2822    i.LED1_GPIO_Open    gpio.o
    0x000027bc   0x00000030   Code   RO         2823    i.LED1_GPIO_Release  gpio.o
    0x000027ec   0x00000050   Code   RO         2824    i.LED1_GPIO_Write   gpio.o
    0x0000283c   0x0000009c   Code   RO         2825    i.LED2_GPIO_Ioctl   gpio.o
    0x000028d8   0x00000030   Code   RO         2826    i.LED2_GPIO_Open    gpio.o
    0x00002908   0x00000030   Code   RO         2827    i.LED2_GPIO_Release  gpio.o
    0x00002938   0x00000050   Code   RO         2828    i.LED2_GPIO_Write   gpio.o
    0x00002988   0x0000009c   Code   RO         2829    i.LED3_GPIO_Ioctl   gpio.o
    0x00002a24   0x00000030   Code   RO         2830    i.LED3_GPIO_Open    gpio.o
    0x00002a54   0x00000030   Code   RO         2831    i.LED3_GPIO_Release  gpio.o
    0x00002a84   0x00000050   Code   RO         2832    i.LED3_GPIO_Write   gpio.o
    0x00002ad4   0x0000007c   Code   RO         6053    i.SHA256Final       algorithm lib.lib(sha256.o)
    0x00002b50   0x00000248   Code   RO         6054    i.SHA256Guts        algorithm lib.lib(sha256.o)
    0x00002d98   0x0000004c   Code   RO         6055    i.SHA256Init        algorithm lib.lib(sha256.o)
    0x00002de4   0x00000062   Code   RO         6056    i.SHA256Update      algorithm lib.lib(sha256.o)
    0x00002e46   0x00000002   PAD
    0x00002e48   0x00000068   Code   RO         2727    i.SPI_Ioctl         spi.o
    0x00002eb0   0x0000003c   Code   RO         2728    i.SPI_Lseek         spi.o
    0x00002eec   0x00000030   Code   RO         2729    i.SPI_Open          spi.o
    0x00002f1c   0x00000108   Code   RO         2730    i.SPI_Read          spi.o
    0x00003024   0x00000030   Code   RO         2731    i.SPI_Release       spi.o
    0x00003054   0x00000104   Code   RO         2732    i.SPI_Write         spi.o
    0x00003158   0x00000044   Code   RO         2833    i.SX1280_GPIO_IRQ_Register  gpio.o
    0x0000319c   0x000000f8   Code   RO         2834    i.SX1280_GPIO_Ioctl  gpio.o
    0x00003294   0x0000001c   Code   RO         2835    i.SX1280_GPIO_Lseek  gpio.o
    0x000032b0   0x00000030   Code   RO         2836    i.SX1280_GPIO_Open  gpio.o
    0x000032e0   0x00000080   Code   RO         2837    i.SX1280_GPIO_Read  gpio.o
    0x00003360   0x00000030   Code   RO         2838    i.SX1280_GPIO_Release  gpio.o
    0x00003390   0x00000064   Code   RO         2839    i.SX1280_GPIO_Write  gpio.o
    0x000033f4   0x000000b0   Code   RO         2544    i.USART_Ioctl       uart.o
    0x000034a4   0x00000030   Code   RO         2545    i.USART_Open        uart.o
    0x000034d4   0x00000058   Code   RO         2546    i.USART_Read        uart.o
    0x0000352c   0x00000030   Code   RO         2547    i.USART_Release     uart.o
    0x0000355c   0x0000005c   Code   RO         2548    i.USART_Write       uart.o
    0x000035b8   0x00000008   Code   RO         1210    i._Z10get_dev_idv   rfparamconfig.o
    0x000035c0   0x00000068   Code   RO         5434    i._Z10set_ack_rxv   COT-M_SDK_RF_LIB.lib(cot_mac.o)
    0x00003628   0x0000002c   Code   RO         5435    i._Z11OnRxTimeoutv  COT-M_SDK_RF_LIB.lib(cot_mac.o)
    0x00003654   0x0000002c   Code   RO         5436    i._Z11OnTxTimeoutv  COT-M_SDK_RF_LIB.lib(cot_mac.o)
    0x00003680   0x0000001a   Code   RO         5437    i._Z11ReadDataOtpPhjj  COT-M_SDK_RF_LIB.lib(cot_mac.o)
    0x0000369a   0x00000002   PAD
    0x0000369c   0x00000098   Code   RO         5438    i._Z11verify_signv  COT-M_SDK_RF_LIB.lib(cot_mac.o)
    0x00003734   0x000004e0   Code   RO         5823    i._Z13CheckDistanceP18ModulationParams_t  COT-M_SDK_RANGING_LIB.lib(cot_ranging.o)
    0x00003c14   0x00000042   Code   RO         1213    i._Z13DataFlashInitP12ConfigData_t  rfparamconfig.o
    0x00003c56   0x00000002   PAD
    0x00003c58   0x00000078   Code   RO         5439    i._Z13OnRangingDone16IrqRangingCode_t  COT-M_SDK_RF_LIB.lib(cot_mac.o)
    0x00003cd0   0x0000002c   Code   RO         5440    i._Z14phy_layer_inith  COT-M_SDK_RF_LIB.lib(cot_mac.o)
    0x00003cfc   0x00000010   Code   RO         5441    i._Z14sx1280_dio_isrv  COT-M_SDK_RF_LIB.lib(cot_mac.o)
    0x00003d0c   0x00000748   Code   RO         5442    i._Z15get_time_on_airh18ModulationParams_t14PacketParams_t  COT-M_SDK_RF_LIB.lib(cot_mac.o)
    0x00004454   0x000000cc   Code   RO         5443    i._Z15init_parametersP18PHYParamSettings_t  COT-M_SDK_RF_LIB.lib(cot_mac.o)
    0x00004520   0x0000001c   Code   RO         5444    i._Z15phy_get_payloadPhS_h  COT-M_SDK_RF_LIB.lib(cot_mac.o)
    0x0000453c   0x0000001e   Code   RO         1215    i._Z16LoRaMAC_BKDRHashPh  rfparamconfig.o
    0x0000455a   0x00000002   PAD
    0x0000455c   0x00000020   Code   RO         5445    i._Z16phy_send_payloadPhh10TickTime_s  COT-M_SDK_RF_LIB.lib(cot_mac.o)
    0x0000457c   0x00000010   Code   RO         5446    i._Z16phy_set_radio_rx10TickTime_s  COT-M_SDK_RF_LIB.lib(cot_mac.o)
    0x0000458c   0x00000010   Code   RO         5447    i._Z16phy_set_radio_tx10TickTime_s  COT-M_SDK_RF_LIB.lib(cot_mac.o)
    0x0000459c   0x000000cc   Code   RO         5448    i._Z16send_mac_ack_msgj  COT-M_SDK_RF_LIB.lib(cot_mac.o)
    0x00004668   0x000002d0   Code   RO         5449    i._Z18ParametersSettingsP18PHYParamSettings_t  COT-M_SDK_RF_LIB.lib(cot_mac.o)
    0x00004938   0x00000040   Code   RO         5450    i._Z18send_app_event_cmdh  COT-M_SDK_RF_LIB.lib(cot_mac.o)
    0x00004978   0x00000044   Code   RO         5451    i._Z18set_workparametersv  COT-M_SDK_RF_LIB.lib(cot_mac.o)
    0x000049bc   0x000001ee   Code   RO         1216    i._Z19sample_rf_param_get12ConfigData_tP18PHYParamSettings_t  rfparamconfig.o
    0x00004baa   0x00000002   PAD
    0x00004bac   0x0000000c   Code   RO         6784    i._Z19set_rssi_water_leves  COT-M_SDK_RF_LIB.lib(cot_mac_protocol_parse.o)
    0x00004bb8   0x00000014   Code   RO         5452    i._Z20phy_set_rf_frequencyj  COT-M_SDK_RF_LIB.lib(cot_mac.o)
    0x00004bcc   0x0000005c   Code   RO         1217    i._Z21DataFlashDataCheckSumPh  rfparamconfig.o
    0x00004c28   0x00000212   Code   RO         1218    i._Z21DataFlashLoadSettingsPhP12ConfigData_t  rfparamconfig.o
    0x00004e3a   0x000002bc   Code   RO         1219    i._Z21DataFlashSaveSettingsPhP12ConfigData_tb21RF_RadioPacketTypes_t  rfparamconfig.o
    0x000050f6   0x00000002   PAD
    0x000050f8   0x00000028   Code   RO         1220    i._Z21LoRaMAC_IDHashProgramv  rfparamconfig.o
    0x00005120   0x000000b8   Code   RO          388    i._Z21cot_sample_msg_handleP13cot_mac_msg_t  sample_multiple_anchor_app.o
    0x000051d8   0x0000000c   Code   RO         5453    i._Z21get_mac_layer_task_idv  COT-M_SDK_RF_LIB.lib(cot_mac.o)
    0x000051e4   0x0000005c   Code   RO          389    i._Z21master_broadcast_datav  sample_multiple_anchor_app.o
    0x00005240   0x0000007c   Code   RO          390    i._Z21master_handshake_datah  sample_multiple_anchor_app.o
    0x000052bc   0x00000014   Code   RO         5454    i._Z21phy_get_packet_statusP14PacketStatus_t  COT-M_SDK_RF_LIB.lib(cot_mac.o)
    0x000052d0   0x0000001c   Code   RO         5455    i._Z21phy_set_dio_irq_paramtt  COT-M_SDK_RF_LIB.lib(cot_mac.o)
    0x000052ec   0x00000010   Code   RO         5456    i._Z21phy_set_radio_standbyv  COT-M_SDK_RF_LIB.lib(cot_mac.o)
    0x000052fc   0x00000018   Code   RO         1221    i._Z22DataFlashMcuReadBuffertPht  rfparamconfig.o
    0x00005314   0x00000014   Code   RO         5457    i._Z22phy_get_ranging_result25RadioRangingResultTypes_t  COT-M_SDK_RF_LIB.lib(cot_mac.o)
    0x00005328   0x00000058   Code   RO         1222    i._Z23DataFlashMcuWriteBuffertPht  rfparamconfig.o
    0x00005380   0x00000058   Code   RO         5458    i._Z23cot_phy_SetPacketParamshP14PacketParams_t  COT-M_SDK_RF_LIB.lib(cot_mac.o)
    0x000053d8   0x00000038   Code   RO         5459    i._Z23get_radio_channel_powerv  COT-M_SDK_RF_LIB.lib(cot_mac.o)
    0x00005410   0x00000010   Code   RO         5460    i._Z23phy_get_frequency_errorv  COT-M_SDK_RF_LIB.lib(cot_mac.o)
    0x00005420   0x00000038   Code   RO         5461    i._Z24send_mac_paylod_to_radioPhjP14PacketParams_tt10TickTime_s  COT-M_SDK_RF_LIB.lib(cot_mac.o)
    0x00005458   0x00000010   Code   RO         5462    i._Z24set_ModulationParametersP18PHYParamSettings_t  COT-M_SDK_RF_LIB.lib(cot_mac.o)
    0x00005468   0x0000009c   Code   RO         5463    i._Z25send_mac_msg_to_app_layerP17cot_phy_payload_tt  COT-M_SDK_RF_LIB.lib(cot_mac.o)
    0x00005504   0x00000180   Code   RO         6785    i._Z25send_pkg_by_backoffPeriodPhjP18ModulationParams_tP14PacketParams_tt10TickTime_s  COT-M_SDK_RF_LIB.lib(cot_mac_protocol_parse.o)
    0x00005684   0x00000494   Code   RO         5464    i._Z26cot_mac_layer_processeventht  COT-M_SDK_RF_LIB.lib(cot_mac.o)
    0x00005b18   0x00000080   Code   RO         6786    i._Z26get_symbols_of_ack_in_lr2427RadioLoRaSpreadingFactors_t21RadioLoRaBandwidths_t  COT-M_SDK_RF_LIB.lib(cot_mac_protocol_parse.o)
    0x00005b98   0x00000158   Code   RO         1223    i._Z27DataFlashSetDefaultSettingsPhP12ConfigData_t  rfparamconfig.o
    0x00005cf0   0x0000007c   Code   RO          391    i._Z27phy_button_process_osal_msgP18mt_osal_msg_data_t  sample_multiple_anchor_app.o
    0x00005d6c   0x00000170   Code   RO         1224    i._Z28DataFlashLoadGeneralSettingsPhP12ConfigData_t  rfparamconfig.o
    0x00005edc   0x0000008a   Code   RO         6788    i._Z30get_unit_backoff_period_in_fsk22RadioGfskBleBitrates_tPi  COT-M_SDK_RF_LIB.lib(cot_mac_protocol_parse.o)
    0x00005f66   0x00000050   Code   RO         6789    i._Z31get_unit_backoff_period_in_flrc19RadioFlrcBitrates_tPi  COT-M_SDK_RF_LIB.lib(cot_mac_protocol_parse.o)
    0x00005fb6   0x0000008a   Code   RO         6790    i._Z31get_unit_backoff_period_in_lr2427RadioLoRaSpreadingFactors_t21RadioLoRaBandwidths_tPiS1_  COT-M_SDK_RF_LIB.lib(cot_mac_protocol_parse.o)
    0x00006040   0x00000274   Code   RO         5465    i._Z32cot_mac_layer_system_msg_processP13cot_mac_msg_t  COT-M_SDK_RF_LIB.lib(cot_mac.o)
    0x000062b4   0x0000005c   Code   RO          392    i._Z32mac_layer_system_message_processP13cot_mac_msg_t  sample_multiple_anchor_app.o
    0x00006310   0x0000005e   Code   RO         6791    i._Z37cot_mac_msg_format_to_cot_phy_payloadPhtjjhP17cot_phy_payload_tPj  COT-M_SDK_RF_LIB.lib(cot_mac_protocol_parse.o)
    0x0000636e   0x00000002   PAD
    0x00006370   0x0000002c   Code   RO         5466    i._Z39phy_set_modulation_and_packettype_paramP18ModulationParams_tP14PacketParams_t  COT-M_SDK_RF_LIB.lib(cot_mac.o)
    0x0000639c   0x00000014   Code   RO         6792    i._Z40cot_mac_protocol_parse_callback_registerPFavEPFvPhjP14PacketParams_tt10TickTime_sE  COT-M_SDK_RF_LIB.lib(cot_mac_protocol_parse.o)
    0x000063b0   0x000000d0   Code   RO         6793    i._Z40cot_phy_payload_format_to_radio_ram_dataP17cot_phy_payload_ttPhPj  COT-M_SDK_RF_LIB.lib(cot_mac_protocol_parse.o)
    0x00006480   0x000000c0   Code   RO         6794    i._Z40radio_ram_data_format_to_cot_phy_payloadPhjP17cot_phy_payload_tPt  COT-M_SDK_RF_LIB.lib(cot_mac_protocol_parse.o)
    0x00006540   0x00000044   Code   RO         5467    i._Z58phy_set_ranging_slave_mode_modulation_and_packettype_paramP18ModulationParams_tP14PacketParams_t  COT-M_SDK_RF_LIB.lib(cot_mac.o)
    0x00006584   0x00000044   Code   RO         5468    i._Z59phy_set_ranging_master_mode_modulation_and_packettype_paramP18ModulationParams_tP14PacketParams_t  COT-M_SDK_RF_LIB.lib(cot_mac.o)
    0x000065c8   0x0000002c   Code   RO         5469    i._Z8OnRxDonev      COT-M_SDK_RF_LIB.lib(cot_mac.o)
    0x000065f4   0x0000002c   Code   RO         5470    i._Z8OnTxDonev      COT-M_SDK_RF_LIB.lib(cot_mac.o)
    0x00006620   0x0000002c   Code   RO         5471    i._Z9OnRxError14IrqErrorCode_t  COT-M_SDK_RF_LIB.lib(cot_mac.o)
    0x0000664c   0x0000002c   Code   RO         5472    i._Z9SetRcModev     COT-M_SDK_RF_LIB.lib(cot_mac.o)
    0x00006678   0x00000038   Code   RO         6099    i._ZN6SX128010GetPayloadEPhS0_h  COT-M_SDK_RF_LIB.lib(sx1280.o)
    0x000066b0   0x0000006c   Code   RO         6100    i._ZN6SX128010SetCrcSeedEPh  COT-M_SDK_RF_LIB.lib(sx1280.o)
    0x0000671c   0x00000020   Code   RO         6101    i._ZN6SX128010SetPayloadEPhhh  COT-M_SDK_RF_LIB.lib(sx1280.o)
    0x0000673c   0x00000028   Code   RO         6102    i._ZN6SX128010SetStandbyE19RadioStandbyModes_t  COT-M_SDK_RF_LIB.lib(sx1280.o)
    0x00006764   0x00000026   Code   RO         6103    i._ZN6SX128011GetRssiInstEv  COT-M_SDK_RF_LIB.lib(sx1280.o)
    0x0000678a   0x00000298   Code   RO         6104    i._ZN6SX128011ProcessIrqsEv  COT-M_SDK_RF_LIB.lib(sx1280.o)
    0x00006a22   0x00000024   Code   RO         6105    i._ZN6SX128011SendPayloadEPhh10TickTime_sh  COT-M_SDK_RF_LIB.lib(sx1280.o)
    0x00006a46   0x000000ac   Code   RO         6106    i._ZN6SX128011SetSyncWordEhPh  COT-M_SDK_RF_LIB.lib(sx1280.o)
    0x00006af2   0x00000026   Code   RO         6107    i._ZN6SX128011SetTxParamsEa16RadioRampTimes_t  COT-M_SDK_RF_LIB.lib(sx1280.o)
    0x00006b18   0x0000001a   Code   RO         6108    i._ZN6SX128011complement2Ejh  COT-M_SDK_RF_LIB.lib(sx1280.o)
    0x00006b32   0x00000020   Code   RO         6109    i._ZN6SX128012GetIrqStatusEv  COT-M_SDK_RF_LIB.lib(sx1280.o)
    0x00006b52   0x0000003c   Code   RO         6113    i._ZN6SX128013GetPacketTypeEb  COT-M_SDK_RF_LIB.lib(sx1280.o)
    0x00006b8e   0x0000001c   Code   RO         6114    i._ZN6SX128013SetPacketTypeE18RadioPacketTypes_t  COT-M_SDK_RF_LIB.lib(sx1280.o)
    0x00006baa   0x00000022   Code   RO         6115    i._ZN6SX128014ClearIrqStatusEt  COT-M_SDK_RF_LIB.lib(sx1280.o)
    0x00006bcc   0x00000018   Code   RO         6117    i._ZN6SX128014SetRangingRoleE19RadioRangingRoles_t  COT-M_SDK_RF_LIB.lib(sx1280.o)
    0x00006be4   0x00000094   Code   RO         6118    i._ZN6SX128014SetRfFrequencyEj  COT-M_SDK_RF_LIB.lib(sx1280.o)
    0x00006c78   0x00000014   Code   RO         6120    i._ZN6SX128014SetSaveContextEv  COT-M_SDK_RF_LIB.lib(sx1280.o)
    0x00006c8c   0x0000025e   Code   RO         6121    i._ZN6SX128015GetPacketStatusEP14PacketStatus_t  COT-M_SDK_RF_LIB.lib(sx1280.o)
    0x00006eea   0x00000058   Code   RO         6122    i._ZN6SX128015SetDioIrqParamsEtttt  COT-M_SDK_RF_LIB.lib(sx1280.o)
    0x00006f42   0x00000114   Code   RO         6124    i._ZN6SX128015SetPacketParamsEP14PacketParams_t  COT-M_SDK_RF_LIB.lib(sx1280.o)
    0x00007056   0x00000002   PAD
    0x00007058   0x00000040   Code   RO         6126    i._ZN6SX128016GetLoRaBandwidthEv  COT-M_SDK_RF_LIB.lib(sx1280.o)
    0x00007098   0x00000174   Code   RO         6127    i._ZN6SX128016GetRangingResultE25RadioRangingResultTypes_t  COT-M_SDK_RF_LIB.lib(sx1280.o)
    0x0000720c   0x0000003c   Code   RO         6128    i._ZN6SX128016SetCrcPolynomialEt  COT-M_SDK_RF_LIB.lib(sx1280.o)
    0x00007248   0x00000014   Code   RO         6130    i._ZN6SX128016SetRegulatorModeE21RadioRegulatorModes_t  COT-M_SDK_RF_LIB.lib(sx1280.o)
    0x0000725c   0x0000012c   Code   RO         6132    i._ZN6SX128017GetFrequencyErrorEv  COT-M_SDK_RF_LIB.lib(sx1280.o)
    0x00007388   0x00000054   Code   RO         6133    i._ZN6SX128017GetRxBufferStatusEPhS0_  COT-M_SDK_RF_LIB.lib(sx1280.o)
    0x000073dc   0x000000b2   Code   RO         6137    i._ZN6SX128019SetModulationParamsEP18ModulationParams_t  COT-M_SDK_RF_LIB.lib(sx1280.o)
    0x0000748e   0x00000036   Code   RO         6140    i._ZN6SX128021SetRangingCalibrationEt  COT-M_SDK_RF_LIB.lib(sx1280.o)
    0x000074c4   0x00000020   Code   RO         6141    i._ZN6SX128022SetBufferBaseAddressesEhh  COT-M_SDK_RF_LIB.lib(sx1280.o)
    0x000074e4   0x00000042   Code   RO         6142    i._ZN6SX128023SetDeviceRangingAddressEj  COT-M_SDK_RF_LIB.lib(sx1280.o)
    0x00007526   0x00000042   Code   RO         6145    i._ZN6SX128024SetRangingRequestAddressEj  COT-M_SDK_RF_LIB.lib(sx1280.o)
    0x00007568   0x00000022   Code   RO         6148    i._ZN6SX12804InitEv  COT-M_SDK_RF_LIB.lib(sx1280.o)
    0x0000758a   0x00000056   Code   RO         6150    i._ZN6SX12805SetRxE10TickTime_s  COT-M_SDK_RF_LIB.lib(sx1280.o)
    0x000075e0   0x00000056   Code   RO         6151    i._ZN6SX12805SetTxE10TickTime_s  COT-M_SDK_RF_LIB.lib(sx1280.o)
    0x00007636   0x0000001a   Code   RO         6153    i._ZN6SX12808OnDioIrqEv  COT-M_SDK_RF_LIB.lib(sx1280.o)
    0x00007650   0x00000048   Code   RO         6154    i._ZN6SX12808SetSleepE13SleepParams_t  COT-M_SDK_RF_LIB.lib(sx1280.o)
    0x00007698   0x0000005c   Code   RO         6721    i._ZN6SX1280C2EP16RadioCallbacks_t  COT-M_SDK_RF_LIB.lib(sx1280-hal.o)
    0x000076f4   0x00000066   Code   RO         6560    i._ZN9SX1280Hal10ReadBufferEhPhh  COT-M_SDK_RF_LIB.lib(sx1280-hal.o)
    0x0000775a   0x00000032   Code   RO         6561    i._ZN9SX1280Hal10WaitOnBusyEv  COT-M_SDK_RF_LIB.lib(sx1280-hal.o)
    0x0000778c   0x00000060   Code   RO         6562    i._ZN9SX1280Hal11ReadCommandE15RadioCommands_uPht  COT-M_SDK_RF_LIB.lib(sx1280-hal.o)
    0x000077ec   0x0000005c   Code   RO         6564    i._ZN9SX1280Hal11WriteBufferEhPhh  COT-M_SDK_RF_LIB.lib(sx1280-hal.o)
    0x00007848   0x0000001a   Code   RO         6567    i._ZN9SX1280Hal12ReadRegisterEt  COT-M_SDK_RF_LIB.lib(sx1280-hal.o)
    0x00007862   0x00000076   Code   RO         6568    i._ZN9SX1280Hal12ReadRegisterEtPht  COT-M_SDK_RF_LIB.lib(sx1280-hal.o)
    0x000078d8   0x00000010   Code   RO         6569    i._ZN9SX1280Hal12SetDirEnableEv  COT-M_SDK_RF_LIB.lib(sx1280-hal.o)
    0x000078e8   0x00000052   Code   RO         6570    i._ZN9SX1280Hal12WriteCommandE15RadioCommands_uPht  COT-M_SDK_RF_LIB.lib(sx1280-hal.o)
    0x0000793a   0x00000010   Code   RO         6571    i._ZN9SX1280Hal13SetDirDisableEv  COT-M_SDK_RF_LIB.lib(sx1280-hal.o)
    0x0000794a   0x0000006c   Code   RO         6572    i._ZN9SX1280Hal13WriteRegisterEtPht  COT-M_SDK_RF_LIB.lib(sx1280-hal.o)
    0x000079b6   0x00000016   Code   RO         6573    i._ZN9SX1280Hal13WriteRegisterEth  COT-M_SDK_RF_LIB.lib(sx1280-hal.o)
    0x000079cc   0x0000005a   Code   RO         6575    i._ZN9SX1280Hal5ResetEv  COT-M_SDK_RF_LIB.lib(sx1280-hal.o)
    0x00007a26   0x0000004c   Code   RO         6576    i._ZN9SX1280Hal6WakeupEv  COT-M_SDK_RF_LIB.lib(sx1280-hal.o)
    0x00007a72   0x00000002   PAD
    0x00007a74   0x00000068   Code   RO         6577    i._ZN9SX1280Hal7HalInitEv  COT-M_SDK_RF_LIB.lib(sx1280-hal.o)
    0x00007adc   0x00000028   Code   RO         6578    i._ZN9SX1280Hal7HalWakeEv  COT-M_SDK_RF_LIB.lib(sx1280-hal.o)
    0x00007b04   0x00000028   Code   RO         6580    i._ZN9SX1280Hal8HalSleepEv  COT-M_SDK_RF_LIB.lib(sx1280-hal.o)
    0x00007b2c   0x00000002   Code   RO         6582    i._ZN9SX1280Hal9IoIrqInitEM6SX1280FvvE  COT-M_SDK_RF_LIB.lib(sx1280-hal.o)
    0x00007b2e   0x00000002   PAD
    0x00007b30   0x0000001c   Code   RO         6583    i._ZN9SX1280HalC1EP16RadioCallbacks_t  COT-M_SDK_RF_LIB.lib(sx1280-hal.o)
    0x00007b4c   0x0000000e   Code   RO         6585    i._ZN9SX1280HalD1Ev  COT-M_SDK_RF_LIB.lib(sx1280-hal.o)
    0x00007b5a   0x00000034   Code   RO         5878    i._ZSt3powdi        COT-M_SDK_RANGING_LIB.lib(cot_ranging.o)
    0x00007b8e   0x00000018   Code   RO         5712    i._ZSt4ceilf        COT-M_SDK_RF_LIB.lib(cot_mac.o)
    0x00007ba6   0x00000030   Code   RO         7644    i.__ARM_fpclassify  m_wm.l(fpclassify.o)
    0x00007bd6   0x00000032   Code   RO         7348    i.__aeabi_atexit    cpprt_w.l(aeabi_atexit.o)
    0x00007c08   0x00000042   Code   RO         7599    i.__cxa_finalize    cpprt_w.l(cxa_finalize.o)
    0x00007c4a   0x00000006   Code   RO         7239    i.__cxa_pure_virtual  cpprt_w.l(pure_virt.o)
    0x00007c50   0x00000118   Code   RO         7385    i.__hardfp_ceil     m_wm.l(ceil.o)
    0x00007d68   0x0000006c   Code   RO         7391    i.__hardfp_ceilf    m_wm.l(ceilf.o)
    0x00007dd4   0x00000004   PAD
    0x00007dd8   0x00000118   Code   RO         7417    i.__hardfp_floor    m_wm.l(floor.o)
    0x00007ef0   0x00000c38   Code   RO         7423    i.__hardfp_pow      m_wm.l(pow.o)
    0x00008b28   0x000000f8   Code   RO         7646    i.__kernel_poly     m_wm.l(poly.o)
    0x00008c20   0x00000030   Code   RO         7630    i.__mathlib_dbl_divzero  m_wm.l(dunder.o)
    0x00008c50   0x00000014   Code   RO         7632    i.__mathlib_dbl_infnan2  m_wm.l(dunder.o)
    0x00008c64   0x00000004   PAD
    0x00008c68   0x00000020   Code   RO         7633    i.__mathlib_dbl_invalid  m_wm.l(dunder.o)
    0x00008c88   0x00000020   Code   RO         7634    i.__mathlib_dbl_overflow  m_wm.l(dunder.o)
    0x00008ca8   0x00000020   Code   RO         7636    i.__mathlib_dbl_underflow  m_wm.l(dunder.o)
    0x00008cc8   0x00000028   Code   RO         5473    i.__sti___11_cot_mac_cpp_be55acdf  COT-M_SDK_RF_LIB.lib(cot_mac.o)
    0x00008cf0   0x00000042   Code   RO         6057    i._byteswap64       algorithm lib.lib(sha256.o)
    0x00008d32   0x0000000e   Code   RO         7189    i._is_digit         c_w.l(__printf_wp.o)
    0x00008d40   0x000000a0   Code   RO         3191    i.adc_disable       adc.o
    0x00008de0   0x000000b8   Code   RO         3192    i.adc_enable        adc.o
    0x00008e98   0x00000064   Code   RO         3194    i.am_adc_isr        adc.o
    0x00008efc   0x00000026   Code   RO         3445    i.am_bsp_low_power_init  am_bsp.o
    0x00008f22   0x0000000a   Code   RO         3112    i.am_clkgen_isr     rtc.o
    0x00008f2c   0x0000000e   Code   RO         2491    i.am_ctimer_isr     hal_timers.o
    0x00008f3a   0x000000e0   Code   RO         2840    i.am_gpio_isr       gpio.o
    0x0000901a   0x00000002   PAD
    0x0000901c   0x00000090   Code   RO         3487    i.am_hal_adc_config  am_hal_adc.o
    0x000090ac   0x00000014   Code   RO         3488    i.am_hal_adc_disable  am_hal_adc.o
    0x000090c0   0x00000014   Code   RO         3489    i.am_hal_adc_enable  am_hal_adc.o
    0x000090d4   0x00000034   Code   RO         3490    i.am_hal_adc_fifo_read  am_hal_adc.o
    0x00009108   0x00000018   Code   RO         3493    i.am_hal_adc_int_enable  am_hal_adc.o
    0x00009120   0x00000014   Code   RO         3497    i.am_hal_adc_slot_config  am_hal_adc.o
    0x00009134   0x0000000c   Code   RO         3499    i.am_hal_adc_trigger  am_hal_adc.o
    0x00009140   0x00000010   Code   RO         3605    i.am_hal_clkgen_osc_start  am_hal_clkgen.o
    0x00009150   0x00000010   Code   RO         3606    i.am_hal_clkgen_osc_stop  am_hal_clkgen.o
    0x00009160   0x00000060   Code   RO         3607    i.am_hal_clkgen_sysclk_get  am_hal_clkgen.o
    0x000091c0   0x00000012   Code   RO         3608    i.am_hal_clkgen_sysclk_select  am_hal_clkgen.o
    0x000091d2   0x00000002   PAD
    0x000091d4   0x00000018   Code   RO         3694    i.am_hal_ctimer_clear  am_hal_ctimer.o
    0x000091ec   0x00000028   Code   RO         3696    i.am_hal_ctimer_config  am_hal_ctimer.o
    0x00009214   0x0000000c   Code   RO         3698    i.am_hal_ctimer_int_clear  am_hal_ctimer.o
    0x00009220   0x00000018   Code   RO         3699    i.am_hal_ctimer_int_disable  am_hal_ctimer.o
    0x00009238   0x00000018   Code   RO         3700    i.am_hal_ctimer_int_enable  am_hal_ctimer.o
    0x00009250   0x00000094   Code   RO         3706    i.am_hal_ctimer_period_set  am_hal_ctimer.o
    0x000092e4   0x00000020   Code   RO         3711    i.am_hal_ctimer_start  am_hal_ctimer.o
    0x00009304   0x00000018   Code   RO         3712    i.am_hal_ctimer_stop  am_hal_ctimer.o
    0x0000931c   0x00000004   Code   RO         3831    i.am_hal_debug_error  am_hal_debug.o
    0x00009320   0x00000018   Code   RO         3845    i.am_hal_flash_load_ui32  am_hal_flash.o
    0x00009338   0x0000001c   Code   RO         3848    i.am_hal_flash_page_erase  am_hal_flash.o
    0x00009354   0x00000024   Code   RO         3849    i.am_hal_flash_program_main  am_hal_flash.o
    0x00009378   0x00000014   Code   RO         3926    i.am_hal_gpio_int_clear  am_hal_gpio.o
    0x0000938c   0x00000024   Code   RO         3927    i.am_hal_gpio_int_disable  am_hal_gpio.o
    0x000093b0   0x00000024   Code   RO         3928    i.am_hal_gpio_int_enable  am_hal_gpio.o
    0x000093d4   0x00000064   Code   RO         3931    i.am_hal_gpio_int_register  am_hal_gpio.o
    0x00009438   0x00000054   Code   RO         3932    i.am_hal_gpio_int_service  am_hal_gpio.o
    0x0000948c   0x0000004c   Code   RO         3934    i.am_hal_gpio_int_status_get  am_hal_gpio.o
    0x000094d8   0x0000005c   Code   RO         4060    i.am_hal_interrupt_disable  am_hal_interrupt.o
    0x00009534   0x0000005c   Code   RO         4061    i.am_hal_interrupt_enable  am_hal_interrupt.o
    0x00009590   0x00000160   Code   RO         4100    i.am_hal_iom_config  am_hal_iom.o
    0x000096f0   0x00000090   Code   RO         4101    i.am_hal_iom_disable  am_hal_iom.o
    0x00009780   0x00000090   Code   RO         4102    i.am_hal_iom_enable  am_hal_iom.o
    0x00009810   0x0000002c   Code   RO         4104    i.am_hal_iom_fifo_empty_slots  am_hal_iom.o
    0x0000983c   0x00000024   Code   RO         4105    i.am_hal_iom_fifo_full_slots  am_hal_iom.o
    0x00009860   0x000000dc   Code   RO         4106    i.am_hal_iom_fifo_read  am_hal_iom.o
    0x0000993c   0x000000a8   Code   RO         4107    i.am_hal_iom_fifo_write  am_hal_iom.o
    0x000099e4   0x00000018   Code   RO         4122    i.am_hal_iom_poll_complete  am_hal_iom.o
    0x000099fc   0x000000ec   Code   RO         4128    i.am_hal_iom_queue_spi_read  am_hal_iom.o
    0x00009ae8   0x000000ec   Code   RO         4129    i.am_hal_iom_queue_spi_write  am_hal_iom.o
    0x00009bd4   0x00000048   Code   RO         4131    i.am_hal_iom_sleeping_queue_flush  am_hal_iom.o
    0x00009c1c   0x0000008c   Code   RO         4132    i.am_hal_iom_spi_cmd_run  am_hal_iom.o
    0x00009ca8   0x00000114   Code   RO         4133    i.am_hal_iom_spi_read  am_hal_iom.o
    0x00009dbc   0x00000158   Code   RO         4134    i.am_hal_iom_spi_read_nb  am_hal_iom.o
    0x00009f14   0x000001bc   Code   RO         4135    i.am_hal_iom_spi_read_nq  am_hal_iom.o
    0x0000a0d0   0x000000ec   Code   RO         4136    i.am_hal_iom_spi_write  am_hal_iom.o
    0x0000a1bc   0x0000016c   Code   RO         4137    i.am_hal_iom_spi_write_nb  am_hal_iom.o
    0x0000a328   0x000001bc   Code   RO         4138    i.am_hal_iom_spi_write_nq  am_hal_iom.o
    0x0000a4e4   0x00000010   Code   RO         4668    i.am_hal_mcuctrl_bandgap_disable  am_hal_mcuctrl.o
    0x0000a4f4   0x0000000c   Code   RO         4669    i.am_hal_mcuctrl_bandgap_enable  am_hal_mcuctrl.o
    0x0000a500   0x00000038   Code   RO         4671    i.am_hal_mcuctrl_bucks_enable  am_hal_mcuctrl.o
    0x0000a538   0x000000e4   Code   RO         4672    i.am_hal_mcuctrl_device_info_get  am_hal_mcuctrl.o
    0x0000a61c   0x00000040   Code   RO         4675    i.am_hal_mcuctrl_fault_status  am_hal_mcuctrl.o
    0x0000a65c   0x00000066   Code   RO         4777    i.am_hal_queue_item_add  am_hal_queue.o
    0x0000a6c2   0x00000002   PAD
    0x0000a6c4   0x0000000c   Code   RO         4839    i.am_hal_rtc_int_clear  am_hal_rtc.o
    0x0000a6d0   0x00000012   Code   RO         4845    i.am_hal_rtc_osc_disable  am_hal_rtc.o
    0x0000a6e2   0x00000026   Code   RO         4847    i.am_hal_rtc_osc_select  am_hal_rtc.o
    0x0000a708   0x00000040   Code   RO         4947    i.am_hal_sysctrl_sleep  am_hal_sysctrl.o
    0x0000a748   0x00000012   Code   RO         4993    i.am_hal_systick_int_enable  am_hal_systick.o
    0x0000a75a   0x00000008   Code   RO         4995    i.am_hal_systick_load  am_hal_systick.o
    0x0000a762   0x00000012   Code   RO         4997    i.am_hal_systick_start  am_hal_systick.o
    0x0000a774   0x00000012   Code   RO         4998    i.am_hal_systick_stop  am_hal_systick.o
    0x0000a786   0x00000002   PAD
    0x0000a788   0x00000034   Code   RO         5122    i.am_hal_uart_char_receive_buffered  am_hal_uart.o
    0x0000a7bc   0x00000034   Code   RO         5124    i.am_hal_uart_char_transmit_buffered  am_hal_uart.o
    0x0000a7f0   0x00000024   Code   RO         5126    i.am_hal_uart_clock_disable  am_hal_uart.o
    0x0000a814   0x0000002c   Code   RO         5127    i.am_hal_uart_clock_enable  am_hal_uart.o
    0x0000a840   0x00000058   Code   RO         5128    i.am_hal_uart_config  am_hal_uart.o
    0x0000a898   0x00000014   Code   RO         5129    i.am_hal_uart_disable  am_hal_uart.o
    0x0000a8ac   0x00000014   Code   RO         5130    i.am_hal_uart_enable  am_hal_uart.o
    0x0000a8c0   0x00000018   Code   RO         5131    i.am_hal_uart_fifo_config  am_hal_uart.o
    0x0000a8d8   0x0000000c   Code   RO         5132    i.am_hal_uart_flags_get  am_hal_uart.o
    0x0000a8e4   0x00000040   Code   RO         5134    i.am_hal_uart_init_buffered  am_hal_uart.o
    0x0000a924   0x0000000c   Code   RO         5135    i.am_hal_uart_int_clear  am_hal_uart.o
    0x0000a930   0x00000010   Code   RO         5137    i.am_hal_uart_int_enable  am_hal_uart.o
    0x0000a940   0x00000014   Code   RO         5139    i.am_hal_uart_int_status_get  am_hal_uart.o
    0x0000a954   0x0000000a   Code   RO         5141    i.am_hal_uart_ring_buffer_space_left  am_hal_uart.o
    0x0000a95e   0x00000002   PAD
    0x0000a960   0x0000006c   Code   RO         5142    i.am_hal_uart_service_buffered  am_hal_uart.o
    0x0000a9cc   0x0000000c   Code   RO         5296    i.am_hal_vcomp_disable  am_hal_vcomp.o
    0x0000a9d8   0x0000002c   Code   RO         5000    i.am_systick_isr    am_hal_systick.o
    0x0000aa04   0x0000001e   Code   RO         2549    i.am_uart_isr       uart.o
    0x0000aa22   0x0000001c   Code   RO         1972    i.am_util_delay_ms  am_util_delay.o
    0x0000aa3e   0x00000002   PAD
    0x0000aa40   0x00000020   Code   RO         1973    i.am_util_delay_us  am_util_delay.o
    0x0000aa60   0x000004e4   Code   RO         2006    i.am_util_faultisr_collect_data  am_util_faultisr.o
    0x0000af44   0x00000030   Code   RO         2190    i.am_util_stdio_printf  am_util_stdio.o
    0x0000af74   0x0000000c   Code   RO         2191    i.am_util_stdio_printf_init  am_util_stdio.o
    0x0000af80   0x000003b4   Code   RO         2196    i.am_util_stdio_vsprintf  am_util_stdio.o
    0x0000b334   0x0000011c   Code   RO          636    i.base64Decode      base64.o
    0x0000b450   0x000000f8   Code   RO          637    i.base64Encode      base64.o
    0x0000b548   0x0000001c   Code   RO          575    i.calculate_lrc     cot_mt_uart.o
    0x0000b564   0x00000018   Code   RO         5931    i.close             COT-M_SDK_VFS_LIB.lib(vfs.o)
    0x0000b57c   0x0000003c   Code   RO         5146    i.config_baudrate   am_hal_uart.o
    0x0000b5b8   0x0000004c   Code   RO         3195    i.configure_adc_slot  adc.o
    0x0000b604   0x000000c4   Code   RO         2733    i.configure_pins    spi.o
    0x0000b6c8   0x0000008c   Code   RO          712    i.cot_key1_isr      cot_mt_key.o
    0x0000b754   0x0000008c   Code   RO          713    i.cot_key2_isr      cot_mt_key.o
    0x0000b7e0   0x0000008c   Code   RO          714    i.cot_key3_isr      cot_mt_key.o
    0x0000b86c   0x0000008c   Code   RO          715    i.cot_key4_isr      cot_mt_key.o
    0x0000b8f8   0x0000008c   Code   RO          716    i.cot_key5_isr      cot_mt_key.o
    0x0000b984   0x00000138   Code   RO          811    i.cot_led_on_off    cot_mt_led.o
    0x0000babc   0x00000060   Code   RO          719    i.cot_mt_key_callback  cot_mt_key.o
    0x0000bb1c   0x00000260   Code   RO          720    i.cot_mt_key_config  cot_mt_key.o
    0x0000bd7c   0x00000150   Code   RO          721    i.cot_mt_key_init   cot_mt_key.o
    0x0000becc   0x000001cc   Code   RO          722    i.cot_mt_key_poll   cot_mt_key.o
    0x0000c098   0x0000004c   Code   RO          723    i.cot_mt_key_send_keys  cot_mt_key.o
    0x0000c0e4   0x000000d0   Code   RO          812    i.cot_mt_led_blink  cot_mt_led.o
    0x0000c1b4   0x00000024   Code   RO          816    i.cot_mt_led_init   cot_mt_led.o
    0x0000c1d8   0x00000088   Code   RO          817    i.cot_mt_led_set    cot_mt_led.o
    0x0000c260   0x0000016c   Code   RO          818    i.cot_mt_led_update  cot_mt_led.o
    0x0000c3cc   0x0000007e   Code   RO          497    i.cot_mt_process_event  cot_mt_task.o
    0x0000c44a   0x00000002   PAD
    0x0000c44c   0x0000030c   Code   RO          498    i.cot_mt_process_incoming_command  cot_mt_task.o
    0x0000c758   0x00000190   Code   RO          576    i.cot_mt_uart_data_process  cot_mt_uart.o
    0x0000c8e8   0x0000002c   Code   RO          577    i.cot_mt_uart_disable  cot_mt_uart.o
    0x0000c914   0x0000002c   Code   RO          578    i.cot_mt_uart_enable  cot_mt_uart.o
    0x0000c940   0x000000ac   Code   RO          580    i.cot_mt_uart_transport_out  cot_mt_uart.o
    0x0000c9ec   0x00000bb0   Code   RO         5828    i.cot_ranging       COT-M_SDK_RANGING_LIB.lib(cot_ranging.o)
    0x0000d59c   0x00000048   Code   RO         5829    i.cot_ranging_send_next_pkg  COT-M_SDK_RANGING_LIB.lib(cot_ranging.o)
    0x0000d5e4   0x00000042   Code   RO         2197    i.decstr_to_int     am_util_stdio.o
    0x0000d626   0x000000cc   Code   RO         2198    i.divu64_10         am_util_stdio.o
    0x0000d6f2   0x00000018   Code   RO         7413    i.fabs              m_wm.l(fabs.o)
    0x0000d70a   0x00000002   PAD
    0x0000d70c   0x00000154   Code   RO         2199    i.ftoa              am_util_stdio.o
    0x0000d860   0x0000000c   Code   RO          724    i.get_cot_mt_key_int_enadble_status  cot_mt_key.o
    0x0000d86c   0x0000000c   Code   RO          499    i.get_mt_task_id    cot_mt_task.o
    0x0000d878   0x0000000c   Code   RO          393    i.get_sample_task_id  sample_multiple_anchor_app.o
    0x0000d884   0x0000002a   Code   RO         2841    i.gpio_init_module  gpio.o
    0x0000d8ae   0x00000002   PAD
    0x0000d8b0   0x0000005c   Code   RO         3263    i.hal_sleep         sleep.o
    0x0000d90c   0x00000038   Code   RO         2842    i.init_config_key1_gpio  gpio.o
    0x0000d944   0x00000038   Code   RO         2843    i.init_config_key2_gpio  gpio.o
    0x0000d97c   0x00000038   Code   RO         2844    i.init_config_key3_gpio  gpio.o
    0x0000d9b4   0x00000038   Code   RO         2845    i.init_config_key4_gpio  gpio.o
    0x0000d9ec   0x00000038   Code   RO         2846    i.init_config_key5_gpio  gpio.o
    0x0000da24   0x00000044   Code   RO         2847    i.init_config_led1_gpio  gpio.o
    0x0000da68   0x00000044   Code   RO         2848    i.init_config_led2_gpio  gpio.o
    0x0000daac   0x00000044   Code   RO         2849    i.init_config_led3_gpio  gpio.o
    0x0000daf0   0x00000014   Code   RO         2734    i.init_config_spi   spi.o
    0x0000db04   0x00000104   Code   RO         2850    i.init_config_sx1280_gpio  gpio.o
    0x0000dc08   0x0000002c   Code   RO         2550    i.init_config_usart1  uart.o
    0x0000dc34   0x00000028   Code   RO         4140    i.internal_am_hal_iom_spi_cmd_construct  am_hal_iom.o
    0x0000dc5c   0x00000032   Code   RO         5933    i.ioctl             COT-M_SDK_VFS_LIB.lib(vfs.o)
    0x0000dc8e   0x00000038   Code   RO         5934    i.irq_handler_register  COT-M_SDK_VFS_LIB.lib(vfs.o)
    0x0000dcc6   0x00000002   PAD
    0x0000dcc8   0x00000010   Code   RO          661    i.log_init_module   log.o
    0x0000dcd8   0x0000000c   Code   RO          662    i.log_printf        log.o
    0x0000dce4   0x00000044   Code   RO          664    i.log_uart_print    log.o
    0x0000dd28   0x00000030   Code   RO         5935    i.lseek             COT-M_SDK_VFS_LIB.lib(vfs.o)
    0x0000dd58   0x00000034   Code   RO           79    i.main              sample_main.o
    0x0000dd8c   0x000001a0   Code   RO         6901    i.mpi_add_abs       algorithm lib.lib(bignum.o)
    0x0000df2c   0x0000006a   Code   RO         6903    i.mpi_add_mpi       algorithm lib.lib(bignum.o)
    0x0000df96   0x0000005a   Code   RO         6904    i.mpi_cmp_abs       algorithm lib.lib(bignum.o)
    0x0000dff0   0x00000024   Code   RO         6905    i.mpi_cmp_int       algorithm lib.lib(bignum.o)
    0x0000e014   0x0000003c   Code   RO         6906    i.mpi_cmp_mpi       algorithm lib.lib(bignum.o)
    0x0000e050   0x000000ae   Code   RO         6907    i.mpi_decode        algorithm lib.lib(bignum.o)
    0x0000e0fe   0x0000065c   Code   RO         6909    i.mpi_div_mpi       algorithm lib.lib(bignum.o)
    0x0000e75a   0x00000056   Code   RO         6910    i.mpi_encode        algorithm lib.lib(bignum.o)
    0x0000e7b0   0x000004da   Code   RO         6911    i.mpi_exp_mod       algorithm lib.lib(bignum.o)
    0x0000ec8a   0x0000000e   Code   RO         6916    i.mpi_lset          algorithm lib.lib(bignum.o)
    0x0000ec98   0x0000006a   Code   RO         6918    i.mpi_mod_mpi       algorithm lib.lib(bignum.o)
    0x0000ed02   0x00000308   Code   RO         6919    i.mpi_montg_calculrr  algorithm lib.lib(bignum.o)
    0x0000f00a   0x0000003c   Code   RO         6920    i.mpi_montg_init    algorithm lib.lib(bignum.o)
    0x0000f046   0x000016d4   Code   RO         6921    i.mpi_montmul       algorithm lib.lib(bignum.o)
    0x0001071a   0x0000002a   Code   RO         6922    i.mpi_montred       algorithm lib.lib(bignum.o)
    0x00010744   0x00000046   Code   RO         6923    i.mpi_msb           algorithm lib.lib(bignum.o)
    0x0001078a   0x000000c0   Code   RO         6924    i.mpi_mul_int       algorithm lib.lib(bignum.o)
    0x0001084a   0x000000d2   Code   RO         6926    i.mpi_shift_l       algorithm lib.lib(bignum.o)
    0x0001091c   0x000000ec   Code   RO         6927    i.mpi_shift_r       algorithm lib.lib(bignum.o)
    0x00010a08   0x000000e8   Code   RO         6929    i.mpi_sub_abs       algorithm lib.lib(bignum.o)
    0x00010af0   0x00000064   Code   RO         6930    i.mpi_sub_hlp       algorithm lib.lib(bignum.o)
    0x00010b54   0x00000070   Code   RO         6932    i.mpi_sub_mpi       algorithm lib.lib(bignum.o)
    0x00010bc4   0x00000020   Code   RO          500    i.mt_task_init      cot_mt_task.o
    0x00010be4   0x00000034   Code   RO         2200    i.ndigits_in_hex    am_util_stdio.o
    0x00010c18   0x00000024   Code   RO         2201    i.ndigits_in_i64    am_util_stdio.o
    0x00010c3c   0x0000003a   Code   RO         2202    i.ndigits_in_u64    am_util_stdio.o
    0x00010c76   0x00000002   PAD
    0x00010c78   0x00000044   Code   RO         5936    i.open              COT-M_SDK_VFS_LIB.lib(vfs.o)
    0x00010cbc   0x0000005c   Code   RO         1782    i.osalAddTimer      osal_time.o
    0x00010d18   0x00000008   Code   RO         1783    i.osalDeleteTimer   osal_time.o
    0x00010d20   0x00000024   Code   RO         1784    i.osalFindTimer     osal_time.o
    0x00010d44   0x00000038   Code   RO           13    i.osalInitTasks     osal_sample.o
    0x00010d7c   0x00000018   Code   RO         1428    i.osalTimeUpdate    osal.o
    0x00010d94   0x00000014   Code   RO         1785    i.osalTimerInit     osal_time.o
    0x00010da8   0x000000ac   Code   RO         1786    i.osalTimerUpdate   osal_time.o
    0x00010e54   0x00000048   Code   RO         1431    i.osal_clear_event  osal.o
    0x00010e9c   0x0000000c   Code   RO         1731    i.osal_get_system_tick  osal_tick.o
    0x00010ea8   0x0000000c   Code   RO         1732    i.osal_get_systick  osal_tick.o
    0x00010eb4   0x00000024   Code   RO         1432    i.osal_init_system  osal.o
    0x00010ed8   0x00000130   Code   RO         1624    i.osal_mem_alloc    osal_memory.o
    0x00011008   0x00000058   Code   RO         1625    i.osal_mem_free     osal_memory.o
    0x00011060   0x00000070   Code   RO         1626    i.osal_mem_init     osal_memory.o
    0x000110d0   0x0000002c   Code   RO         1627    i.osal_mem_kick     osal_memory.o
    0x000110fc   0x00000014   Code   RO         1438    i.osal_memset       osal.o
    0x00011110   0x0000002c   Code   RO         1439    i.osal_msg_allocate  osal.o
    0x0001113c   0x00000026   Code   RO         1440    i.osal_msg_deallocate  osal.o
    0x00011162   0x00000042   Code   RO         1442    i.osal_msg_enqueue  osal.o
    0x000111a4   0x00000046   Code   RO         1444    i.osal_msg_extract  osal.o
    0x000111ea   0x00000002   PAD
    0x000111ec   0x00000078   Code   RO         1447    i.osal_msg_receive  osal.o
    0x00011264   0x0000005c   Code   RO         1448    i.osal_msg_send     osal.o
    0x000112c0   0x0000002c   Code   RO         1790    i.osal_next_timeout  osal_time.o
    0x000112ec   0x0000000c   Code   RO         1870    i.osal_pwrmgr_device  osal_pwrmgr.o
    0x000112f8   0x00000010   Code   RO         1871    i.osal_pwrmgr_init  osal_pwrmgr.o
    0x00011308   0x00000038   Code   RO         1872    i.osal_pwrmgr_powerconserve  osal_pwrmgr.o
    0x00011340   0x00000058   Code   RO         1873    i.osal_pwrmgr_task_state  osal_pwrmgr.o
    0x00011398   0x00000048   Code   RO         1451    i.osal_set_event    osal.o
    0x000113e0   0x000000a8   Code   RO         1452    i.osal_start_system  osal.o
    0x00011488   0x0000003a   Code   RO         1791    i.osal_start_timerEx  osal_time.o
    0x000114c2   0x0000003a   Code   RO         1792    i.osal_stop_timerEx  osal_time.o
    0x000114fc   0x00000014   Code   RO         1733    i.osal_systick_configuration  osal_tick.o
    0x00011510   0x0000000c   Code   RO         1734    i.osal_systick_reset  osal_tick.o
    0x0001151c   0x00000022   Code   RO         2203    i.padbuffer         am_util_stdio.o
    0x0001153e   0x00000034   Code   RO         5937    i.read              COT-M_SDK_VFS_LIB.lib(vfs.o)
    0x00011572   0x00000002   PAD
    0x00011574   0x00000028   Code   RO         5938    i.register_dev      COT-M_SDK_VFS_LIB.lib(vfs.o)
    0x0001159c   0x0000000e   Code   RO         5147    i.ring_buffer_init  am_hal_uart.o
    0x000115aa   0x00000042   Code   RO         5148    i.ring_buffer_read  am_hal_uart.o
    0x000115ec   0x0000004c   Code   RO         5149    i.ring_buffer_write  am_hal_uart.o
    0x00011638   0x000000fc   Code   RO         6008    i.rsa_public        algorithm lib.lib(rsa.o)
    0x00011734   0x00000018   Code   RO          394    i.sample_app_init   sample_multiple_anchor_app.o
    0x0001174c   0x000008fc   Code   RO          395    i.sample_app_processevent  sample_multiple_anchor_app.o
    0x00012048   0x00000018   Code   RO         2204    i.simple_strlen     am_util_stdio.o
    0x00012060   0x0000008c   Code   RO         2735    i.spi_disable       spi.o
    0x000120ec   0x0000000a   Code   RO         2736    i.spi_init_module   spi.o
    0x000120f6   0x0000006e   Code   RO         7439    i.sqrt              m_wm.l(sqrt.o)
    0x00012164   0x0000004c   Code   RO         2493    i.timerA0_start     hal_timers.o
    0x000121b0   0x00000020   Code   RO         2494    i.timerA0_stop      hal_timers.o
    0x000121d0   0x00000074   Code   RO         2551    i.uart_disable      uart.o
    0x00012244   0x00000094   Code   RO         2552    i.uart_enable       uart.o
    0x000122d8   0x0000000a   Code   RO         2553    i.uart_init_module  uart.o
    0x000122e2   0x0000008a   Code   RO         2205    i.uint64_to_hexstr  am_util_stdio.o
    0x0001236c   0x00000070   Code   RO         2206    i.uint64_to_str     am_util_stdio.o
    0x000123dc   0x00000012   Code   RO         2495    i.wait_ms           hal_timers.o
    0x000123ee   0x00000012   Code   RO         2496    i.wait_us           hal_timers.o
    0x00012400   0x00000034   Code   RO         5939    i.write             COT-M_SDK_VFS_LIB.lib(vfs.o)
    0x00012434   0x0000002c   Code   RO         7740    locale$$code        c_w.l(lc_numeric_c.o)
    0x00012460   0x00000018   Code   RO         7615    x$fpl$basic         fz_wm.l(basic.o)
    0x00012478   0x00000062   Code   RO         7351    x$fpl$d2f           fz_wm.l(d2f.o)
    0x000124da   0x00000002   PAD
    0x000124dc   0x00000150   Code   RO         7353    x$fpl$dadd          fz_wm.l(daddsub_clz.o)
    0x0001262c   0x00000010   Code   RO         7763    x$fpl$dcheck1       fz_wm.l(dcheck1.o)
    0x0001263c   0x00000018   Code   RO         7617    x$fpl$dcmpinf       fz_wm.l(dcmpi.o)
    0x00012654   0x000002b0   Code   RO         7360    x$fpl$ddiv          fz_wm.l(ddiv.o)
    0x00012904   0x0000005e   Code   RO         7363    x$fpl$dfix          fz_wm.l(dfix.o)
    0x00012962   0x00000002   PAD
    0x00012964   0x0000005a   Code   RO         7367    x$fpl$dfixu         fz_wm.l(dfixu.o)
    0x000129be   0x0000002e   Code   RO         7372    x$fpl$dflt          fz_wm.l(dflt_clz.o)
    0x000129ec   0x00000026   Code   RO         7371    x$fpl$dfltu         fz_wm.l(dflt_clz.o)
    0x00012a12   0x00000002   PAD
    0x00012a14   0x00000078   Code   RO         7377    x$fpl$dleqf         fz_wm.l(dleqf.o)
    0x00012a8c   0x00000154   Code   RO         7379    x$fpl$dmul          fz_wm.l(dmul.o)
    0x00012be0   0x0000009c   Code   RO         7619    x$fpl$dnaninf       fz_wm.l(dnaninf.o)
    0x00012c7c   0x0000000c   Code   RO         7621    x$fpl$dretinf       fz_wm.l(dretinf.o)
    0x00012c88   0x0000006c   Code   RO         7381    x$fpl$drleqf        fz_wm.l(drleqf.o)
    0x00012cf4   0x00000016   Code   RO         7354    x$fpl$drsb          fz_wm.l(daddsub_clz.o)
    0x00012d0a   0x00000002   PAD
    0x00012d0c   0x00000198   Code   RO         7623    x$fpl$dsqrt         fz_wm.l(dsqrt_umaal.o)
    0x00012ea4   0x000001d4   Code   RO         7355    x$fpl$dsub          fz_wm.l(daddsub_clz.o)
    0x00013078   0x0000000a   Code   RO         7765    x$fpl$fpinit        fz_wm.l(fpinit.o)
    0x00013082   0x0000000a   Code   RO         7625    x$fpl$fretinf       fz_wm.l(fretinf.o)
    0x0001308c   0x00000004   Code   RO         7383    x$fpl$printf1       fz_wm.l(printf1.o)
    0x00013090   0x00000064   Code   RO         7820    x$fpl$retnan        fz_wm.l(retnan.o)
    0x000130f4   0x0000005c   Code   RO         7627    x$fpl$scalbn        fz_wm.l(scalbn.o)
    0x00013150   0x00000030   Code   RO         7841    x$fpl$trapveneer    fz_wm.l(trapv.o)
    0x00013180   0x00000000   Code   RO         7629    x$fpl$usenofp       fz_wm.l(usenofp.o)
    0x00013180   0x0000000d   Data   RO           15    .constdata          osal_sample.o
    0x0001318d   0x00000003   PAD
    0x00013190   0x00000080   Data   RO         1240    .constdata          rfparamconfig.o
    0x00013210   0x00000080   Data   RO         4678    .constdata          am_hal_mcuctrl.o
    0x00013290   0x000002c4   Data   RO         5515    .constdata          COT-M_SDK_RF_LIB.lib(cot_mac.o)
    0x00013554   0x000000b8   Data   RO         5838    .constdata          COT-M_SDK_RANGING_LIB.lib(cot_ranging.o)
    0x0001360c   0x00000140   Data   RO         6060    .constdata          algorithm lib.lib(sha256.o)
    0x0001374c   0x00000008   Data   RO         6614    .constdata          COT-M_SDK_RF_LIB.lib(sx1280-hal.o)
    0x00013754   0x00000138   Data   RO         6806    .constdata          COT-M_SDK_RF_LIB.lib(cot_mac_protocol_parse.o)
    0x0001388c   0x00000028   Data   RO         7162    .constdata          c_w.l(_printf_hex_int.o)
    0x000138b4   0x00000004   PAD
    0x000138b8   0x00000088   Data   RO         7426    .constdata          m_wm.l(pow.o)
    0x00013940   0x00000008   Data   RO         7648    .constdata          m_wm.l(qnan.o)
    0x00013948   0x00000094   Data   RO         7715    .constdata          c_w.l(bigflt0.o)
    0x000139dc   0x00000044   Data   RO         6728    .constdata__ZTV5Radio  COT-M_SDK_RF_LIB.lib(sx1280-hal.o)
    0x00013a20   0x00000054   Data   RO         6526    .constdata__ZTV6SX1280  COT-M_SDK_RF_LIB.lib(sx1280.o)
    0x00013a74   0x0000005c   Data   RO         6720    .constdata__ZTV9SX1280Hal  COT-M_SDK_RF_LIB.lib(sx1280-hal.o)
    0x00013ad0   0x00000041   Data   RO          638    .conststring        base64.o
    0x00013b11   0x00000003   PAD
    0x00013b14   0x00000005   Data   RO         2555    .conststring        uart.o
    0x00013b19   0x00000003   PAD
    0x00013b1c   0x00000006   Data   RO         2686    .conststring        flash.o
    0x00013b22   0x00000002   PAD
    0x00013b24   0x00000005   Data   RO         2737    .conststring        spi.o
    0x00013b29   0x00000003   PAD
    0x00013b2c   0x00000045   Data   RO         2851    .conststring        gpio.o
    0x00013b71   0x00000003   PAD
    0x00013b74   0x00000005   Data   RO         3197    .conststring        adc.o
    0x00013b79   0x00000003   PAD
    0x00013b7c   0x00000071   Data   RO         4142    .conststring        am_hal_iom.o
    0x00013bed   0x00000003   PAD
    0x00013bf0   0x00000020   Data   RO         7869    Region$$Table       anon$$obj.o
    0x00013c10   0x0000001c   Data   RO         7739    locale$$data        c_w.l(lc_numeric_c.o)
    0x00013c2c   0x00000004   Data   RO         5517    .init_array         COT-M_SDK_RF_LIB.lib(cot_mac.o)
    0x00013c30   0x00000000   Data   RO         7231    .init_array         c_w.l(init_aeabi.o)


    Execution Region SRAM (Base: 0x10000000, Size: 0x00004650, Max: 0x00010000, ABSOLUTE, COMPRESSED[0x000001ec])

    Base Addr    Size         Type   Attr      Idx    E Section Name        Object

    0x10000000   0x00000004   Data   RW           16    .data               osal_sample.o
    0x10000004   0x0000001b   Data   RW          407    .data               sample_multiple_anchor_app.o
    0x1000001f   0x00000003   Data   RW          501    .data               cot_mt_task.o
    0x10000022   0x00000002   PAD
    0x10000024   0x00000008   Data   RW          582    .data               cot_mt_uart.o
    0x1000002c   0x00000004   Data   RW          639    .data               base64.o
    0x10000030   0x00000009   Data   RW          725    .data               cot_mt_key.o
    0x10000039   0x00000004   Data   RW          820    .data               cot_mt_led.o
    0x1000003d   0x00000003   PAD
    0x10000040   0x00000004   Data   RW         1241    .data               rfparamconfig.o
    0x10000044   0x00000005   Data   RW         1454    .data               osal.o
    0x10000049   0x00000003   PAD
    0x1000004c   0x00000018   Data   RW         1629    .data               osal_memory.o
    0x10000064   0x00000008   Data   RW         1794    .data               osal_time.o
    0x1000006c   0x00000008   Data   RW         1874    .data               osal_pwrmgr.o
    0x10000074   0x00000005   Data   RW         2208    .data               am_util_stdio.o
    0x10000079   0x00000003   PAD
    0x1000007c   0x00000010   Data   RW         2497    .data               hal_timers.o
    0x1000008c   0x00000044   Data   RW         2556    .data               uart.o
    0x100000d0   0x00000030   Data   RW         2687    .data               flash.o
    0x10000100   0x0000004c   Data   RW         2738    .data               spi.o
    0x1000014c   0x000001b0   Data   RW         2852    .data               gpio.o
    0x100002fc   0x00000064   Data   RW         3198    .data               adc.o
    0x10000360   0x00000028   Data   RW         3853    .data               am_hal_flash.o
    0x10000388   0x00000014   Data   RW         4143    .data               am_hal_iom.o
    0x1000039c   0x0000000c   Data   RW         5001    .data               am_hal_systick.o
    0x100003a8   0x00000035   Data   RW         5516    .data               COT-M_SDK_RF_LIB.lib(cot_mac.o)
    0x100003dd   0x00000003   PAD
    0x100003e0   0x00000056   Data   RW         5839    .data               COT-M_SDK_RANGING_LIB.lib(cot_ranging.o)
    0x10000436   0x00000002   PAD
    0x10000438   0x0000000a   Data   RW         6807    .data               COT-M_SDK_RF_LIB.lib(cot_mac_protocol_parse.o)
    0x10000442   0x00000006   PAD
    0x10000448   0x000000f0   Zero   RW          406    .bss                sample_multiple_anchor_app.o
    0x10000538   0x00000120   Zero   RW          581    .bss                cot_mt_uart.o
    0x10000658   0x00000028   Zero   RW          819    .bss                cot_mt_led.o
    0x10000680   0x00001000   Zero   RW         1628    .bss                osal_memory.o
    0x10001680   0x00000400   Zero   RW         2207    .bss                am_util_stdio.o
    0x10001a80   0x00000820   Zero   RW         2554    .bss                uart.o
    0x100022a0   0x0000000c   Zero   RW         3502    .bss                am_hal_adc.o
    0x100022ac   0x00000100   Zero   RW         3939    .bss                am_hal_gpio.o
    0x100023ac   0x00000058   Zero   RW         4141    .bss                am_hal_iom.o
    0x10002404   0x00000028   Zero   RW         5150    .bss                am_hal_uart.o
    0x1000242c   0x000002b0   Zero   RW         5514    .bss                COT-M_SDK_RF_LIB.lib(cot_mac.o)
    0x100026dc   0x00000004   PAD
    0x100026e0   0x000006cb   Zero   RW         5837    .bss                COT-M_SDK_RANGING_LIB.lib(cot_ranging.o)
    0x10002dab   0x00000001   PAD
    0x10002dac   0x00000040   Zero   RW         5940    .bss                COT-M_SDK_VFS_LIB.lib(vfs.o)
    0x10002dec   0x00000100   Zero   RW         6059    .bss                algorithm lib.lib(sha256.o)
    0x10002eec   0x00000060   Zero   RW         7650    .bss                c_w.l(libspace.o)
    0x10002f4c   0x00000004   PAD
    0x10002f50   0x00000200   Zero   RW            2    HEAP                startup_keil.o
    0x10003150   0x00001500   Zero   RW            1    STACK               startup_keil.o


==============================================================================

Image component sizes


      Code (inc. data)   RO Data    RW Data    ZI Data      Debug   Object Name

       904         84          5        100          0       6604   adc.o
        38          0          0          0          0        536   am_bsp.o
       292         58          0          0         12       4718   am_hal_adc.o
       146         40          0          0          0       2336   am_hal_clkgen.o
       328         52          0          0          0       5948   am_hal_ctimer.o
         4          0          0          0          0        553   am_hal_debug.o
        94         16          0         40          0       4863   am_hal_flash.o
       352        110          0          0        256       4440   am_hal_gpio.o
       206         20          0          0          0       1789   am_hal_interrupt.o
      3964       1524        113         20         88      20908   am_hal_iom.o
       376         40        128          0          0       4899   am_hal_mcuctrl.o
       102          0          0          0          0       1284   am_hal_queue.o
        68          6          0          0          0       1596   am_hal_rtc.o
        64          8          0          0          0        583   am_hal_sysctrl.o
       106         12          0         12          0       2902   am_hal_systick.o
       794         96          0          0         40      13497   am_hal_uart.o
        12          4          0          0          0        507   am_hal_vcomp.o
        60          6          0          0          0       1158   am_util_delay.o
      1272        784          0          0          0      25565   am_util_faultisr.o
         0          0          0          0          0        396   am_util_plot.o
      2072         36          0          5       1024      11453   am_util_stdio.o
       532          8         65          4          0       2379   base64.o
      2288        300          0          9          0      12443   cot_mt_key.o
      1056         86          0          4         40       8270   cot_mt_led.o
         0          0          0          0          0       4096   cot_mt_oled.o
       950        110          0          3          0      12322   cot_mt_task.o
       688         54          0          8        288       8386   cot_mt_uart.o
       466         46          6         48          0       5063   flash.o
      5050        558         69        432          0      39371   gpio.o
       158          6          0         16          0       2967   hal_timers.o
        96         14          0          0          0       2263   log.o
       822         48          0          5          0      10279   osal.o
       548         74          0         24       4096       5624   osal_memory.o
       172         24          0          8          0       2992   osal_pwrmgr.o
        56          4         13          4          0      17988   osal_sample.o
        56         16          0          0          0       1980   osal_tick.o
       488         34          0          8          0       5892   osal_time.o
      2784         32        128          4          0      28403   rfparamconfig.o
        10          0          0          0          0        484   rtc.o
        52          0          0          0          0        527   sample_main.o
      2952        388          0         27        240      16681   sample_multiple_anchor_app.o
        92         10          0          0          0        588   sleep.o
      1150        118          5         76          0       7795   spi.o
       180        136          0          0       5888       1160   startup_keil.o
       800         76          5         68       2080      10644   uart.o

    ----------------------------------------------------------------------
     32734       5038        592        936      14052     325132   Object Totals
         0          0         32          0          0          0   (incl. Generated)
        34          0         23         11          0          0   (incl. Padding)

    ----------------------------------------------------------------------

      Code (inc. data)   RO Data    RW Data    ZI Data      Debug   Library Member Name

      4364        382        184         86       1739      38933   cot_ranging.o
      6490        654        712         53        688      66315   cot_mac.o
      1394         78        312         10          0      29581   cot_mac_protocol_parse.o
      1214         36        168          0          0      32580   sx1280-hal.o
      4126        114         84          0          0      41496   sx1280.o
       390          8          0          0         64      10236   vfs.o
     11950          0          0          0          0      21145   bignum.o
       364          0          0          0          0       7991   rsa.o
       948         48        320          0        256       5304   sha256.o
        90          0          0          0          0          0   __dczerorl2.o
         8          0          0          0          0         68   __main.o
       284          0          0          0          0        156   __printf_wp.o
         0          0          0          0          0          0   __rtentry.o
        12          0          0          0          0          0   __rtentry2.o
         6          0          0          0          0          0   __rtentry4.o
        52          8          0          0          0          0   __scatter.o
        28          0          0          0          0          0   __scatter_zi.o
        48          6          0          0          0         96   _printf_char_common.o
         6          0          0          0          0          0   _printf_d.o
       120         16          0          0          0         92   _printf_dec.o
         6          0          0          0          0          0   _printf_f.o
      1050          0          0          0          0        216   _printf_fp_dec.o
       128         16          0          0          0         84   _printf_fp_infnan.o
        88          4         40          0          0         88   _printf_hex_int.o
       178          0          0          0          0         88   _printf_intcommon.o
        78          0          0          0          0        108   _printf_pad.o
         0          0          0          0          0          0   _printf_percent.o
         4          0          0          0          0          0   _printf_percent_end.o
         6          0          0          0          0          0   _printf_x.o
        22          0          0          0          0        100   _rserrno.o
        10          0          0          0          0         68   _sputc.o
        16          0          0          0          0         68   aeabi_memset.o
       220          4        148          0          0         96   bigflt0.o
      1910        128          0          0          0        672   btod.o
        10          0          0          0          0         68   defsig_exit.o
        50          0          0          0          0         88   defsig_general.o
        48         34          0          0          0         76   defsig_pvfn_inner.o
        14          0          0          0          0         80   defsig_pvfn_outer.o
        80         58          0          0          0         76   defsig_rtmem_inner.o
        14          0          0          0          0         80   defsig_rtmem_outer.o
        12          0          0          0          0         72   exit.o
        94          0          0          0          0         80   h1_alloc.o
        52          0          0          0          0         68   h1_extend.o
        78          0          0          0          0         80   h1_free.o
        14          0          0          0          0         84   h1_init.o
         6          0          0          0          0        152   heapauxi.o
         4          0          0          0          0        136   hguard.o
         0          0          0          0          0          0   indicate_semi.o
        36         10          0          0          0         80   init_aeabi.o
       138          0          0          0          0        168   init_alloc.o
        44         10         28          0          0         76   lc_numeric_c.o
         2          0          0          0          0          0   libinit.o
        34          0          0          0          0          0   libinit2.o
         2          0          0          0          0          0   libshutdown.o
         8          0          0          0          0          0   libshutdown2.o
         8          4          0          0         96         68   libspace.o
        38          0          0          0          0         68   llshl.o
       138          0          0          0          0         80   lludiv10.o
         0          0          0          0          0          0   maybetermalloc1.o
        88          0          0          0          0         76   memcmp.o
        22          0          0          0          0         76   memset.o
        40          6          0          0          0         84   noretval__2sprintf.o
         8          4          0          0          0         68   rt_ddtor_pointer_addr_intlibspace.o
         8          4          0          0          0         68   rt_errno_addr_intlibspace.o
         8          4          0          0          0         68   rt_heap_descriptor_intlibspace.o
         8          4          0          0          0         68   rt_locale_intlibspace.o
        68          0          0          0          0         68   rt_memclr.o
        78          0          0          0          0         80   rt_memclr_w.o
       138          0          0          0          0         68   rt_memcpy_v6.o
       100          0          0          0          0         80   rt_memcpy_w.o
         2          0          0          0          0          0   rtexit.o
        10          0          0          0          0          0   rtexit2.o
       128          0          0          0          0         68   strcmpv7m.o
        62          0          0          0          0         76   strlen.o
       150          0          0          0          0         80   strncmp.o
        12          4          0          0          0         68   sys_exit.o
        74          0          0          0          0         80   sys_stackheap_outer.o
        14          0          0          0          0         76   sys_wrch.o
         2          0          0          0          0         68   use_no_semi.o
        50          0          0          0          0         84   aeabi_atexit.o
        66          0          0          0          0         84   cxa_finalize.o
         6          0          0          0          0         68   pure_virt.o
        24          0          0          0          0        164   basic.o
        98          4          0          0          0        140   d2f.o
       826         16          0          0          0        492   daddsub_clz.o
        16          4          0          0          0        116   dcheck1.o
        24          0          0          0          0        116   dcmpi.o
       688        140          0          0          0        256   ddiv.o
        94          4          0          0          0        140   dfix.o
        90          4          0          0          0        140   dfixu.o
        84          0          0          0          0        232   dflt_clz.o
       120          4          0          0          0        140   dleqf.o
       340         12          0          0          0        152   dmul.o
       156          4          0          0          0        140   dnaninf.o
        12          0          0          0          0        116   dretinf.o
       108          0          0          0          0        128   drleqf.o
       408         56          0          0          0        168   dsqrt_umaal.o
        10          0          0          0          0        116   fpinit.o
        10          0          0          0          0        116   fretinf.o
         4          0          0          0          0        116   printf1.o
       100          0          0          0          0        116   retnan.o
        92          0          0          0          0        116   scalbn.o
        48          0          0          0          0        116   trapv.o
         0          0          0          0          0          0   usenofp.o
       280         28          0          0          0        156   ceil.o
       108         10          0          0          0        116   ceilf.o
       164         44          0          0          0        620   dunder.o
        24          0          0          0          0        124   fabs.o
       280         28          0          0          0        156   floor.o
        48          0          0          0          0        124   fpclassify.o
       248          0          0          0          0        152   poly.o
      3128        302        136          0          0        356   pow.o
         0          0          8          0          0          0   qnan.o
       110          0          0          0          0        148   sqrt.o

    ----------------------------------------------------------------------
     45474       2308       2144        156       2856     264105   Library Totals
        56          4          4          7         13          0   (incl. Padding)

    ----------------------------------------------------------------------

      Code (inc. data)   RO Data    RW Data    ZI Data      Debug   Library Name

      4364        382        184         86       1739      38933   COT-M_SDK_RANGING_LIB.lib
     13224        882       1276         63        688     169972   COT-M_SDK_RF_LIB.lib
       390          8          0          0         64      10236   COT-M_SDK_VFS_LIB.lib
     13262         48        320          0        256      34440   algorithm lib.lib
      6314        324        216          0         96       5000   c_w.l
       122          0          0          0          0        236   cpprt_w.l
      3352        248          0          0          0       3336   fz_wm.l
      4390        412        144          0          0       1952   m_wm.l

    ----------------------------------------------------------------------
     45474       2308       2144        156       2856     264105   Library Totals

    ----------------------------------------------------------------------

==============================================================================


      Code (inc. data)   RO Data    RW Data    ZI Data      Debug   

     78208       7346       2736       1092      16908     538917   Grand Totals
     78208       7346       2736        492      16908     538917   ELF Image Totals (compressed)
     78208       7346       2736        492          0          0   ROM Totals

==============================================================================

    Total RO  Size (Code + RO Data)                80944 (  79.05kB)
    Total RW  Size (RW Data + ZI Data)             18000 (  17.58kB)
    Total ROM Size (Code + RO Data + RW Data)      81436 (  79.53kB)

==============================================================================

