<html>
<body>
<pre>
<h1>µVision Build Log</h1>
<h2>Tool Versions:</h2>
IDE-Version: ¦ÌVision V5.14.0.0
Copyright (C) 2015 ARM Ltd and ARM Germany GmbH. All rights reserved.
License Information: a Microsoft, Microsoft, LIC=3UUII-T3DLE-16EQV-PMS2E-ENB0L-K7ACI
 
Tool Versions:
Toolchain:       MDK-ARM Professional  Version: 5.14.0.0
Toolchain Path:  D:\keil\ARM\ARMCC\Bin
C Compiler:      Armcc.exe V5.05 update 1 (build 106)
Assembler:       Armasm.exe V5.05 update 1 (build 106)
Linker/Locator:  ArmLink.exe V5.05 update 1 (build 106)
Library Manager: ArmAr.exe V5.05 update 1 (build 106)
Hex Converter:   FromElf.exe V5.05 update 1 (build 106)
CPU DLL:         SARMCM3.DLL V5.14.0.0
Dialog DLL:      DCM.DLL V1.13.1.0
Target DLL:      Segger\JL2CM3.dll V2.99.13.0
Dialog DLL:      TCM.DLL V1.14.4.0
 
<h2>Project:</h2>
C:\Users\Administrator\Desktop\COT-M_SDK_Release_V2\COT-M_SDK.uvprojx
Project File Date:  11/18/2017

<h2>Output:</h2>
Rebuild target 'COT-M_SDK'
assembling startup_keil.s...
compiling osal_sample.cpp...
compiling sample_main.cpp...
compiling sample_multiple_anchor_app.cpp...
src\app\sample_multiple_anchor_app.cpp(173): warning:  #177-D: variable "s_soft_version" was declared but never referenced
  static  uint8_t s_soft_version[4]=    SOFT_VERSION;
src\app\sample_multiple_anchor_app.cpp(175): warning:  #177-D: variable "s_hard_ware_version" was declared but never referenced
  static  uint8_t s_hard_ware_version[2]= HARD_WARE_VERSION;
src\app\sample_multiple_anchor_app.cpp(180): warning:  #177-D: variable "g_start_rng_flag_slave" was declared but never referenced
  static bool g_start_rng_flag_slave = false;
src\app\sample_multiple_anchor_app.cpp: 3 warnings, 0 errors
compiling cot_mt_task.c...
compiling cot_mt_uart.c...
compiling base64.c...
compiling log.c...
compiling cot_mt_key.c...
compiling cot_mt_led.c...
compiling cot_mt_oled.c...
compiling RfParamConfig.cpp...
compiling osal.c...
compiling osal_memory.c...
compiling osal_mutex.c...
compiling osal_tick.c...
compiling osal_time.c...
compiling osal_pwrmgr.c...
compiling am_util_cmdline.c...
compiling am_util_debug.c...
compiling am_util_delay.c...
compiling am_util_faultisr.c...
compiling am_util_math.c...
compiling am_util_plot.c...
compiling am_util_ring_buffer.c...
compiling am_util_stdio.c...
compiling am_util_stopwatch.c...
compiling am_util_string.c...
compiling am_util_stxetx.c...
compiling am_util_tap_detect.c...
compiling am_util_time.c...
compiling hal_timers.c...
compiling uart.c...
compiling flash.c...
compiling spi.c...
compiling gpio.c...
compiling rtc.c...
compiling adc.c...
compiling sleep.c...
compiling iic.c...
compiling spi1.c...
compiling am_bsp.c...
compiling am_hal_adc.c...
compiling am_hal_clkgen.c...
compiling am_hal_ctimer.c...
compiling am_hal_debug.c...
compiling am_hal_flash.c...
compiling am_hal_global.c...
compiling am_hal_gpio.c...
compiling am_hal_i2c_bit_bang.c...
compiling am_hal_interrupt.c...
compiling am_hal_iom.c...
compiling am_hal_ios.c...
compiling am_hal_itm.c...
compiling am_hal_mcuctrl.c...
compiling am_hal_otp.c...
compiling am_hal_queue.c...
compiling am_hal_reset.c...
compiling am_hal_rtc.c...
compiling am_hal_sysctrl.c...
compiling am_hal_systick.c...
compiling am_hal_tpiu.c...
compiling am_hal_uart.c...
compiling am_hal_vcomp.c...
compiling am_hal_wdt.c...
linking...
Program Size: Code=78208 RO-data=2736 RW-data=1092 ZI-data=16908  
After Build - User command #1: fromelf --bin --output bin\COT-M_SDK.bin obj\COT-M_SDK.axf
".\obj\COT-M_SDK.axf" - 0 Error(s), 3 Warning(s).

<h2>Collection of Component include folders:</h2>
  C:\Users\Administrator\Desktop\COT-M_SDK_Release_V2\RTE
  D:\keil\ARM\PACK\AmbiqMicro\Apollo_DFP\0.9.2

<h2>Collection of Component Files used:</h2>
</pre>
</body>
</html>
